<!doctype html public "-//w3c//dtd html 4.0 transitional//en">
<html><head>
<title>Static Call Graph - [..\..\Output\Template.axf]</title></head>
<body><HR>
<H1>Static Call Graph for image ..\..\Output\Template.axf</H1><HR>
<BR><P>#&#060CALLGRAPH&#062# ARM Linker, 5060750: Last Updated: Sat Jan 22 22:08:30 2022
<BR><P>
<H3>Maximum Stack Usage =        364 bytes + Unknown(Cycles, Untraceable Function Pointers)</H3><H3>
Call chain for Maximum Stack Depth:</H3>
main &rArr; ESP8266_ApTcpServer_ConfigTest &rArr; ESP8266_StartOrShutServer &rArr; ESP8266_Cmd &rArr; USART_printf &rArr; itoa
<P>
<H3>
Mutually Recursive functions
</H3> <LI><a href="#[1c]">ADC1_2_IRQHandler</a>&nbsp;&nbsp;&nbsp;&rArr;&nbsp;&nbsp;&nbsp;<a href="#[1c]">ADC1_2_IRQHandler</a><BR>
</UL>
<P>
<H3>
Function Pointers
</H3><UL>
 <LI><a href="#[1c]">ADC1_2_IRQHandler</a> from startup_stm32f10x_hd.o(.text) referenced from startup_stm32f10x_hd.o(RESET)
 <LI><a href="#[39]">ADC3_IRQHandler</a> from startup_stm32f10x_hd.o(.text) referenced from startup_stm32f10x_hd.o(RESET)
 <LI><a href="#[4]">BusFault_Handler</a> from stm32f10x_it.o(.text) referenced from startup_stm32f10x_hd.o(RESET)
 <LI><a href="#[1f]">CAN1_RX1_IRQHandler</a> from startup_stm32f10x_hd.o(.text) referenced from startup_stm32f10x_hd.o(RESET)
 <LI><a href="#[20]">CAN1_SCE_IRQHandler</a> from startup_stm32f10x_hd.o(.text) referenced from startup_stm32f10x_hd.o(RESET)
 <LI><a href="#[15]">DMA1_Channel1_IRQHandler</a> from startup_stm32f10x_hd.o(.text) referenced from startup_stm32f10x_hd.o(RESET)
 <LI><a href="#[16]">DMA1_Channel2_IRQHandler</a> from startup_stm32f10x_hd.o(.text) referenced from startup_stm32f10x_hd.o(RESET)
 <LI><a href="#[17]">DMA1_Channel3_IRQHandler</a> from startup_stm32f10x_hd.o(.text) referenced from startup_stm32f10x_hd.o(RESET)
 <LI><a href="#[18]">DMA1_Channel4_IRQHandler</a> from startup_stm32f10x_hd.o(.text) referenced from startup_stm32f10x_hd.o(RESET)
 <LI><a href="#[19]">DMA1_Channel5_IRQHandler</a> from startup_stm32f10x_hd.o(.text) referenced from startup_stm32f10x_hd.o(RESET)
 <LI><a href="#[1a]">DMA1_Channel6_IRQHandler</a> from startup_stm32f10x_hd.o(.text) referenced from startup_stm32f10x_hd.o(RESET)
 <LI><a href="#[1b]">DMA1_Channel7_IRQHandler</a> from startup_stm32f10x_hd.o(.text) referenced from startup_stm32f10x_hd.o(RESET)
 <LI><a href="#[42]">DMA2_Channel1_IRQHandler</a> from startup_stm32f10x_hd.o(.text) referenced from startup_stm32f10x_hd.o(RESET)
 <LI><a href="#[43]">DMA2_Channel2_IRQHandler</a> from startup_stm32f10x_hd.o(.text) referenced from startup_stm32f10x_hd.o(RESET)
 <LI><a href="#[44]">DMA2_Channel3_IRQHandler</a> from startup_stm32f10x_hd.o(.text) referenced from startup_stm32f10x_hd.o(RESET)
 <LI><a href="#[45]">DMA2_Channel4_5_IRQHandler</a> from startup_stm32f10x_hd.o(.text) referenced from startup_stm32f10x_hd.o(RESET)
 <LI><a href="#[7]">DebugMon_Handler</a> from stm32f10x_it.o(.text) referenced from startup_stm32f10x_hd.o(RESET)
 <LI><a href="#[10]">EXTI0_IRQHandler</a> from startup_stm32f10x_hd.o(.text) referenced from startup_stm32f10x_hd.o(RESET)
 <LI><a href="#[32]">EXTI15_10_IRQHandler</a> from startup_stm32f10x_hd.o(.text) referenced from startup_stm32f10x_hd.o(RESET)
 <LI><a href="#[11]">EXTI1_IRQHandler</a> from startup_stm32f10x_hd.o(.text) referenced from startup_stm32f10x_hd.o(RESET)
 <LI><a href="#[12]">EXTI2_IRQHandler</a> from startup_stm32f10x_hd.o(.text) referenced from startup_stm32f10x_hd.o(RESET)
 <LI><a href="#[13]">EXTI3_IRQHandler</a> from startup_stm32f10x_hd.o(.text) referenced from startup_stm32f10x_hd.o(RESET)
 <LI><a href="#[14]">EXTI4_IRQHandler</a> from startup_stm32f10x_hd.o(.text) referenced from startup_stm32f10x_hd.o(RESET)
 <LI><a href="#[21]">EXTI9_5_IRQHandler</a> from startup_stm32f10x_hd.o(.text) referenced from startup_stm32f10x_hd.o(RESET)
 <LI><a href="#[e]">FLASH_IRQHandler</a> from startup_stm32f10x_hd.o(.text) referenced from startup_stm32f10x_hd.o(RESET)
 <LI><a href="#[3a]">FSMC_IRQHandler</a> from startup_stm32f10x_hd.o(.text) referenced from startup_stm32f10x_hd.o(RESET)
 <LI><a href="#[2]">HardFault_Handler</a> from stm32f10x_it.o(.text) referenced from startup_stm32f10x_hd.o(RESET)
 <LI><a href="#[2a]">I2C1_ER_IRQHandler</a> from startup_stm32f10x_hd.o(.text) referenced from startup_stm32f10x_hd.o(RESET)
 <LI><a href="#[29]">I2C1_EV_IRQHandler</a> from startup_stm32f10x_hd.o(.text) referenced from startup_stm32f10x_hd.o(RESET)
 <LI><a href="#[2c]">I2C2_ER_IRQHandler</a> from startup_stm32f10x_hd.o(.text) referenced from startup_stm32f10x_hd.o(RESET)
 <LI><a href="#[2b]">I2C2_EV_IRQHandler</a> from startup_stm32f10x_hd.o(.text) referenced from startup_stm32f10x_hd.o(RESET)
 <LI><a href="#[3]">MemManage_Handler</a> from stm32f10x_it.o(.text) referenced from startup_stm32f10x_hd.o(RESET)
 <LI><a href="#[1]">NMI_Handler</a> from stm32f10x_it.o(.text) referenced from startup_stm32f10x_hd.o(RESET)
 <LI><a href="#[b]">PVD_IRQHandler</a> from startup_stm32f10x_hd.o(.text) referenced from startup_stm32f10x_hd.o(RESET)
 <LI><a href="#[8]">PendSV_Handler</a> from stm32f10x_it.o(.text) referenced from startup_stm32f10x_hd.o(RESET)
 <LI><a href="#[f]">RCC_IRQHandler</a> from startup_stm32f10x_hd.o(.text) referenced from startup_stm32f10x_hd.o(RESET)
 <LI><a href="#[33]">RTCAlarm_IRQHandler</a> from startup_stm32f10x_hd.o(.text) referenced from startup_stm32f10x_hd.o(RESET)
 <LI><a href="#[d]">RTC_IRQHandler</a> from startup_stm32f10x_hd.o(.text) referenced from startup_stm32f10x_hd.o(RESET)
 <LI><a href="#[0]">Reset_Handler</a> from startup_stm32f10x_hd.o(.text) referenced from startup_stm32f10x_hd.o(RESET)
 <LI><a href="#[3b]">SDIO_IRQHandler</a> from startup_stm32f10x_hd.o(.text) referenced from startup_stm32f10x_hd.o(RESET)
 <LI><a href="#[2d]">SPI1_IRQHandler</a> from startup_stm32f10x_hd.o(.text) referenced from startup_stm32f10x_hd.o(RESET)
 <LI><a href="#[2e]">SPI2_IRQHandler</a> from startup_stm32f10x_hd.o(.text) referenced from startup_stm32f10x_hd.o(RESET)
 <LI><a href="#[3d]">SPI3_IRQHandler</a> from startup_stm32f10x_hd.o(.text) referenced from startup_stm32f10x_hd.o(RESET)
 <LI><a href="#[6]">SVC_Handler</a> from stm32f10x_it.o(.text) referenced from startup_stm32f10x_hd.o(RESET)
 <LI><a href="#[9]">SysTick_Handler</a> from stm32f10x_it.o(.text) referenced from startup_stm32f10x_hd.o(RESET)
 <LI><a href="#[47]">SystemInit</a> from system_stm32f10x.o(.text) referenced from startup_stm32f10x_hd.o(.text)
 <LI><a href="#[c]">TAMPER_IRQHandler</a> from startup_stm32f10x_hd.o(.text) referenced from startup_stm32f10x_hd.o(RESET)
 <LI><a href="#[22]">TIM1_BRK_IRQHandler</a> from startup_stm32f10x_hd.o(.text) referenced from startup_stm32f10x_hd.o(RESET)
 <LI><a href="#[25]">TIM1_CC_IRQHandler</a> from startup_stm32f10x_hd.o(.text) referenced from startup_stm32f10x_hd.o(RESET)
 <LI><a href="#[24]">TIM1_TRG_COM_IRQHandler</a> from startup_stm32f10x_hd.o(.text) referenced from startup_stm32f10x_hd.o(RESET)
 <LI><a href="#[23]">TIM1_UP_IRQHandler</a> from startup_stm32f10x_hd.o(.text) referenced from startup_stm32f10x_hd.o(RESET)
 <LI><a href="#[26]">TIM2_IRQHandler</a> from startup_stm32f10x_hd.o(.text) referenced from startup_stm32f10x_hd.o(RESET)
 <LI><a href="#[27]">TIM3_IRQHandler</a> from startup_stm32f10x_hd.o(.text) referenced from startup_stm32f10x_hd.o(RESET)
 <LI><a href="#[28]">TIM4_IRQHandler</a> from startup_stm32f10x_hd.o(.text) referenced from startup_stm32f10x_hd.o(RESET)
 <LI><a href="#[3c]">TIM5_IRQHandler</a> from startup_stm32f10x_hd.o(.text) referenced from startup_stm32f10x_hd.o(RESET)
 <LI><a href="#[40]">TIM6_IRQHandler</a> from startup_stm32f10x_hd.o(.text) referenced from startup_stm32f10x_hd.o(RESET)
 <LI><a href="#[41]">TIM7_IRQHandler</a> from startup_stm32f10x_hd.o(.text) referenced from startup_stm32f10x_hd.o(RESET)
 <LI><a href="#[35]">TIM8_BRK_IRQHandler</a> from startup_stm32f10x_hd.o(.text) referenced from startup_stm32f10x_hd.o(RESET)
 <LI><a href="#[38]">TIM8_CC_IRQHandler</a> from startup_stm32f10x_hd.o(.text) referenced from startup_stm32f10x_hd.o(RESET)
 <LI><a href="#[37]">TIM8_TRG_COM_IRQHandler</a> from startup_stm32f10x_hd.o(.text) referenced from startup_stm32f10x_hd.o(RESET)
 <LI><a href="#[36]">TIM8_UP_IRQHandler</a> from startup_stm32f10x_hd.o(.text) referenced from startup_stm32f10x_hd.o(RESET)
 <LI><a href="#[3e]">UART4_IRQHandler</a> from startup_stm32f10x_hd.o(.text) referenced from startup_stm32f10x_hd.o(RESET)
 <LI><a href="#[3f]">UART5_IRQHandler</a> from startup_stm32f10x_hd.o(.text) referenced from startup_stm32f10x_hd.o(RESET)
 <LI><a href="#[2f]">USART1_IRQHandler</a> from startup_stm32f10x_hd.o(.text) referenced from startup_stm32f10x_hd.o(RESET)
 <LI><a href="#[30]">USART2_IRQHandler</a> from startup_stm32f10x_hd.o(.text) referenced from startup_stm32f10x_hd.o(RESET)
 <LI><a href="#[31]">USART3_IRQHandler</a> from stm32f10x_it.o(.text) referenced from startup_stm32f10x_hd.o(RESET)
 <LI><a href="#[34]">USBWakeUp_IRQHandler</a> from startup_stm32f10x_hd.o(.text) referenced from startup_stm32f10x_hd.o(RESET)
 <LI><a href="#[1d]">USB_HP_CAN1_TX_IRQHandler</a> from startup_stm32f10x_hd.o(.text) referenced from startup_stm32f10x_hd.o(RESET)
 <LI><a href="#[1e]">USB_LP_CAN1_RX0_IRQHandler</a> from startup_stm32f10x_hd.o(.text) referenced from startup_stm32f10x_hd.o(RESET)
 <LI><a href="#[5]">UsageFault_Handler</a> from stm32f10x_it.o(.text) referenced from startup_stm32f10x_hd.o(RESET)
 <LI><a href="#[a]">WWDG_IRQHandler</a> from startup_stm32f10x_hd.o(.text) referenced from startup_stm32f10x_hd.o(RESET)
 <LI><a href="#[48]">__main</a> from entry.o(.ARM.Collect$$$$00000000) referenced from startup_stm32f10x_hd.o(.text)
 <LI><a href="#[4a]">_sputc</a> from printfa.o(i._sputc) referenced from printfa.o(i.__0sprintf)
 <LI><a href="#[49]">fputc</a> from bsp_usart1.o(.text) referenced from printfa.o(i.__0printf)
 <LI><a href="#[46]">main</a> from main.o(.text) referenced from entry9a.o(.ARM.Collect$$$$0000000B)
</UL>
<P>
<H3>
Global Symbols
</H3>
<P><STRONG><a name="[48]"></a>__main</STRONG> (Thumb, 0 bytes, Stack size unknown bytes, entry.o(.ARM.Collect$$$$00000000))
<BR>[Address Reference Count : 1]<UL><LI> startup_stm32f10x_hd.o(.text)
</UL>
<P><STRONG><a name="[e4]"></a>_main_stk</STRONG> (Thumb, 0 bytes, Stack size unknown bytes, entry2.o(.ARM.Collect$$$$00000001))

<P><STRONG><a name="[4b]"></a>_main_scatterload</STRONG> (Thumb, 0 bytes, Stack size unknown bytes, entry5.o(.ARM.Collect$$$$00000004))
<BR><BR>[Calls]<UL><LI><a href="#[4c]">&gt;&gt;</a>&nbsp;&nbsp;&nbsp;__scatterload
</UL>

<P><STRONG><a name="[dc]"></a>__main_after_scatterload</STRONG> (Thumb, 0 bytes, Stack size unknown bytes, entry5.o(.ARM.Collect$$$$00000004))
<BR><BR>[Called By]<UL><LI><a href="#[4c]">&gt;&gt;</a>&nbsp;&nbsp;&nbsp;__scatterload
</UL>

<P><STRONG><a name="[e5]"></a>_main_clock</STRONG> (Thumb, 0 bytes, Stack size unknown bytes, entry7b.o(.ARM.Collect$$$$00000008))

<P><STRONG><a name="[e6]"></a>_main_cpp_init</STRONG> (Thumb, 0 bytes, Stack size unknown bytes, entry8b.o(.ARM.Collect$$$$0000000A))

<P><STRONG><a name="[e7]"></a>_main_init</STRONG> (Thumb, 0 bytes, Stack size unknown bytes, entry9a.o(.ARM.Collect$$$$0000000B))

<P><STRONG><a name="[e8]"></a>__rt_final_cpp</STRONG> (Thumb, 0 bytes, Stack size unknown bytes, entry10a.o(.ARM.Collect$$$$0000000D))

<P><STRONG><a name="[e9]"></a>__rt_final_exit</STRONG> (Thumb, 0 bytes, Stack size unknown bytes, entry11a.o(.ARM.Collect$$$$0000000F))

<P><STRONG><a name="[0]"></a>Reset_Handler</STRONG> (Thumb, 8 bytes, Stack size 0 bytes, startup_stm32f10x_hd.o(.text))
<BR>[Address Reference Count : 1]<UL><LI> startup_stm32f10x_hd.o(RESET)
</UL>
<P><STRONG><a name="[1c]"></a>ADC1_2_IRQHandler</STRONG> (Thumb, 0 bytes, Stack size 0 bytes, startup_stm32f10x_hd.o(.text))
<BR><BR>[Calls]<UL><LI><a href="#[1c]">&gt;&gt;</a>&nbsp;&nbsp;&nbsp;ADC1_2_IRQHandler
</UL>
<BR>[Called By]<UL><LI><a href="#[1c]">&gt;&gt;</a>&nbsp;&nbsp;&nbsp;ADC1_2_IRQHandler
</UL>
<BR>[Address Reference Count : 1]<UL><LI> startup_stm32f10x_hd.o(RESET)
</UL>
<P><STRONG><a name="[39]"></a>ADC3_IRQHandler</STRONG> (Thumb, 0 bytes, Stack size 0 bytes, startup_stm32f10x_hd.o(.text))
<BR>[Address Reference Count : 1]<UL><LI> startup_stm32f10x_hd.o(RESET)
</UL>
<P><STRONG><a name="[1f]"></a>CAN1_RX1_IRQHandler</STRONG> (Thumb, 0 bytes, Stack size 0 bytes, startup_stm32f10x_hd.o(.text))
<BR>[Address Reference Count : 1]<UL><LI> startup_stm32f10x_hd.o(RESET)
</UL>
<P><STRONG><a name="[20]"></a>CAN1_SCE_IRQHandler</STRONG> (Thumb, 0 bytes, Stack size 0 bytes, startup_stm32f10x_hd.o(.text))
<BR>[Address Reference Count : 1]<UL><LI> startup_stm32f10x_hd.o(RESET)
</UL>
<P><STRONG><a name="[15]"></a>DMA1_Channel1_IRQHandler</STRONG> (Thumb, 0 bytes, Stack size 0 bytes, startup_stm32f10x_hd.o(.text))
<BR>[Address Reference Count : 1]<UL><LI> startup_stm32f10x_hd.o(RESET)
</UL>
<P><STRONG><a name="[16]"></a>DMA1_Channel2_IRQHandler</STRONG> (Thumb, 0 bytes, Stack size 0 bytes, startup_stm32f10x_hd.o(.text))
<BR>[Address Reference Count : 1]<UL><LI> startup_stm32f10x_hd.o(RESET)
</UL>
<P><STRONG><a name="[17]"></a>DMA1_Channel3_IRQHandler</STRONG> (Thumb, 0 bytes, Stack size 0 bytes, startup_stm32f10x_hd.o(.text))
<BR>[Address Reference Count : 1]<UL><LI> startup_stm32f10x_hd.o(RESET)
</UL>
<P><STRONG><a name="[18]"></a>DMA1_Channel4_IRQHandler</STRONG> (Thumb, 0 bytes, Stack size 0 bytes, startup_stm32f10x_hd.o(.text))
<BR>[Address Reference Count : 1]<UL><LI> startup_stm32f10x_hd.o(RESET)
</UL>
<P><STRONG><a name="[19]"></a>DMA1_Channel5_IRQHandler</STRONG> (Thumb, 0 bytes, Stack size 0 bytes, startup_stm32f10x_hd.o(.text))
<BR>[Address Reference Count : 1]<UL><LI> startup_stm32f10x_hd.o(RESET)
</UL>
<P><STRONG><a name="[1a]"></a>DMA1_Channel6_IRQHandler</STRONG> (Thumb, 0 bytes, Stack size 0 bytes, startup_stm32f10x_hd.o(.text))
<BR>[Address Reference Count : 1]<UL><LI> startup_stm32f10x_hd.o(RESET)
</UL>
<P><STRONG><a name="[1b]"></a>DMA1_Channel7_IRQHandler</STRONG> (Thumb, 0 bytes, Stack size 0 bytes, startup_stm32f10x_hd.o(.text))
<BR>[Address Reference Count : 1]<UL><LI> startup_stm32f10x_hd.o(RESET)
</UL>
<P><STRONG><a name="[42]"></a>DMA2_Channel1_IRQHandler</STRONG> (Thumb, 0 bytes, Stack size 0 bytes, startup_stm32f10x_hd.o(.text))
<BR>[Address Reference Count : 1]<UL><LI> startup_stm32f10x_hd.o(RESET)
</UL>
<P><STRONG><a name="[43]"></a>DMA2_Channel2_IRQHandler</STRONG> (Thumb, 0 bytes, Stack size 0 bytes, startup_stm32f10x_hd.o(.text))
<BR>[Address Reference Count : 1]<UL><LI> startup_stm32f10x_hd.o(RESET)
</UL>
<P><STRONG><a name="[44]"></a>DMA2_Channel3_IRQHandler</STRONG> (Thumb, 0 bytes, Stack size 0 bytes, startup_stm32f10x_hd.o(.text))
<BR>[Address Reference Count : 1]<UL><LI> startup_stm32f10x_hd.o(RESET)
</UL>
<P><STRONG><a name="[45]"></a>DMA2_Channel4_5_IRQHandler</STRONG> (Thumb, 0 bytes, Stack size 0 bytes, startup_stm32f10x_hd.o(.text))
<BR>[Address Reference Count : 1]<UL><LI> startup_stm32f10x_hd.o(RESET)
</UL>
<P><STRONG><a name="[10]"></a>EXTI0_IRQHandler</STRONG> (Thumb, 0 bytes, Stack size 0 bytes, startup_stm32f10x_hd.o(.text))
<BR>[Address Reference Count : 1]<UL><LI> startup_stm32f10x_hd.o(RESET)
</UL>
<P><STRONG><a name="[32]"></a>EXTI15_10_IRQHandler</STRONG> (Thumb, 0 bytes, Stack size 0 bytes, startup_stm32f10x_hd.o(.text))
<BR>[Address Reference Count : 1]<UL><LI> startup_stm32f10x_hd.o(RESET)
</UL>
<P><STRONG><a name="[11]"></a>EXTI1_IRQHandler</STRONG> (Thumb, 0 bytes, Stack size 0 bytes, startup_stm32f10x_hd.o(.text))
<BR>[Address Reference Count : 1]<UL><LI> startup_stm32f10x_hd.o(RESET)
</UL>
<P><STRONG><a name="[12]"></a>EXTI2_IRQHandler</STRONG> (Thumb, 0 bytes, Stack size 0 bytes, startup_stm32f10x_hd.o(.text))
<BR>[Address Reference Count : 1]<UL><LI> startup_stm32f10x_hd.o(RESET)
</UL>
<P><STRONG><a name="[13]"></a>EXTI3_IRQHandler</STRONG> (Thumb, 0 bytes, Stack size 0 bytes, startup_stm32f10x_hd.o(.text))
<BR>[Address Reference Count : 1]<UL><LI> startup_stm32f10x_hd.o(RESET)
</UL>
<P><STRONG><a name="[14]"></a>EXTI4_IRQHandler</STRONG> (Thumb, 0 bytes, Stack size 0 bytes, startup_stm32f10x_hd.o(.text))
<BR>[Address Reference Count : 1]<UL><LI> startup_stm32f10x_hd.o(RESET)
</UL>
<P><STRONG><a name="[21]"></a>EXTI9_5_IRQHandler</STRONG> (Thumb, 0 bytes, Stack size 0 bytes, startup_stm32f10x_hd.o(.text))
<BR>[Address Reference Count : 1]<UL><LI> startup_stm32f10x_hd.o(RESET)
</UL>
<P><STRONG><a name="[e]"></a>FLASH_IRQHandler</STRONG> (Thumb, 0 bytes, Stack size 0 bytes, startup_stm32f10x_hd.o(.text))
<BR>[Address Reference Count : 1]<UL><LI> startup_stm32f10x_hd.o(RESET)
</UL>
<P><STRONG><a name="[3a]"></a>FSMC_IRQHandler</STRONG> (Thumb, 0 bytes, Stack size 0 bytes, startup_stm32f10x_hd.o(.text))
<BR>[Address Reference Count : 1]<UL><LI> startup_stm32f10x_hd.o(RESET)
</UL>
<P><STRONG><a name="[2a]"></a>I2C1_ER_IRQHandler</STRONG> (Thumb, 0 bytes, Stack size 0 bytes, startup_stm32f10x_hd.o(.text))
<BR>[Address Reference Count : 1]<UL><LI> startup_stm32f10x_hd.o(RESET)
</UL>
<P><STRONG><a name="[29]"></a>I2C1_EV_IRQHandler</STRONG> (Thumb, 0 bytes, Stack size 0 bytes, startup_stm32f10x_hd.o(.text))
<BR>[Address Reference Count : 1]<UL><LI> startup_stm32f10x_hd.o(RESET)
</UL>
<P><STRONG><a name="[2c]"></a>I2C2_ER_IRQHandler</STRONG> (Thumb, 0 bytes, Stack size 0 bytes, startup_stm32f10x_hd.o(.text))
<BR>[Address Reference Count : 1]<UL><LI> startup_stm32f10x_hd.o(RESET)
</UL>
<P><STRONG><a name="[2b]"></a>I2C2_EV_IRQHandler</STRONG> (Thumb, 0 bytes, Stack size 0 bytes, startup_stm32f10x_hd.o(.text))
<BR>[Address Reference Count : 1]<UL><LI> startup_stm32f10x_hd.o(RESET)
</UL>
<P><STRONG><a name="[b]"></a>PVD_IRQHandler</STRONG> (Thumb, 0 bytes, Stack size 0 bytes, startup_stm32f10x_hd.o(.text))
<BR>[Address Reference Count : 1]<UL><LI> startup_stm32f10x_hd.o(RESET)
</UL>
<P><STRONG><a name="[f]"></a>RCC_IRQHandler</STRONG> (Thumb, 0 bytes, Stack size 0 bytes, startup_stm32f10x_hd.o(.text))
<BR>[Address Reference Count : 1]<UL><LI> startup_stm32f10x_hd.o(RESET)
</UL>
<P><STRONG><a name="[33]"></a>RTCAlarm_IRQHandler</STRONG> (Thumb, 0 bytes, Stack size 0 bytes, startup_stm32f10x_hd.o(.text))
<BR>[Address Reference Count : 1]<UL><LI> startup_stm32f10x_hd.o(RESET)
</UL>
<P><STRONG><a name="[d]"></a>RTC_IRQHandler</STRONG> (Thumb, 0 bytes, Stack size 0 bytes, startup_stm32f10x_hd.o(.text))
<BR>[Address Reference Count : 1]<UL><LI> startup_stm32f10x_hd.o(RESET)
</UL>
<P><STRONG><a name="[3b]"></a>SDIO_IRQHandler</STRONG> (Thumb, 0 bytes, Stack size 0 bytes, startup_stm32f10x_hd.o(.text))
<BR>[Address Reference Count : 1]<UL><LI> startup_stm32f10x_hd.o(RESET)
</UL>
<P><STRONG><a name="[2d]"></a>SPI1_IRQHandler</STRONG> (Thumb, 0 bytes, Stack size 0 bytes, startup_stm32f10x_hd.o(.text))
<BR>[Address Reference Count : 1]<UL><LI> startup_stm32f10x_hd.o(RESET)
</UL>
<P><STRONG><a name="[2e]"></a>SPI2_IRQHandler</STRONG> (Thumb, 0 bytes, Stack size 0 bytes, startup_stm32f10x_hd.o(.text))
<BR>[Address Reference Count : 1]<UL><LI> startup_stm32f10x_hd.o(RESET)
</UL>
<P><STRONG><a name="[3d]"></a>SPI3_IRQHandler</STRONG> (Thumb, 0 bytes, Stack size 0 bytes, startup_stm32f10x_hd.o(.text))
<BR>[Address Reference Count : 1]<UL><LI> startup_stm32f10x_hd.o(RESET)
</UL>
<P><STRONG><a name="[c]"></a>TAMPER_IRQHandler</STRONG> (Thumb, 0 bytes, Stack size 0 bytes, startup_stm32f10x_hd.o(.text))
<BR>[Address Reference Count : 1]<UL><LI> startup_stm32f10x_hd.o(RESET)
</UL>
<P><STRONG><a name="[22]"></a>TIM1_BRK_IRQHandler</STRONG> (Thumb, 0 bytes, Stack size 0 bytes, startup_stm32f10x_hd.o(.text))
<BR>[Address Reference Count : 1]<UL><LI> startup_stm32f10x_hd.o(RESET)
</UL>
<P><STRONG><a name="[25]"></a>TIM1_CC_IRQHandler</STRONG> (Thumb, 0 bytes, Stack size 0 bytes, startup_stm32f10x_hd.o(.text))
<BR>[Address Reference Count : 1]<UL><LI> startup_stm32f10x_hd.o(RESET)
</UL>
<P><STRONG><a name="[24]"></a>TIM1_TRG_COM_IRQHandler</STRONG> (Thumb, 0 bytes, Stack size 0 bytes, startup_stm32f10x_hd.o(.text))
<BR>[Address Reference Count : 1]<UL><LI> startup_stm32f10x_hd.o(RESET)
</UL>
<P><STRONG><a name="[23]"></a>TIM1_UP_IRQHandler</STRONG> (Thumb, 0 bytes, Stack size 0 bytes, startup_stm32f10x_hd.o(.text))
<BR>[Address Reference Count : 1]<UL><LI> startup_stm32f10x_hd.o(RESET)
</UL>
<P><STRONG><a name="[26]"></a>TIM2_IRQHandler</STRONG> (Thumb, 0 bytes, Stack size 0 bytes, startup_stm32f10x_hd.o(.text))
<BR>[Address Reference Count : 1]<UL><LI> startup_stm32f10x_hd.o(RESET)
</UL>
<P><STRONG><a name="[27]"></a>TIM3_IRQHandler</STRONG> (Thumb, 0 bytes, Stack size 0 bytes, startup_stm32f10x_hd.o(.text))
<BR>[Address Reference Count : 1]<UL><LI> startup_stm32f10x_hd.o(RESET)
</UL>
<P><STRONG><a name="[28]"></a>TIM4_IRQHandler</STRONG> (Thumb, 0 bytes, Stack size 0 bytes, startup_stm32f10x_hd.o(.text))
<BR>[Address Reference Count : 1]<UL><LI> startup_stm32f10x_hd.o(RESET)
</UL>
<P><STRONG><a name="[3c]"></a>TIM5_IRQHandler</STRONG> (Thumb, 0 bytes, Stack size 0 bytes, startup_stm32f10x_hd.o(.text))
<BR>[Address Reference Count : 1]<UL><LI> startup_stm32f10x_hd.o(RESET)
</UL>
<P><STRONG><a name="[40]"></a>TIM6_IRQHandler</STRONG> (Thumb, 0 bytes, Stack size 0 bytes, startup_stm32f10x_hd.o(.text))
<BR>[Address Reference Count : 1]<UL><LI> startup_stm32f10x_hd.o(RESET)
</UL>
<P><STRONG><a name="[41]"></a>TIM7_IRQHandler</STRONG> (Thumb, 0 bytes, Stack size 0 bytes, startup_stm32f10x_hd.o(.text))
<BR>[Address Reference Count : 1]<UL><LI> startup_stm32f10x_hd.o(RESET)
</UL>
<P><STRONG><a name="[35]"></a>TIM8_BRK_IRQHandler</STRONG> (Thumb, 0 bytes, Stack size 0 bytes, startup_stm32f10x_hd.o(.text))
<BR>[Address Reference Count : 1]<UL><LI> startup_stm32f10x_hd.o(RESET)
</UL>
<P><STRONG><a name="[38]"></a>TIM8_CC_IRQHandler</STRONG> (Thumb, 0 bytes, Stack size 0 bytes, startup_stm32f10x_hd.o(.text))
<BR>[Address Reference Count : 1]<UL><LI> startup_stm32f10x_hd.o(RESET)
</UL>
<P><STRONG><a name="[37]"></a>TIM8_TRG_COM_IRQHandler</STRONG> (Thumb, 0 bytes, Stack size 0 bytes, startup_stm32f10x_hd.o(.text))
<BR>[Address Reference Count : 1]<UL><LI> startup_stm32f10x_hd.o(RESET)
</UL>
<P><STRONG><a name="[36]"></a>TIM8_UP_IRQHandler</STRONG> (Thumb, 0 bytes, Stack size 0 bytes, startup_stm32f10x_hd.o(.text))
<BR>[Address Reference Count : 1]<UL><LI> startup_stm32f10x_hd.o(RESET)
</UL>
<P><STRONG><a name="[3e]"></a>UART4_IRQHandler</STRONG> (Thumb, 0 bytes, Stack size 0 bytes, startup_stm32f10x_hd.o(.text))
<BR>[Address Reference Count : 1]<UL><LI> startup_stm32f10x_hd.o(RESET)
</UL>
<P><STRONG><a name="[3f]"></a>UART5_IRQHandler</STRONG> (Thumb, 0 bytes, Stack size 0 bytes, startup_stm32f10x_hd.o(.text))
<BR>[Address Reference Count : 1]<UL><LI> startup_stm32f10x_hd.o(RESET)
</UL>
<P><STRONG><a name="[2f]"></a>USART1_IRQHandler</STRONG> (Thumb, 0 bytes, Stack size 0 bytes, startup_stm32f10x_hd.o(.text))
<BR>[Address Reference Count : 1]<UL><LI> startup_stm32f10x_hd.o(RESET)
</UL>
<P><STRONG><a name="[30]"></a>USART2_IRQHandler</STRONG> (Thumb, 0 bytes, Stack size 0 bytes, startup_stm32f10x_hd.o(.text))
<BR>[Address Reference Count : 1]<UL><LI> startup_stm32f10x_hd.o(RESET)
</UL>
<P><STRONG><a name="[34]"></a>USBWakeUp_IRQHandler</STRONG> (Thumb, 0 bytes, Stack size 0 bytes, startup_stm32f10x_hd.o(.text))
<BR>[Address Reference Count : 1]<UL><LI> startup_stm32f10x_hd.o(RESET)
</UL>
<P><STRONG><a name="[1d]"></a>USB_HP_CAN1_TX_IRQHandler</STRONG> (Thumb, 0 bytes, Stack size 0 bytes, startup_stm32f10x_hd.o(.text))
<BR>[Address Reference Count : 1]<UL><LI> startup_stm32f10x_hd.o(RESET)
</UL>
<P><STRONG><a name="[1e]"></a>USB_LP_CAN1_RX0_IRQHandler</STRONG> (Thumb, 0 bytes, Stack size 0 bytes, startup_stm32f10x_hd.o(.text))
<BR>[Address Reference Count : 1]<UL><LI> startup_stm32f10x_hd.o(RESET)
</UL>
<P><STRONG><a name="[a]"></a>WWDG_IRQHandler</STRONG> (Thumb, 0 bytes, Stack size 0 bytes, startup_stm32f10x_hd.o(.text))
<BR>[Address Reference Count : 1]<UL><LI> startup_stm32f10x_hd.o(RESET)
</UL>
<P><STRONG><a name="[47]"></a>SystemInit</STRONG> (Thumb, 78 bytes, Stack size 8 bytes, system_stm32f10x.o(.text))
<BR><BR>[Stack]<UL><LI>Max Depth = 28<LI>Call Chain = SystemInit &rArr; SetSysClock &rArr; SetSysClockTo72
</UL>
<BR>[Calls]<UL><LI><a href="#[4d]">&gt;&gt;</a>&nbsp;&nbsp;&nbsp;SetSysClock
</UL>
<BR>[Address Reference Count : 1]<UL><LI> startup_stm32f10x_hd.o(.text)
</UL>
<P><STRONG><a name="[ea]"></a>SystemCoreClockUpdate</STRONG> (Thumb, 142 bytes, Stack size 8 bytes, system_stm32f10x.o(.text), UNUSED)

<P><STRONG><a name="[79]"></a>NVIC_PriorityGroupConfig</STRONG> (Thumb, 10 bytes, Stack size 0 bytes, misc.o(.text))
<BR><BR>[Called By]<UL><LI><a href="#[78]">&gt;&gt;</a>&nbsp;&nbsp;&nbsp;ESP8266_USART_NVIC_Configuration
</UL>

<P><STRONG><a name="[7a]"></a>NVIC_Init</STRONG> (Thumb, 100 bytes, Stack size 16 bytes, misc.o(.text))
<BR><BR>[Stack]<UL><LI>Max Depth = 16<LI>Call Chain = NVIC_Init
</UL>
<BR>[Called By]<UL><LI><a href="#[78]">&gt;&gt;</a>&nbsp;&nbsp;&nbsp;ESP8266_USART_NVIC_Configuration
</UL>

<P><STRONG><a name="[eb]"></a>NVIC_SetVectorTable</STRONG> (Thumb, 14 bytes, Stack size 0 bytes, misc.o(.text), UNUSED)

<P><STRONG><a name="[ec]"></a>NVIC_SystemLPConfig</STRONG> (Thumb, 34 bytes, Stack size 0 bytes, misc.o(.text), UNUSED)

<P><STRONG><a name="[ed]"></a>SysTick_CLKSourceConfig</STRONG> (Thumb, 40 bytes, Stack size 0 bytes, misc.o(.text), UNUSED)

<P><STRONG><a name="[4f]"></a>ADC_DeInit</STRONG> (Thumb, 78 bytes, Stack size 8 bytes, stm32f10x_adc.o(.text))
<BR><BR>[Stack]<UL><LI>Max Depth = 8<LI>Call Chain = ADC_DeInit
</UL>
<BR>[Calls]<UL><LI><a href="#[50]">&gt;&gt;</a>&nbsp;&nbsp;&nbsp;RCC_APB2PeriphResetCmd
</UL>
<BR>[Called By]<UL><LI><a href="#[62]">&gt;&gt;</a>&nbsp;&nbsp;&nbsp;Adc2_Init
</UL>

<P><STRONG><a name="[ac]"></a>ADC_Init</STRONG> (Thumb, 70 bytes, Stack size 12 bytes, stm32f10x_adc.o(.text))
<BR><BR>[Stack]<UL><LI>Max Depth = 12<LI>Call Chain = ADC_Init
</UL>
<BR>[Called By]<UL><LI><a href="#[b7]">&gt;&gt;</a>&nbsp;&nbsp;&nbsp;ADC3_Mode_Config
<LI><a href="#[a7]">&gt;&gt;</a>&nbsp;&nbsp;&nbsp;ADC1_Mode_Config
<LI><a href="#[62]">&gt;&gt;</a>&nbsp;&nbsp;&nbsp;Adc2_Init
</UL>

<P><STRONG><a name="[ee]"></a>ADC_StructInit</STRONG> (Thumb, 18 bytes, Stack size 0 bytes, stm32f10x_adc.o(.text), UNUSED)

<P><STRONG><a name="[b0]"></a>ADC_Cmd</STRONG> (Thumb, 22 bytes, Stack size 0 bytes, stm32f10x_adc.o(.text))
<BR><BR>[Called By]<UL><LI><a href="#[b7]">&gt;&gt;</a>&nbsp;&nbsp;&nbsp;ADC3_Mode_Config
<LI><a href="#[a7]">&gt;&gt;</a>&nbsp;&nbsp;&nbsp;ADC1_Mode_Config
<LI><a href="#[62]">&gt;&gt;</a>&nbsp;&nbsp;&nbsp;Adc2_Init
</UL>

<P><STRONG><a name="[af]"></a>ADC_DMACmd</STRONG> (Thumb, 22 bytes, Stack size 0 bytes, stm32f10x_adc.o(.text))
<BR><BR>[Called By]<UL><LI><a href="#[b7]">&gt;&gt;</a>&nbsp;&nbsp;&nbsp;ADC3_Mode_Config
<LI><a href="#[a7]">&gt;&gt;</a>&nbsp;&nbsp;&nbsp;ADC1_Mode_Config
</UL>

<P><STRONG><a name="[ef]"></a>ADC_ITConfig</STRONG> (Thumb, 24 bytes, Stack size 8 bytes, stm32f10x_adc.o(.text), UNUSED)

<P><STRONG><a name="[b1]"></a>ADC_ResetCalibration</STRONG> (Thumb, 10 bytes, Stack size 0 bytes, stm32f10x_adc.o(.text))
<BR><BR>[Called By]<UL><LI><a href="#[b7]">&gt;&gt;</a>&nbsp;&nbsp;&nbsp;ADC3_Mode_Config
<LI><a href="#[a7]">&gt;&gt;</a>&nbsp;&nbsp;&nbsp;ADC1_Mode_Config
<LI><a href="#[62]">&gt;&gt;</a>&nbsp;&nbsp;&nbsp;Adc2_Init
</UL>

<P><STRONG><a name="[b2]"></a>ADC_GetResetCalibrationStatus</STRONG> (Thumb, 20 bytes, Stack size 0 bytes, stm32f10x_adc.o(.text))
<BR><BR>[Called By]<UL><LI><a href="#[b7]">&gt;&gt;</a>&nbsp;&nbsp;&nbsp;ADC3_Mode_Config
<LI><a href="#[a7]">&gt;&gt;</a>&nbsp;&nbsp;&nbsp;ADC1_Mode_Config
</UL>

<P><STRONG><a name="[b3]"></a>ADC_StartCalibration</STRONG> (Thumb, 10 bytes, Stack size 0 bytes, stm32f10x_adc.o(.text))
<BR><BR>[Called By]<UL><LI><a href="#[b7]">&gt;&gt;</a>&nbsp;&nbsp;&nbsp;ADC3_Mode_Config
<LI><a href="#[a7]">&gt;&gt;</a>&nbsp;&nbsp;&nbsp;ADC1_Mode_Config
<LI><a href="#[62]">&gt;&gt;</a>&nbsp;&nbsp;&nbsp;Adc2_Init
</UL>

<P><STRONG><a name="[b4]"></a>ADC_GetCalibrationStatus</STRONG> (Thumb, 20 bytes, Stack size 0 bytes, stm32f10x_adc.o(.text))
<BR><BR>[Called By]<UL><LI><a href="#[b7]">&gt;&gt;</a>&nbsp;&nbsp;&nbsp;ADC3_Mode_Config
<LI><a href="#[a7]">&gt;&gt;</a>&nbsp;&nbsp;&nbsp;ADC1_Mode_Config
<LI><a href="#[62]">&gt;&gt;</a>&nbsp;&nbsp;&nbsp;Adc2_Init
</UL>

<P><STRONG><a name="[b5]"></a>ADC_SoftwareStartConvCmd</STRONG> (Thumb, 22 bytes, Stack size 0 bytes, stm32f10x_adc.o(.text))
<BR><BR>[Called By]<UL><LI><a href="#[b8]">&gt;&gt;</a>&nbsp;&nbsp;&nbsp;Get_Adc
<LI><a href="#[b7]">&gt;&gt;</a>&nbsp;&nbsp;&nbsp;ADC3_Mode_Config
<LI><a href="#[a7]">&gt;&gt;</a>&nbsp;&nbsp;&nbsp;ADC1_Mode_Config
</UL>

<P><STRONG><a name="[f0]"></a>ADC_GetSoftwareStartConvStatus</STRONG> (Thumb, 20 bytes, Stack size 0 bytes, stm32f10x_adc.o(.text), UNUSED)

<P><STRONG><a name="[f1]"></a>ADC_DiscModeChannelCountConfig</STRONG> (Thumb, 24 bytes, Stack size 8 bytes, stm32f10x_adc.o(.text), UNUSED)

<P><STRONG><a name="[f2]"></a>ADC_DiscModeCmd</STRONG> (Thumb, 22 bytes, Stack size 0 bytes, stm32f10x_adc.o(.text), UNUSED)

<P><STRONG><a name="[ae]"></a>ADC_RegularChannelConfig</STRONG> (Thumb, 184 bytes, Stack size 20 bytes, stm32f10x_adc.o(.text))
<BR><BR>[Stack]<UL><LI>Max Depth = 20<LI>Call Chain = ADC_RegularChannelConfig
</UL>
<BR>[Called By]<UL><LI><a href="#[b8]">&gt;&gt;</a>&nbsp;&nbsp;&nbsp;Get_Adc
<LI><a href="#[b7]">&gt;&gt;</a>&nbsp;&nbsp;&nbsp;ADC3_Mode_Config
<LI><a href="#[a7]">&gt;&gt;</a>&nbsp;&nbsp;&nbsp;ADC1_Mode_Config
</UL>

<P><STRONG><a name="[f3]"></a>ADC_ExternalTrigConvCmd</STRONG> (Thumb, 22 bytes, Stack size 0 bytes, stm32f10x_adc.o(.text), UNUSED)

<P><STRONG><a name="[ba]"></a>ADC_GetConversionValue</STRONG> (Thumb, 8 bytes, Stack size 0 bytes, stm32f10x_adc.o(.text))
<BR><BR>[Called By]<UL><LI><a href="#[b8]">&gt;&gt;</a>&nbsp;&nbsp;&nbsp;Get_Adc
</UL>

<P><STRONG><a name="[f4]"></a>ADC_GetDualModeConversionValue</STRONG> (Thumb, 8 bytes, Stack size 0 bytes, stm32f10x_adc.o(.text), UNUSED)

<P><STRONG><a name="[f5]"></a>ADC_AutoInjectedConvCmd</STRONG> (Thumb, 22 bytes, Stack size 0 bytes, stm32f10x_adc.o(.text), UNUSED)

<P><STRONG><a name="[f6]"></a>ADC_InjectedDiscModeCmd</STRONG> (Thumb, 22 bytes, Stack size 0 bytes, stm32f10x_adc.o(.text), UNUSED)

<P><STRONG><a name="[f7]"></a>ADC_ExternalTrigInjectedConvConfig</STRONG> (Thumb, 16 bytes, Stack size 0 bytes, stm32f10x_adc.o(.text), UNUSED)

<P><STRONG><a name="[f8]"></a>ADC_ExternalTrigInjectedConvCmd</STRONG> (Thumb, 22 bytes, Stack size 0 bytes, stm32f10x_adc.o(.text), UNUSED)

<P><STRONG><a name="[f9]"></a>ADC_SoftwareStartInjectedConvCmd</STRONG> (Thumb, 22 bytes, Stack size 0 bytes, stm32f10x_adc.o(.text), UNUSED)

<P><STRONG><a name="[fa]"></a>ADC_GetSoftwareStartInjectedConvCmdStatus</STRONG> (Thumb, 20 bytes, Stack size 0 bytes, stm32f10x_adc.o(.text), UNUSED)

<P><STRONG><a name="[fb]"></a>ADC_InjectedChannelConfig</STRONG> (Thumb, 130 bytes, Stack size 20 bytes, stm32f10x_adc.o(.text), UNUSED)

<P><STRONG><a name="[fc]"></a>ADC_InjectedSequencerLengthConfig</STRONG> (Thumb, 24 bytes, Stack size 8 bytes, stm32f10x_adc.o(.text), UNUSED)

<P><STRONG><a name="[fd]"></a>ADC_SetInjectedOffset</STRONG> (Thumb, 20 bytes, Stack size 8 bytes, stm32f10x_adc.o(.text), UNUSED)

<P><STRONG><a name="[fe]"></a>ADC_GetInjectedConversionValue</STRONG> (Thumb, 28 bytes, Stack size 8 bytes, stm32f10x_adc.o(.text), UNUSED)

<P><STRONG><a name="[ff]"></a>ADC_AnalogWatchdogCmd</STRONG> (Thumb, 16 bytes, Stack size 0 bytes, stm32f10x_adc.o(.text), UNUSED)

<P><STRONG><a name="[100]"></a>ADC_AnalogWatchdogThresholdsConfig</STRONG> (Thumb, 6 bytes, Stack size 0 bytes, stm32f10x_adc.o(.text), UNUSED)

<P><STRONG><a name="[101]"></a>ADC_AnalogWatchdogSingleChannelConfig</STRONG> (Thumb, 16 bytes, Stack size 0 bytes, stm32f10x_adc.o(.text), UNUSED)

<P><STRONG><a name="[102]"></a>ADC_TempSensorVrefintCmd</STRONG> (Thumb, 64 bytes, Stack size 0 bytes, stm32f10x_adc.o(.text), UNUSED)

<P><STRONG><a name="[b9]"></a>ADC_GetFlagStatus</STRONG> (Thumb, 18 bytes, Stack size 0 bytes, stm32f10x_adc.o(.text))
<BR><BR>[Called By]<UL><LI><a href="#[b8]">&gt;&gt;</a>&nbsp;&nbsp;&nbsp;Get_Adc
</UL>

<P><STRONG><a name="[103]"></a>ADC_ClearFlag</STRONG> (Thumb, 6 bytes, Stack size 0 bytes, stm32f10x_adc.o(.text), UNUSED)

<P><STRONG><a name="[104]"></a>ADC_GetITStatus</STRONG> (Thumb, 36 bytes, Stack size 16 bytes, stm32f10x_adc.o(.text), UNUSED)

<P><STRONG><a name="[105]"></a>ADC_ClearITPendingBit</STRONG> (Thumb, 10 bytes, Stack size 0 bytes, stm32f10x_adc.o(.text), UNUSED)

<P><STRONG><a name="[51]"></a>DAC_DeInit</STRONG> (Thumb, 22 bytes, Stack size 8 bytes, stm32f10x_dac.o(.text), UNUSED)
<BR><BR>[Calls]<UL><LI><a href="#[52]">&gt;&gt;</a>&nbsp;&nbsp;&nbsp;RCC_APB1PeriphResetCmd
</UL>

<P><STRONG><a name="[bb]"></a>DAC_Init</STRONG> (Thumb, 46 bytes, Stack size 12 bytes, stm32f10x_dac.o(.text))
<BR><BR>[Stack]<UL><LI>Max Depth = 12<LI>Call Chain = DAC_Init
</UL>
<BR>[Called By]<UL><LI><a href="#[60]">&gt;&gt;</a>&nbsp;&nbsp;&nbsp;Dac1_Init
</UL>

<P><STRONG><a name="[106]"></a>DAC_StructInit</STRONG> (Thumb, 12 bytes, Stack size 0 bytes, stm32f10x_dac.o(.text), UNUSED)

<P><STRONG><a name="[bc]"></a>DAC_Cmd</STRONG> (Thumb, 34 bytes, Stack size 0 bytes, stm32f10x_dac.o(.text))
<BR><BR>[Called By]<UL><LI><a href="#[60]">&gt;&gt;</a>&nbsp;&nbsp;&nbsp;Dac1_Init
</UL>

<P><STRONG><a name="[107]"></a>DAC_DMACmd</STRONG> (Thumb, 38 bytes, Stack size 0 bytes, stm32f10x_dac.o(.text), UNUSED)

<P><STRONG><a name="[108]"></a>DAC_SoftwareTriggerCmd</STRONG> (Thumb, 48 bytes, Stack size 8 bytes, stm32f10x_dac.o(.text), UNUSED)

<P><STRONG><a name="[109]"></a>DAC_DualSoftwareTriggerCmd</STRONG> (Thumb, 38 bytes, Stack size 0 bytes, stm32f10x_dac.o(.text), UNUSED)

<P><STRONG><a name="[10a]"></a>DAC_WaveGenerationCmd</STRONG> (Thumb, 36 bytes, Stack size 8 bytes, stm32f10x_dac.o(.text), UNUSED)

<P><STRONG><a name="[bd]"></a>DAC_SetChannel1Data</STRONG> (Thumb, 26 bytes, Stack size 8 bytes, stm32f10x_dac.o(.text))
<BR><BR>[Stack]<UL><LI>Max Depth = 8<LI>Call Chain = DAC_SetChannel1Data
</UL>
<BR>[Called By]<UL><LI><a href="#[64]">&gt;&gt;</a>&nbsp;&nbsp;&nbsp;Dac1_Set_Vol
<LI><a href="#[60]">&gt;&gt;</a>&nbsp;&nbsp;&nbsp;Dac1_Init
</UL>

<P><STRONG><a name="[10b]"></a>DAC_SetChannel2Data</STRONG> (Thumb, 26 bytes, Stack size 8 bytes, stm32f10x_dac.o(.text), UNUSED)

<P><STRONG><a name="[10c]"></a>DAC_SetDualChannelData</STRONG> (Thumb, 32 bytes, Stack size 12 bytes, stm32f10x_dac.o(.text), UNUSED)

<P><STRONG><a name="[10d]"></a>DAC_GetDataOutputValue</STRONG> (Thumb, 32 bytes, Stack size 8 bytes, stm32f10x_dac.o(.text), UNUSED)

<P><STRONG><a name="[a9]"></a>DMA_DeInit</STRONG> (Thumb, 324 bytes, Stack size 0 bytes, stm32f10x_dma.o(.text))
<BR><BR>[Called By]<UL><LI><a href="#[b7]">&gt;&gt;</a>&nbsp;&nbsp;&nbsp;ADC3_Mode_Config
<LI><a href="#[a7]">&gt;&gt;</a>&nbsp;&nbsp;&nbsp;ADC1_Mode_Config
</UL>

<P><STRONG><a name="[aa]"></a>DMA_Init</STRONG> (Thumb, 60 bytes, Stack size 8 bytes, stm32f10x_dma.o(.text))
<BR><BR>[Stack]<UL><LI>Max Depth = 8<LI>Call Chain = DMA_Init
</UL>
<BR>[Called By]<UL><LI><a href="#[b7]">&gt;&gt;</a>&nbsp;&nbsp;&nbsp;ADC3_Mode_Config
<LI><a href="#[a7]">&gt;&gt;</a>&nbsp;&nbsp;&nbsp;ADC1_Mode_Config
</UL>

<P><STRONG><a name="[10e]"></a>DMA_StructInit</STRONG> (Thumb, 26 bytes, Stack size 0 bytes, stm32f10x_dma.o(.text), UNUSED)

<P><STRONG><a name="[ab]"></a>DMA_Cmd</STRONG> (Thumb, 24 bytes, Stack size 0 bytes, stm32f10x_dma.o(.text))
<BR><BR>[Called By]<UL><LI><a href="#[b7]">&gt;&gt;</a>&nbsp;&nbsp;&nbsp;ADC3_Mode_Config
<LI><a href="#[a7]">&gt;&gt;</a>&nbsp;&nbsp;&nbsp;ADC1_Mode_Config
</UL>

<P><STRONG><a name="[10f]"></a>DMA_ITConfig</STRONG> (Thumb, 18 bytes, Stack size 0 bytes, stm32f10x_dma.o(.text), UNUSED)

<P><STRONG><a name="[110]"></a>DMA_SetCurrDataCounter</STRONG> (Thumb, 4 bytes, Stack size 0 bytes, stm32f10x_dma.o(.text), UNUSED)

<P><STRONG><a name="[111]"></a>DMA_GetCurrDataCounter</STRONG> (Thumb, 8 bytes, Stack size 0 bytes, stm32f10x_dma.o(.text), UNUSED)

<P><STRONG><a name="[112]"></a>DMA_GetFlagStatus</STRONG> (Thumb, 40 bytes, Stack size 0 bytes, stm32f10x_dma.o(.text), UNUSED)

<P><STRONG><a name="[113]"></a>DMA_ClearFlag</STRONG> (Thumb, 22 bytes, Stack size 0 bytes, stm32f10x_dma.o(.text), UNUSED)

<P><STRONG><a name="[114]"></a>DMA_GetITStatus</STRONG> (Thumb, 40 bytes, Stack size 0 bytes, stm32f10x_dma.o(.text), UNUSED)

<P><STRONG><a name="[115]"></a>DMA_ClearITPendingBit</STRONG> (Thumb, 22 bytes, Stack size 0 bytes, stm32f10x_dma.o(.text), UNUSED)

<P><STRONG><a name="[53]"></a>GPIO_DeInit</STRONG> (Thumb, 172 bytes, Stack size 8 bytes, stm32f10x_gpio.o(.text), UNUSED)
<BR><BR>[Calls]<UL><LI><a href="#[50]">&gt;&gt;</a>&nbsp;&nbsp;&nbsp;RCC_APB2PeriphResetCmd
</UL>

<P><STRONG><a name="[54]"></a>GPIO_AFIODeInit</STRONG> (Thumb, 20 bytes, Stack size 8 bytes, stm32f10x_gpio.o(.text), UNUSED)
<BR><BR>[Calls]<UL><LI><a href="#[50]">&gt;&gt;</a>&nbsp;&nbsp;&nbsp;RCC_APB2PeriphResetCmd
</UL>

<P><STRONG><a name="[73]"></a>GPIO_Init</STRONG> (Thumb, 278 bytes, Stack size 24 bytes, stm32f10x_gpio.o(.text))
<BR><BR>[Stack]<UL><LI>Max Depth = 24<LI>Call Chain = GPIO_Init
</UL>
<BR>[Called By]<UL><LI><a href="#[b6]">&gt;&gt;</a>&nbsp;&nbsp;&nbsp;ADC3_GPIO_Config
<LI><a href="#[a6]">&gt;&gt;</a>&nbsp;&nbsp;&nbsp;ADC1_GPIO_Config
<LI><a href="#[a4]">&gt;&gt;</a>&nbsp;&nbsp;&nbsp;Beep_GPIO_Config
<LI><a href="#[a3]">&gt;&gt;</a>&nbsp;&nbsp;&nbsp;LED_GPIO_Config
<LI><a href="#[a0]">&gt;&gt;</a>&nbsp;&nbsp;&nbsp;DHT11_Mode_Out_PP
<LI><a href="#[9f]">&gt;&gt;</a>&nbsp;&nbsp;&nbsp;DHT11_Mode_IPU
<LI><a href="#[9e]">&gt;&gt;</a>&nbsp;&nbsp;&nbsp;DHT11_GPIO_Config
<LI><a href="#[7e]">&gt;&gt;</a>&nbsp;&nbsp;&nbsp;ESP8266_GPIO_Config
<LI><a href="#[7b]">&gt;&gt;</a>&nbsp;&nbsp;&nbsp;ESP8266_USART_Config
<LI><a href="#[5a]">&gt;&gt;</a>&nbsp;&nbsp;&nbsp;USARTx_Config
<LI><a href="#[60]">&gt;&gt;</a>&nbsp;&nbsp;&nbsp;Dac1_Init
<LI><a href="#[62]">&gt;&gt;</a>&nbsp;&nbsp;&nbsp;Adc2_Init
</UL>

<P><STRONG><a name="[116]"></a>GPIO_StructInit</STRONG> (Thumb, 16 bytes, Stack size 0 bytes, stm32f10x_gpio.o(.text), UNUSED)

<P><STRONG><a name="[a2]"></a>GPIO_ReadInputDataBit</STRONG> (Thumb, 18 bytes, Stack size 0 bytes, stm32f10x_gpio.o(.text))
<BR><BR>[Called By]<UL><LI><a href="#[a1]">&gt;&gt;</a>&nbsp;&nbsp;&nbsp;DHT11_ReadByte
<LI><a href="#[9b]">&gt;&gt;</a>&nbsp;&nbsp;&nbsp;DHT11_Read_TempAndHumidity
</UL>

<P><STRONG><a name="[117]"></a>GPIO_ReadInputData</STRONG> (Thumb, 8 bytes, Stack size 0 bytes, stm32f10x_gpio.o(.text), UNUSED)

<P><STRONG><a name="[118]"></a>GPIO_ReadOutputDataBit</STRONG> (Thumb, 18 bytes, Stack size 0 bytes, stm32f10x_gpio.o(.text), UNUSED)

<P><STRONG><a name="[119]"></a>GPIO_ReadOutputData</STRONG> (Thumb, 8 bytes, Stack size 0 bytes, stm32f10x_gpio.o(.text), UNUSED)

<P><STRONG><a name="[7f]"></a>GPIO_SetBits</STRONG> (Thumb, 4 bytes, Stack size 0 bytes, stm32f10x_gpio.o(.text))
<BR><BR>[Called By]<UL><LI><a href="#[9b]">&gt;&gt;</a>&nbsp;&nbsp;&nbsp;DHT11_Read_TempAndHumidity
<LI><a href="#[86]">&gt;&gt;</a>&nbsp;&nbsp;&nbsp;ESP8266_AT_Test
<LI><a href="#[81]">&gt;&gt;</a>&nbsp;&nbsp;&nbsp;ESP8266_Rst
<LI><a href="#[5e]">&gt;&gt;</a>&nbsp;&nbsp;&nbsp;LED_Init
<LI><a href="#[5c]">&gt;&gt;</a>&nbsp;&nbsp;&nbsp;ESP8266_Init
<LI><a href="#[6f]">&gt;&gt;</a>&nbsp;&nbsp;&nbsp;ESP8266_CheckRecv_SendDataTest
<LI><a href="#[66]">&gt;&gt;</a>&nbsp;&nbsp;&nbsp;ESP8266_ApTcpServer_ConfigTest
<LI><a href="#[60]">&gt;&gt;</a>&nbsp;&nbsp;&nbsp;Dac1_Init
<LI><a href="#[5d]">&gt;&gt;</a>&nbsp;&nbsp;&nbsp;DHT11_Init
</UL>

<P><STRONG><a name="[80]"></a>GPIO_ResetBits</STRONG> (Thumb, 4 bytes, Stack size 0 bytes, stm32f10x_gpio.o(.text))
<BR><BR>[Called By]<UL><LI><a href="#[9b]">&gt;&gt;</a>&nbsp;&nbsp;&nbsp;DHT11_Read_TempAndHumidity
<LI><a href="#[81]">&gt;&gt;</a>&nbsp;&nbsp;&nbsp;ESP8266_Rst
<LI><a href="#[5c]">&gt;&gt;</a>&nbsp;&nbsp;&nbsp;ESP8266_Init
<LI><a href="#[6f]">&gt;&gt;</a>&nbsp;&nbsp;&nbsp;ESP8266_CheckRecv_SendDataTest
<LI><a href="#[5f]">&gt;&gt;</a>&nbsp;&nbsp;&nbsp;Beep_Init
</UL>

<P><STRONG><a name="[11a]"></a>GPIO_WriteBit</STRONG> (Thumb, 10 bytes, Stack size 0 bytes, stm32f10x_gpio.o(.text), UNUSED)

<P><STRONG><a name="[11b]"></a>GPIO_Write</STRONG> (Thumb, 4 bytes, Stack size 0 bytes, stm32f10x_gpio.o(.text), UNUSED)

<P><STRONG><a name="[11c]"></a>GPIO_PinLockConfig</STRONG> (Thumb, 18 bytes, Stack size 0 bytes, stm32f10x_gpio.o(.text), UNUSED)

<P><STRONG><a name="[11d]"></a>GPIO_EventOutputConfig</STRONG> (Thumb, 26 bytes, Stack size 0 bytes, stm32f10x_gpio.o(.text), UNUSED)

<P><STRONG><a name="[11e]"></a>GPIO_EventOutputCmd</STRONG> (Thumb, 6 bytes, Stack size 0 bytes, stm32f10x_gpio.o(.text), UNUSED)

<P><STRONG><a name="[11f]"></a>GPIO_PinRemapConfig</STRONG> (Thumb, 138 bytes, Stack size 20 bytes, stm32f10x_gpio.o(.text), UNUSED)

<P><STRONG><a name="[120]"></a>GPIO_EXTILineConfig</STRONG> (Thumb, 66 bytes, Stack size 12 bytes, stm32f10x_gpio.o(.text), UNUSED)

<P><STRONG><a name="[121]"></a>GPIO_ETH_MediaInterfaceConfig</STRONG> (Thumb, 8 bytes, Stack size 0 bytes, stm32f10x_gpio.o(.text), UNUSED)

<P><STRONG><a name="[122]"></a>RCC_DeInit</STRONG> (Thumb, 64 bytes, Stack size 0 bytes, stm32f10x_rcc.o(.text), UNUSED)

<P><STRONG><a name="[123]"></a>RCC_HSEConfig</STRONG> (Thumb, 70 bytes, Stack size 0 bytes, stm32f10x_rcc.o(.text), UNUSED)

<P><STRONG><a name="[56]"></a>RCC_GetFlagStatus</STRONG> (Thumb, 56 bytes, Stack size 8 bytes, stm32f10x_rcc.o(.text), UNUSED)
<BR><BR>[Called By]<UL><LI><a href="#[55]">&gt;&gt;</a>&nbsp;&nbsp;&nbsp;RCC_WaitForHSEStartUp
</UL>

<P><STRONG><a name="[55]"></a>RCC_WaitForHSEStartUp</STRONG> (Thumb, 56 bytes, Stack size 16 bytes, stm32f10x_rcc.o(.text), UNUSED)
<BR><BR>[Calls]<UL><LI><a href="#[56]">&gt;&gt;</a>&nbsp;&nbsp;&nbsp;RCC_GetFlagStatus
</UL>

<P><STRONG><a name="[124]"></a>RCC_AdjustHSICalibrationValue</STRONG> (Thumb, 20 bytes, Stack size 0 bytes, stm32f10x_rcc.o(.text), UNUSED)

<P><STRONG><a name="[125]"></a>RCC_HSICmd</STRONG> (Thumb, 6 bytes, Stack size 0 bytes, stm32f10x_rcc.o(.text), UNUSED)

<P><STRONG><a name="[126]"></a>RCC_PLLConfig</STRONG> (Thumb, 24 bytes, Stack size 0 bytes, stm32f10x_rcc.o(.text), UNUSED)

<P><STRONG><a name="[127]"></a>RCC_PLLCmd</STRONG> (Thumb, 6 bytes, Stack size 0 bytes, stm32f10x_rcc.o(.text), UNUSED)

<P><STRONG><a name="[128]"></a>RCC_SYSCLKConfig</STRONG> (Thumb, 18 bytes, Stack size 0 bytes, stm32f10x_rcc.o(.text), UNUSED)

<P><STRONG><a name="[129]"></a>RCC_GetSYSCLKSource</STRONG> (Thumb, 10 bytes, Stack size 0 bytes, stm32f10x_rcc.o(.text), UNUSED)

<P><STRONG><a name="[12a]"></a>RCC_HCLKConfig</STRONG> (Thumb, 18 bytes, Stack size 0 bytes, stm32f10x_rcc.o(.text), UNUSED)

<P><STRONG><a name="[12b]"></a>RCC_PCLK1Config</STRONG> (Thumb, 18 bytes, Stack size 0 bytes, stm32f10x_rcc.o(.text), UNUSED)

<P><STRONG><a name="[12c]"></a>RCC_PCLK2Config</STRONG> (Thumb, 20 bytes, Stack size 0 bytes, stm32f10x_rcc.o(.text), UNUSED)

<P><STRONG><a name="[12d]"></a>RCC_ITConfig</STRONG> (Thumb, 26 bytes, Stack size 0 bytes, stm32f10x_rcc.o(.text), UNUSED)

<P><STRONG><a name="[12e]"></a>RCC_USBCLKConfig</STRONG> (Thumb, 8 bytes, Stack size 0 bytes, stm32f10x_rcc.o(.text), UNUSED)

<P><STRONG><a name="[ad]"></a>RCC_ADCCLKConfig</STRONG> (Thumb, 18 bytes, Stack size 0 bytes, stm32f10x_rcc.o(.text))
<BR><BR>[Called By]<UL><LI><a href="#[b7]">&gt;&gt;</a>&nbsp;&nbsp;&nbsp;ADC3_Mode_Config
<LI><a href="#[a7]">&gt;&gt;</a>&nbsp;&nbsp;&nbsp;ADC1_Mode_Config
<LI><a href="#[62]">&gt;&gt;</a>&nbsp;&nbsp;&nbsp;Adc2_Init
</UL>

<P><STRONG><a name="[12f]"></a>RCC_LSEConfig</STRONG> (Thumb, 50 bytes, Stack size 0 bytes, stm32f10x_rcc.o(.text), UNUSED)

<P><STRONG><a name="[130]"></a>RCC_LSICmd</STRONG> (Thumb, 6 bytes, Stack size 0 bytes, stm32f10x_rcc.o(.text), UNUSED)

<P><STRONG><a name="[131]"></a>RCC_RTCCLKConfig</STRONG> (Thumb, 12 bytes, Stack size 0 bytes, stm32f10x_rcc.o(.text), UNUSED)

<P><STRONG><a name="[132]"></a>RCC_RTCCLKCmd</STRONG> (Thumb, 8 bytes, Stack size 0 bytes, stm32f10x_rcc.o(.text), UNUSED)

<P><STRONG><a name="[59]"></a>RCC_GetClocksFreq</STRONG> (Thumb, 192 bytes, Stack size 12 bytes, stm32f10x_rcc.o(.text))
<BR><BR>[Stack]<UL><LI>Max Depth = 12<LI>Call Chain = RCC_GetClocksFreq
</UL>
<BR>[Called By]<UL><LI><a href="#[58]">&gt;&gt;</a>&nbsp;&nbsp;&nbsp;USART_Init
</UL>

<P><STRONG><a name="[a8]"></a>RCC_AHBPeriphClockCmd</STRONG> (Thumb, 26 bytes, Stack size 0 bytes, stm32f10x_rcc.o(.text))
<BR><BR>[Called By]<UL><LI><a href="#[b7]">&gt;&gt;</a>&nbsp;&nbsp;&nbsp;ADC3_Mode_Config
<LI><a href="#[a7]">&gt;&gt;</a>&nbsp;&nbsp;&nbsp;ADC1_Mode_Config
</UL>

<P><STRONG><a name="[72]"></a>RCC_APB2PeriphClockCmd</STRONG> (Thumb, 26 bytes, Stack size 0 bytes, stm32f10x_rcc.o(.text))
<BR><BR>[Called By]<UL><LI><a href="#[b7]">&gt;&gt;</a>&nbsp;&nbsp;&nbsp;ADC3_Mode_Config
<LI><a href="#[b6]">&gt;&gt;</a>&nbsp;&nbsp;&nbsp;ADC3_GPIO_Config
<LI><a href="#[a7]">&gt;&gt;</a>&nbsp;&nbsp;&nbsp;ADC1_Mode_Config
<LI><a href="#[a6]">&gt;&gt;</a>&nbsp;&nbsp;&nbsp;ADC1_GPIO_Config
<LI><a href="#[a4]">&gt;&gt;</a>&nbsp;&nbsp;&nbsp;Beep_GPIO_Config
<LI><a href="#[a3]">&gt;&gt;</a>&nbsp;&nbsp;&nbsp;LED_GPIO_Config
<LI><a href="#[9e]">&gt;&gt;</a>&nbsp;&nbsp;&nbsp;DHT11_GPIO_Config
<LI><a href="#[7e]">&gt;&gt;</a>&nbsp;&nbsp;&nbsp;ESP8266_GPIO_Config
<LI><a href="#[7b]">&gt;&gt;</a>&nbsp;&nbsp;&nbsp;ESP8266_USART_Config
<LI><a href="#[5a]">&gt;&gt;</a>&nbsp;&nbsp;&nbsp;USARTx_Config
<LI><a href="#[60]">&gt;&gt;</a>&nbsp;&nbsp;&nbsp;Dac1_Init
<LI><a href="#[62]">&gt;&gt;</a>&nbsp;&nbsp;&nbsp;Adc2_Init
</UL>

<P><STRONG><a name="[7c]"></a>RCC_APB1PeriphClockCmd</STRONG> (Thumb, 26 bytes, Stack size 0 bytes, stm32f10x_rcc.o(.text))
<BR><BR>[Called By]<UL><LI><a href="#[7b]">&gt;&gt;</a>&nbsp;&nbsp;&nbsp;ESP8266_USART_Config
<LI><a href="#[60]">&gt;&gt;</a>&nbsp;&nbsp;&nbsp;Dac1_Init
</UL>

<P><STRONG><a name="[50]"></a>RCC_APB2PeriphResetCmd</STRONG> (Thumb, 26 bytes, Stack size 0 bytes, stm32f10x_rcc.o(.text))
<BR><BR>[Called By]<UL><LI><a href="#[57]">&gt;&gt;</a>&nbsp;&nbsp;&nbsp;USART_DeInit
<LI><a href="#[54]">&gt;&gt;</a>&nbsp;&nbsp;&nbsp;GPIO_AFIODeInit
<LI><a href="#[53]">&gt;&gt;</a>&nbsp;&nbsp;&nbsp;GPIO_DeInit
<LI><a href="#[4f]">&gt;&gt;</a>&nbsp;&nbsp;&nbsp;ADC_DeInit
</UL>

<P><STRONG><a name="[52]"></a>RCC_APB1PeriphResetCmd</STRONG> (Thumb, 26 bytes, Stack size 0 bytes, stm32f10x_rcc.o(.text), UNUSED)
<BR><BR>[Called By]<UL><LI><a href="#[57]">&gt;&gt;</a>&nbsp;&nbsp;&nbsp;USART_DeInit
<LI><a href="#[51]">&gt;&gt;</a>&nbsp;&nbsp;&nbsp;DAC_DeInit
</UL>

<P><STRONG><a name="[133]"></a>RCC_BackupResetCmd</STRONG> (Thumb, 8 bytes, Stack size 0 bytes, stm32f10x_rcc.o(.text), UNUSED)

<P><STRONG><a name="[134]"></a>RCC_ClockSecuritySystemCmd</STRONG> (Thumb, 6 bytes, Stack size 0 bytes, stm32f10x_rcc.o(.text), UNUSED)

<P><STRONG><a name="[135]"></a>RCC_MCOConfig</STRONG> (Thumb, 6 bytes, Stack size 0 bytes, stm32f10x_rcc.o(.text), UNUSED)

<P><STRONG><a name="[136]"></a>RCC_ClearFlag</STRONG> (Thumb, 14 bytes, Stack size 0 bytes, stm32f10x_rcc.o(.text), UNUSED)

<P><STRONG><a name="[137]"></a>RCC_GetITStatus</STRONG> (Thumb, 20 bytes, Stack size 0 bytes, stm32f10x_rcc.o(.text), UNUSED)

<P><STRONG><a name="[138]"></a>RCC_ClearITPendingBit</STRONG> (Thumb, 6 bytes, Stack size 0 bytes, stm32f10x_rcc.o(.text), UNUSED)

<P><STRONG><a name="[57]"></a>USART_DeInit</STRONG> (Thumb, 134 bytes, Stack size 8 bytes, stm32f10x_usart.o(.text), UNUSED)
<BR><BR>[Calls]<UL><LI><a href="#[52]">&gt;&gt;</a>&nbsp;&nbsp;&nbsp;RCC_APB1PeriphResetCmd
<LI><a href="#[50]">&gt;&gt;</a>&nbsp;&nbsp;&nbsp;RCC_APB2PeriphResetCmd
</UL>

<P><STRONG><a name="[58]"></a>USART_Init</STRONG> (Thumb, 210 bytes, Stack size 56 bytes, stm32f10x_usart.o(.text))
<BR><BR>[Stack]<UL><LI>Max Depth = 68<LI>Call Chain = USART_Init &rArr; RCC_GetClocksFreq
</UL>
<BR>[Calls]<UL><LI><a href="#[59]">&gt;&gt;</a>&nbsp;&nbsp;&nbsp;RCC_GetClocksFreq
</UL>
<BR>[Called By]<UL><LI><a href="#[7b]">&gt;&gt;</a>&nbsp;&nbsp;&nbsp;ESP8266_USART_Config
<LI><a href="#[5a]">&gt;&gt;</a>&nbsp;&nbsp;&nbsp;USARTx_Config
</UL>

<P><STRONG><a name="[139]"></a>USART_StructInit</STRONG> (Thumb, 24 bytes, Stack size 0 bytes, stm32f10x_usart.o(.text), UNUSED)

<P><STRONG><a name="[13a]"></a>USART_ClockInit</STRONG> (Thumb, 34 bytes, Stack size 8 bytes, stm32f10x_usart.o(.text), UNUSED)

<P><STRONG><a name="[13b]"></a>USART_ClockStructInit</STRONG> (Thumb, 12 bytes, Stack size 0 bytes, stm32f10x_usart.o(.text), UNUSED)

<P><STRONG><a name="[74]"></a>USART_Cmd</STRONG> (Thumb, 24 bytes, Stack size 0 bytes, stm32f10x_usart.o(.text))
<BR><BR>[Called By]<UL><LI><a href="#[7b]">&gt;&gt;</a>&nbsp;&nbsp;&nbsp;ESP8266_USART_Config
<LI><a href="#[5a]">&gt;&gt;</a>&nbsp;&nbsp;&nbsp;USARTx_Config
</UL>

<P><STRONG><a name="[7d]"></a>USART_ITConfig</STRONG> (Thumb, 74 bytes, Stack size 20 bytes, stm32f10x_usart.o(.text))
<BR><BR>[Stack]<UL><LI>Max Depth = 20<LI>Call Chain = USART_ITConfig
</UL>
<BR>[Called By]<UL><LI><a href="#[7b]">&gt;&gt;</a>&nbsp;&nbsp;&nbsp;ESP8266_USART_Config
<LI><a href="#[6f]">&gt;&gt;</a>&nbsp;&nbsp;&nbsp;ESP8266_CheckRecv_SendDataTest
</UL>

<P><STRONG><a name="[13c]"></a>USART_DMACmd</STRONG> (Thumb, 18 bytes, Stack size 0 bytes, stm32f10x_usart.o(.text), UNUSED)

<P><STRONG><a name="[13d]"></a>USART_SetAddress</STRONG> (Thumb, 18 bytes, Stack size 0 bytes, stm32f10x_usart.o(.text), UNUSED)

<P><STRONG><a name="[13e]"></a>USART_WakeUpConfig</STRONG> (Thumb, 18 bytes, Stack size 0 bytes, stm32f10x_usart.o(.text), UNUSED)

<P><STRONG><a name="[13f]"></a>USART_ReceiverWakeUpCmd</STRONG> (Thumb, 24 bytes, Stack size 0 bytes, stm32f10x_usart.o(.text), UNUSED)

<P><STRONG><a name="[140]"></a>USART_LINBreakDetectLengthConfig</STRONG> (Thumb, 18 bytes, Stack size 0 bytes, stm32f10x_usart.o(.text), UNUSED)

<P><STRONG><a name="[141]"></a>USART_LINCmd</STRONG> (Thumb, 24 bytes, Stack size 0 bytes, stm32f10x_usart.o(.text), UNUSED)

<P><STRONG><a name="[75]"></a>USART_SendData</STRONG> (Thumb, 8 bytes, Stack size 0 bytes, stm32f10x_usart.o(.text))
<BR><BR>[Called By]<UL><LI><a href="#[84]">&gt;&gt;</a>&nbsp;&nbsp;&nbsp;USART_printf
<LI><a href="#[49]">&gt;&gt;</a>&nbsp;&nbsp;&nbsp;fputc
</UL>

<P><STRONG><a name="[71]"></a>USART_ReceiveData</STRONG> (Thumb, 10 bytes, Stack size 0 bytes, stm32f10x_usart.o(.text))
<BR><BR>[Called By]<UL><LI><a href="#[77]">&gt;&gt;</a>&nbsp;&nbsp;&nbsp;fgetc
<LI><a href="#[31]">&gt;&gt;</a>&nbsp;&nbsp;&nbsp;USART3_IRQHandler
</UL>

<P><STRONG><a name="[142]"></a>USART_SendBreak</STRONG> (Thumb, 10 bytes, Stack size 0 bytes, stm32f10x_usart.o(.text), UNUSED)

<P><STRONG><a name="[143]"></a>USART_SetGuardTime</STRONG> (Thumb, 16 bytes, Stack size 0 bytes, stm32f10x_usart.o(.text), UNUSED)

<P><STRONG><a name="[144]"></a>USART_SetPrescaler</STRONG> (Thumb, 16 bytes, Stack size 0 bytes, stm32f10x_usart.o(.text), UNUSED)

<P><STRONG><a name="[145]"></a>USART_SmartCardCmd</STRONG> (Thumb, 24 bytes, Stack size 0 bytes, stm32f10x_usart.o(.text), UNUSED)

<P><STRONG><a name="[146]"></a>USART_SmartCardNACKCmd</STRONG> (Thumb, 24 bytes, Stack size 0 bytes, stm32f10x_usart.o(.text), UNUSED)

<P><STRONG><a name="[147]"></a>USART_HalfDuplexCmd</STRONG> (Thumb, 24 bytes, Stack size 0 bytes, stm32f10x_usart.o(.text), UNUSED)

<P><STRONG><a name="[148]"></a>USART_OverSampling8Cmd</STRONG> (Thumb, 22 bytes, Stack size 0 bytes, stm32f10x_usart.o(.text), UNUSED)

<P><STRONG><a name="[149]"></a>USART_OneBitMethodCmd</STRONG> (Thumb, 24 bytes, Stack size 0 bytes, stm32f10x_usart.o(.text), UNUSED)

<P><STRONG><a name="[14a]"></a>USART_IrDAConfig</STRONG> (Thumb, 18 bytes, Stack size 0 bytes, stm32f10x_usart.o(.text), UNUSED)

<P><STRONG><a name="[14b]"></a>USART_IrDACmd</STRONG> (Thumb, 24 bytes, Stack size 0 bytes, stm32f10x_usart.o(.text), UNUSED)

<P><STRONG><a name="[76]"></a>USART_GetFlagStatus</STRONG> (Thumb, 26 bytes, Stack size 0 bytes, stm32f10x_usart.o(.text))
<BR><BR>[Called By]<UL><LI><a href="#[84]">&gt;&gt;</a>&nbsp;&nbsp;&nbsp;USART_printf
<LI><a href="#[77]">&gt;&gt;</a>&nbsp;&nbsp;&nbsp;fgetc
<LI><a href="#[49]">&gt;&gt;</a>&nbsp;&nbsp;&nbsp;fputc
</UL>

<P><STRONG><a name="[14c]"></a>USART_ClearFlag</STRONG> (Thumb, 18 bytes, Stack size 0 bytes, stm32f10x_usart.o(.text), UNUSED)

<P><STRONG><a name="[70]"></a>USART_GetITStatus</STRONG> (Thumb, 84 bytes, Stack size 16 bytes, stm32f10x_usart.o(.text))
<BR><BR>[Stack]<UL><LI>Max Depth = 16<LI>Call Chain = USART_GetITStatus
</UL>
<BR>[Called By]<UL><LI><a href="#[31]">&gt;&gt;</a>&nbsp;&nbsp;&nbsp;USART3_IRQHandler
</UL>

<P><STRONG><a name="[14d]"></a>USART_ClearITPendingBit</STRONG> (Thumb, 52 bytes, Stack size 8 bytes, stm32f10x_usart.o(.text), UNUSED)

<P><STRONG><a name="[14e]"></a>Delay</STRONG> (Thumb, 18 bytes, Stack size 8 bytes, main.o(.text), UNUSED)

<P><STRONG><a name="[46]"></a>main</STRONG> (Thumb, 382 bytes, Stack size 0 bytes, main.o(.text))
<BR><BR>[Stack]<UL><LI>Max Depth = 364<LI>Call Chain = main &rArr; ESP8266_ApTcpServer_ConfigTest &rArr; ESP8266_StartOrShutServer &rArr; ESP8266_Cmd &rArr; USART_printf &rArr; itoa
</UL>
<BR>[Calls]<UL><LI><a href="#[68]">&gt;&gt;</a>&nbsp;&nbsp;&nbsp;__aeabi_ui2f
<LI><a href="#[69]">&gt;&gt;</a>&nbsp;&nbsp;&nbsp;__aeabi_fdiv
<LI><a href="#[6a]">&gt;&gt;</a>&nbsp;&nbsp;&nbsp;__aeabi_f2d
<LI><a href="#[6b]">&gt;&gt;</a>&nbsp;&nbsp;&nbsp;__aeabi_dmul
<LI><a href="#[6c]">&gt;&gt;</a>&nbsp;&nbsp;&nbsp;__aeabi_d2f
<LI><a href="#[5a]">&gt;&gt;</a>&nbsp;&nbsp;&nbsp;USARTx_Config
<LI><a href="#[6d]">&gt;&gt;</a>&nbsp;&nbsp;&nbsp;ORP_Value_get
<LI><a href="#[6e]">&gt;&gt;</a>&nbsp;&nbsp;&nbsp;Liquid_Value_Conversion
<LI><a href="#[5e]">&gt;&gt;</a>&nbsp;&nbsp;&nbsp;LED_Init
<LI><a href="#[67]">&gt;&gt;</a>&nbsp;&nbsp;&nbsp;Get_Adc_Average
<LI><a href="#[5c]">&gt;&gt;</a>&nbsp;&nbsp;&nbsp;ESP8266_Init
<LI><a href="#[6f]">&gt;&gt;</a>&nbsp;&nbsp;&nbsp;ESP8266_CheckRecv_SendDataTest
<LI><a href="#[66]">&gt;&gt;</a>&nbsp;&nbsp;&nbsp;ESP8266_ApTcpServer_ConfigTest
<LI><a href="#[64]">&gt;&gt;</a>&nbsp;&nbsp;&nbsp;Dac1_Set_Vol
<LI><a href="#[60]">&gt;&gt;</a>&nbsp;&nbsp;&nbsp;Dac1_Init
<LI><a href="#[5d]">&gt;&gt;</a>&nbsp;&nbsp;&nbsp;DHT11_Init
<LI><a href="#[5b]">&gt;&gt;</a>&nbsp;&nbsp;&nbsp;CPU_TS_TmrInit
<LI><a href="#[5f]">&gt;&gt;</a>&nbsp;&nbsp;&nbsp;Beep_Init
<LI><a href="#[62]">&gt;&gt;</a>&nbsp;&nbsp;&nbsp;Adc2_Init
<LI><a href="#[63]">&gt;&gt;</a>&nbsp;&nbsp;&nbsp;ADC3_Init
<LI><a href="#[61]">&gt;&gt;</a>&nbsp;&nbsp;&nbsp;ADC1_Init
<LI><a href="#[65]">&gt;&gt;</a>&nbsp;&nbsp;&nbsp;__2printf
</UL>
<BR>[Address Reference Count : 1]<UL><LI> entry9a.o(.ARM.Collect$$$$0000000B)
</UL>
<P><STRONG><a name="[1]"></a>NMI_Handler</STRONG> (Thumb, 2 bytes, Stack size 0 bytes, stm32f10x_it.o(.text))
<BR>[Address Reference Count : 1]<UL><LI> startup_stm32f10x_hd.o(RESET)
</UL>
<P><STRONG><a name="[2]"></a>HardFault_Handler</STRONG> (Thumb, 4 bytes, Stack size 0 bytes, stm32f10x_it.o(.text))
<BR>[Address Reference Count : 1]<UL><LI> startup_stm32f10x_hd.o(RESET)
</UL>
<P><STRONG><a name="[3]"></a>MemManage_Handler</STRONG> (Thumb, 4 bytes, Stack size 0 bytes, stm32f10x_it.o(.text))
<BR>[Address Reference Count : 1]<UL><LI> startup_stm32f10x_hd.o(RESET)
</UL>
<P><STRONG><a name="[4]"></a>BusFault_Handler</STRONG> (Thumb, 4 bytes, Stack size 0 bytes, stm32f10x_it.o(.text))
<BR>[Address Reference Count : 1]<UL><LI> startup_stm32f10x_hd.o(RESET)
</UL>
<P><STRONG><a name="[5]"></a>UsageFault_Handler</STRONG> (Thumb, 4 bytes, Stack size 0 bytes, stm32f10x_it.o(.text))
<BR>[Address Reference Count : 1]<UL><LI> startup_stm32f10x_hd.o(RESET)
</UL>
<P><STRONG><a name="[6]"></a>SVC_Handler</STRONG> (Thumb, 2 bytes, Stack size 0 bytes, stm32f10x_it.o(.text))
<BR>[Address Reference Count : 1]<UL><LI> startup_stm32f10x_hd.o(RESET)
</UL>
<P><STRONG><a name="[7]"></a>DebugMon_Handler</STRONG> (Thumb, 2 bytes, Stack size 0 bytes, stm32f10x_it.o(.text))
<BR>[Address Reference Count : 1]<UL><LI> startup_stm32f10x_hd.o(RESET)
</UL>
<P><STRONG><a name="[8]"></a>PendSV_Handler</STRONG> (Thumb, 2 bytes, Stack size 0 bytes, stm32f10x_it.o(.text))
<BR>[Address Reference Count : 1]<UL><LI> startup_stm32f10x_hd.o(RESET)
</UL>
<P><STRONG><a name="[9]"></a>SysTick_Handler</STRONG> (Thumb, 2 bytes, Stack size 0 bytes, stm32f10x_it.o(.text))
<BR>[Address Reference Count : 1]<UL><LI> startup_stm32f10x_hd.o(RESET)
</UL>
<P><STRONG><a name="[31]"></a>USART3_IRQHandler</STRONG> (Thumb, 112 bytes, Stack size 8 bytes, stm32f10x_it.o(.text))
<BR><BR>[Stack]<UL><LI>Max Depth = 24<LI>Call Chain = USART3_IRQHandler &rArr; USART_GetITStatus
</UL>
<BR>[Calls]<UL><LI><a href="#[70]">&gt;&gt;</a>&nbsp;&nbsp;&nbsp;USART_GetITStatus
<LI><a href="#[71]">&gt;&gt;</a>&nbsp;&nbsp;&nbsp;USART_ReceiveData
</UL>
<BR>[Address Reference Count : 1]<UL><LI> startup_stm32f10x_hd.o(RESET)
</UL>
<P><STRONG><a name="[5a]"></a>USARTx_Config</STRONG> (Thumb, 120 bytes, Stack size 24 bytes, bsp_usart1.o(.text))
<BR><BR>[Stack]<UL><LI>Max Depth = 92<LI>Call Chain = USARTx_Config &rArr; USART_Init &rArr; RCC_GetClocksFreq
</UL>
<BR>[Calls]<UL><LI><a href="#[74]">&gt;&gt;</a>&nbsp;&nbsp;&nbsp;USART_Cmd
<LI><a href="#[58]">&gt;&gt;</a>&nbsp;&nbsp;&nbsp;USART_Init
<LI><a href="#[72]">&gt;&gt;</a>&nbsp;&nbsp;&nbsp;RCC_APB2PeriphClockCmd
<LI><a href="#[73]">&gt;&gt;</a>&nbsp;&nbsp;&nbsp;GPIO_Init
</UL>
<BR>[Called By]<UL><LI><a href="#[46]">&gt;&gt;</a>&nbsp;&nbsp;&nbsp;main
</UL>

<P><STRONG><a name="[49]"></a>fputc</STRONG> (Thumb, 32 bytes, Stack size 16 bytes, bsp_usart1.o(.text))
<BR><BR>[Stack]<UL><LI>Max Depth = 16<LI>Call Chain = fputc
</UL>
<BR>[Calls]<UL><LI><a href="#[76]">&gt;&gt;</a>&nbsp;&nbsp;&nbsp;USART_GetFlagStatus
<LI><a href="#[75]">&gt;&gt;</a>&nbsp;&nbsp;&nbsp;USART_SendData
</UL>
<BR>[Address Reference Count : 1]<UL><LI> printfa.o(i.__0printf)
</UL>
<P><STRONG><a name="[77]"></a>fgetc</STRONG> (Thumb, 26 bytes, Stack size 8 bytes, bsp_usart1.o(.text), UNUSED)
<BR><BR>[Calls]<UL><LI><a href="#[76]">&gt;&gt;</a>&nbsp;&nbsp;&nbsp;USART_GetFlagStatus
<LI><a href="#[71]">&gt;&gt;</a>&nbsp;&nbsp;&nbsp;USART_ReceiveData
</UL>

<P><STRONG><a name="[5c]"></a>ESP8266_Init</STRONG> (Thumb, 32 bytes, Stack size 8 bytes, bsp_esp8266.o(.text))
<BR><BR>[Stack]<UL><LI>Max Depth = 100<LI>Call Chain = ESP8266_Init &rArr; ESP8266_USART_Config &rArr; USART_Init &rArr; RCC_GetClocksFreq
</UL>
<BR>[Calls]<UL><LI><a href="#[80]">&gt;&gt;</a>&nbsp;&nbsp;&nbsp;GPIO_ResetBits
<LI><a href="#[7f]">&gt;&gt;</a>&nbsp;&nbsp;&nbsp;GPIO_SetBits
<LI><a href="#[7e]">&gt;&gt;</a>&nbsp;&nbsp;&nbsp;ESP8266_GPIO_Config
<LI><a href="#[7b]">&gt;&gt;</a>&nbsp;&nbsp;&nbsp;ESP8266_USART_Config
</UL>
<BR>[Called By]<UL><LI><a href="#[46]">&gt;&gt;</a>&nbsp;&nbsp;&nbsp;main
</UL>

<P><STRONG><a name="[81]"></a>ESP8266_Rst</STRONG> (Thumb, 30 bytes, Stack size 8 bytes, bsp_esp8266.o(.text))
<BR><BR>[Stack]<UL><LI>Max Depth = 24<LI>Call Chain = ESP8266_Rst &rArr; CPU_TS_Tmr_Delay_US
</UL>
<BR>[Calls]<UL><LI><a href="#[80]">&gt;&gt;</a>&nbsp;&nbsp;&nbsp;GPIO_ResetBits
<LI><a href="#[7f]">&gt;&gt;</a>&nbsp;&nbsp;&nbsp;GPIO_SetBits
<LI><a href="#[82]">&gt;&gt;</a>&nbsp;&nbsp;&nbsp;CPU_TS_Tmr_Delay_US
</UL>
<BR>[Called By]<UL><LI><a href="#[86]">&gt;&gt;</a>&nbsp;&nbsp;&nbsp;ESP8266_AT_Test
</UL>

<P><STRONG><a name="[83]"></a>ESP8266_Cmd</STRONG> (Thumb, 170 bytes, Stack size 24 bytes, bsp_esp8266.o(.text))
<BR><BR>[Stack]<UL><LI>Max Depth = 100<LI>Call Chain = ESP8266_Cmd &rArr; USART_printf &rArr; itoa
</UL>
<BR>[Calls]<UL><LI><a href="#[85]">&gt;&gt;</a>&nbsp;&nbsp;&nbsp;strstr
<LI><a href="#[84]">&gt;&gt;</a>&nbsp;&nbsp;&nbsp;USART_printf
<LI><a href="#[82]">&gt;&gt;</a>&nbsp;&nbsp;&nbsp;CPU_TS_Tmr_Delay_US
<LI><a href="#[65]">&gt;&gt;</a>&nbsp;&nbsp;&nbsp;__2printf
</UL>
<BR>[Called By]<UL><LI><a href="#[99]">&gt;&gt;</a>&nbsp;&nbsp;&nbsp;ESP8266_CIPSTA
<LI><a href="#[98]">&gt;&gt;</a>&nbsp;&nbsp;&nbsp;ESP8266_CIPAP
<LI><a href="#[97]">&gt;&gt;</a>&nbsp;&nbsp;&nbsp;ESP8266_CWLIF
<LI><a href="#[95]">&gt;&gt;</a>&nbsp;&nbsp;&nbsp;ESP8266_SendString
<LI><a href="#[93]">&gt;&gt;</a>&nbsp;&nbsp;&nbsp;ESP8266_UnvarnishSend
<LI><a href="#[92]">&gt;&gt;</a>&nbsp;&nbsp;&nbsp;ESP8266_Inquire_StaIp
<LI><a href="#[91]">&gt;&gt;</a>&nbsp;&nbsp;&nbsp;ESP8266_Inquire_ApIp
<LI><a href="#[90]">&gt;&gt;</a>&nbsp;&nbsp;&nbsp;ESP8266_Get_IdLinkStatus
<LI><a href="#[8f]">&gt;&gt;</a>&nbsp;&nbsp;&nbsp;ESP8266_Get_LinkStatus
<LI><a href="#[8e]">&gt;&gt;</a>&nbsp;&nbsp;&nbsp;ESP8266_StartOrShutServer
<LI><a href="#[8c]">&gt;&gt;</a>&nbsp;&nbsp;&nbsp;ESP8266_Link_Server
<LI><a href="#[8b]">&gt;&gt;</a>&nbsp;&nbsp;&nbsp;ESP8266_Enable_MultipleId
<LI><a href="#[8a]">&gt;&gt;</a>&nbsp;&nbsp;&nbsp;ESP8266_BuildAP
<LI><a href="#[88]">&gt;&gt;</a>&nbsp;&nbsp;&nbsp;ESP8266_JoinAP
<LI><a href="#[87]">&gt;&gt;</a>&nbsp;&nbsp;&nbsp;ESP8266_Net_Mode_Choose
<LI><a href="#[86]">&gt;&gt;</a>&nbsp;&nbsp;&nbsp;ESP8266_AT_Test
</UL>

<P><STRONG><a name="[86]"></a>ESP8266_AT_Test</STRONG> (Thumb, 80 bytes, Stack size 8 bytes, bsp_esp8266.o(.text))
<BR><BR>[Stack]<UL><LI>Max Depth = 108<LI>Call Chain = ESP8266_AT_Test &rArr; ESP8266_Cmd &rArr; USART_printf &rArr; itoa
</UL>
<BR>[Calls]<UL><LI><a href="#[7f]">&gt;&gt;</a>&nbsp;&nbsp;&nbsp;GPIO_SetBits
<LI><a href="#[82]">&gt;&gt;</a>&nbsp;&nbsp;&nbsp;CPU_TS_Tmr_Delay_US
<LI><a href="#[83]">&gt;&gt;</a>&nbsp;&nbsp;&nbsp;ESP8266_Cmd
<LI><a href="#[81]">&gt;&gt;</a>&nbsp;&nbsp;&nbsp;ESP8266_Rst
<LI><a href="#[65]">&gt;&gt;</a>&nbsp;&nbsp;&nbsp;__2printf
</UL>
<BR>[Called By]<UL><LI><a href="#[66]">&gt;&gt;</a>&nbsp;&nbsp;&nbsp;ESP8266_ApTcpServer_ConfigTest
</UL>

<P><STRONG><a name="[87]"></a>ESP8266_Net_Mode_Choose</STRONG> (Thumb, 68 bytes, Stack size 8 bytes, bsp_esp8266.o(.text))
<BR><BR>[Stack]<UL><LI>Max Depth = 108<LI>Call Chain = ESP8266_Net_Mode_Choose &rArr; ESP8266_Cmd &rArr; USART_printf &rArr; itoa
</UL>
<BR>[Calls]<UL><LI><a href="#[83]">&gt;&gt;</a>&nbsp;&nbsp;&nbsp;ESP8266_Cmd
</UL>
<BR>[Called By]<UL><LI><a href="#[66]">&gt;&gt;</a>&nbsp;&nbsp;&nbsp;ESP8266_ApTcpServer_ConfigTest
</UL>

<P><STRONG><a name="[88]"></a>ESP8266_JoinAP</STRONG> (Thumb, 38 bytes, Stack size 136 bytes, bsp_esp8266.o(.text), UNUSED)
<BR><BR>[Calls]<UL><LI><a href="#[83]">&gt;&gt;</a>&nbsp;&nbsp;&nbsp;ESP8266_Cmd
<LI><a href="#[89]">&gt;&gt;</a>&nbsp;&nbsp;&nbsp;__2sprintf
</UL>

<P><STRONG><a name="[8a]"></a>ESP8266_BuildAP</STRONG> (Thumb, 42 bytes, Stack size 144 bytes, bsp_esp8266.o(.text))
<BR><BR>[Stack]<UL><LI>Max Depth = 244<LI>Call Chain = ESP8266_BuildAP &rArr; ESP8266_Cmd &rArr; USART_printf &rArr; itoa
</UL>
<BR>[Calls]<UL><LI><a href="#[83]">&gt;&gt;</a>&nbsp;&nbsp;&nbsp;ESP8266_Cmd
<LI><a href="#[89]">&gt;&gt;</a>&nbsp;&nbsp;&nbsp;__2sprintf
</UL>
<BR>[Called By]<UL><LI><a href="#[66]">&gt;&gt;</a>&nbsp;&nbsp;&nbsp;ESP8266_ApTcpServer_ConfigTest
</UL>

<P><STRONG><a name="[8b]"></a>ESP8266_Enable_MultipleId</STRONG> (Thumb, 42 bytes, Stack size 32 bytes, bsp_esp8266.o(.text))
<BR><BR>[Stack]<UL><LI>Max Depth = 132<LI>Call Chain = ESP8266_Enable_MultipleId &rArr; ESP8266_Cmd &rArr; USART_printf &rArr; itoa
</UL>
<BR>[Calls]<UL><LI><a href="#[83]">&gt;&gt;</a>&nbsp;&nbsp;&nbsp;ESP8266_Cmd
<LI><a href="#[89]">&gt;&gt;</a>&nbsp;&nbsp;&nbsp;__2sprintf
</UL>
<BR>[Called By]<UL><LI><a href="#[66]">&gt;&gt;</a>&nbsp;&nbsp;&nbsp;ESP8266_ApTcpServer_ConfigTest
</UL>

<P><STRONG><a name="[8c]"></a>ESP8266_Link_Server</STRONG> (Thumb, 110 bytes, Stack size 248 bytes, bsp_esp8266.o(.text), UNUSED)
<BR><BR>[Calls]<UL><LI><a href="#[8d]">&gt;&gt;</a>&nbsp;&nbsp;&nbsp;__aeabi_memclr4
<LI><a href="#[83]">&gt;&gt;</a>&nbsp;&nbsp;&nbsp;ESP8266_Cmd
<LI><a href="#[89]">&gt;&gt;</a>&nbsp;&nbsp;&nbsp;__2sprintf
</UL>

<P><STRONG><a name="[8e]"></a>ESP8266_StartOrShutServer</STRONG> (Thumb, 104 bytes, Stack size 256 bytes, bsp_esp8266.o(.text))
<BR><BR>[Stack]<UL><LI>Max Depth = 356<LI>Call Chain = ESP8266_StartOrShutServer &rArr; ESP8266_Cmd &rArr; USART_printf &rArr; itoa
</UL>
<BR>[Calls]<UL><LI><a href="#[83]">&gt;&gt;</a>&nbsp;&nbsp;&nbsp;ESP8266_Cmd
<LI><a href="#[89]">&gt;&gt;</a>&nbsp;&nbsp;&nbsp;__2sprintf
</UL>
<BR>[Called By]<UL><LI><a href="#[66]">&gt;&gt;</a>&nbsp;&nbsp;&nbsp;ESP8266_ApTcpServer_ConfigTest
</UL>

<P><STRONG><a name="[8f]"></a>ESP8266_Get_LinkStatus</STRONG> (Thumb, 64 bytes, Stack size 8 bytes, bsp_esp8266.o(.text), UNUSED)
<BR><BR>[Calls]<UL><LI><a href="#[85]">&gt;&gt;</a>&nbsp;&nbsp;&nbsp;strstr
<LI><a href="#[83]">&gt;&gt;</a>&nbsp;&nbsp;&nbsp;ESP8266_Cmd
</UL>

<P><STRONG><a name="[90]"></a>ESP8266_Get_IdLinkStatus</STRONG> (Thumb, 532 bytes, Stack size 8 bytes, bsp_esp8266.o(.text), UNUSED)
<BR><BR>[Calls]<UL><LI><a href="#[85]">&gt;&gt;</a>&nbsp;&nbsp;&nbsp;strstr
<LI><a href="#[83]">&gt;&gt;</a>&nbsp;&nbsp;&nbsp;ESP8266_Cmd
</UL>

<P><STRONG><a name="[91]"></a>ESP8266_Inquire_ApIp</STRONG> (Thumb, 80 bytes, Stack size 24 bytes, bsp_esp8266.o(.text))
<BR><BR>[Stack]<UL><LI>Max Depth = 124<LI>Call Chain = ESP8266_Inquire_ApIp &rArr; ESP8266_Cmd &rArr; USART_printf &rArr; itoa
</UL>
<BR>[Calls]<UL><LI><a href="#[85]">&gt;&gt;</a>&nbsp;&nbsp;&nbsp;strstr
<LI><a href="#[83]">&gt;&gt;</a>&nbsp;&nbsp;&nbsp;ESP8266_Cmd
</UL>
<BR>[Called By]<UL><LI><a href="#[66]">&gt;&gt;</a>&nbsp;&nbsp;&nbsp;ESP8266_ApTcpServer_ConfigTest
</UL>

<P><STRONG><a name="[92]"></a>ESP8266_Inquire_StaIp</STRONG> (Thumb, 80 bytes, Stack size 24 bytes, bsp_esp8266.o(.text), UNUSED)
<BR><BR>[Calls]<UL><LI><a href="#[85]">&gt;&gt;</a>&nbsp;&nbsp;&nbsp;strstr
<LI><a href="#[83]">&gt;&gt;</a>&nbsp;&nbsp;&nbsp;ESP8266_Cmd
</UL>

<P><STRONG><a name="[93]"></a>ESP8266_UnvarnishSend</STRONG> (Thumb, 42 bytes, Stack size 8 bytes, bsp_esp8266.o(.text), UNUSED)
<BR><BR>[Calls]<UL><LI><a href="#[83]">&gt;&gt;</a>&nbsp;&nbsp;&nbsp;ESP8266_Cmd
</UL>

<P><STRONG><a name="[94]"></a>ESP8266_ExitUnvarnishSend</STRONG> (Thumb, 24 bytes, Stack size 8 bytes, bsp_esp8266.o(.text), UNUSED)
<BR><BR>[Calls]<UL><LI><a href="#[84]">&gt;&gt;</a>&nbsp;&nbsp;&nbsp;USART_printf
<LI><a href="#[82]">&gt;&gt;</a>&nbsp;&nbsp;&nbsp;CPU_TS_Tmr_Delay_US
</UL>

<P><STRONG><a name="[95]"></a>ESP8266_SendString</STRONG> (Thumb, 102 bytes, Stack size 48 bytes, bsp_esp8266.o(.text))
<BR><BR>[Stack]<UL><LI>Max Depth = 148<LI>Call Chain = ESP8266_SendString &rArr; ESP8266_Cmd &rArr; USART_printf &rArr; itoa
</UL>
<BR>[Calls]<UL><LI><a href="#[84]">&gt;&gt;</a>&nbsp;&nbsp;&nbsp;USART_printf
<LI><a href="#[83]">&gt;&gt;</a>&nbsp;&nbsp;&nbsp;ESP8266_Cmd
<LI><a href="#[89]">&gt;&gt;</a>&nbsp;&nbsp;&nbsp;__2sprintf
</UL>
<BR>[Called By]<UL><LI><a href="#[6f]">&gt;&gt;</a>&nbsp;&nbsp;&nbsp;ESP8266_CheckRecv_SendDataTest
</UL>

<P><STRONG><a name="[96]"></a>ESP8266_ReceiveString</STRONG> (Thumb, 88 bytes, Stack size 16 bytes, bsp_esp8266.o(.text), UNUSED)
<BR><BR>[Calls]<UL><LI><a href="#[85]">&gt;&gt;</a>&nbsp;&nbsp;&nbsp;strstr
</UL>

<P><STRONG><a name="[97]"></a>ESP8266_CWLIF</STRONG> (Thumb, 86 bytes, Stack size 24 bytes, bsp_esp8266.o(.text), UNUSED)
<BR><BR>[Calls]<UL><LI><a href="#[85]">&gt;&gt;</a>&nbsp;&nbsp;&nbsp;strstr
<LI><a href="#[83]">&gt;&gt;</a>&nbsp;&nbsp;&nbsp;ESP8266_Cmd
</UL>

<P><STRONG><a name="[98]"></a>ESP8266_CIPAP</STRONG> (Thumb, 44 bytes, Stack size 40 bytes, bsp_esp8266.o(.text))
<BR><BR>[Stack]<UL><LI>Max Depth = 140<LI>Call Chain = ESP8266_CIPAP &rArr; ESP8266_Cmd &rArr; USART_printf &rArr; itoa
</UL>
<BR>[Calls]<UL><LI><a href="#[83]">&gt;&gt;</a>&nbsp;&nbsp;&nbsp;ESP8266_Cmd
<LI><a href="#[89]">&gt;&gt;</a>&nbsp;&nbsp;&nbsp;__2sprintf
</UL>
<BR>[Called By]<UL><LI><a href="#[66]">&gt;&gt;</a>&nbsp;&nbsp;&nbsp;ESP8266_ApTcpServer_ConfigTest
</UL>

<P><STRONG><a name="[99]"></a>ESP8266_CIPSTA</STRONG> (Thumb, 44 bytes, Stack size 40 bytes, bsp_esp8266.o(.text), UNUSED)
<BR><BR>[Calls]<UL><LI><a href="#[83]">&gt;&gt;</a>&nbsp;&nbsp;&nbsp;ESP8266_Cmd
<LI><a href="#[89]">&gt;&gt;</a>&nbsp;&nbsp;&nbsp;__2sprintf
</UL>

<P><STRONG><a name="[66]"></a>ESP8266_ApTcpServer_ConfigTest</STRONG> (Thumb, 184 bytes, Stack size 8 bytes, bsp_esp8266_test.o(.text))
<BR><BR>[Stack]<UL><LI>Max Depth = 364<LI>Call Chain = ESP8266_ApTcpServer_ConfigTest &rArr; ESP8266_StartOrShutServer &rArr; ESP8266_Cmd &rArr; USART_printf &rArr; itoa
</UL>
<BR>[Calls]<UL><LI><a href="#[7f]">&gt;&gt;</a>&nbsp;&nbsp;&nbsp;GPIO_SetBits
<LI><a href="#[98]">&gt;&gt;</a>&nbsp;&nbsp;&nbsp;ESP8266_CIPAP
<LI><a href="#[91]">&gt;&gt;</a>&nbsp;&nbsp;&nbsp;ESP8266_Inquire_ApIp
<LI><a href="#[8e]">&gt;&gt;</a>&nbsp;&nbsp;&nbsp;ESP8266_StartOrShutServer
<LI><a href="#[8b]">&gt;&gt;</a>&nbsp;&nbsp;&nbsp;ESP8266_Enable_MultipleId
<LI><a href="#[8a]">&gt;&gt;</a>&nbsp;&nbsp;&nbsp;ESP8266_BuildAP
<LI><a href="#[87]">&gt;&gt;</a>&nbsp;&nbsp;&nbsp;ESP8266_Net_Mode_Choose
<LI><a href="#[86]">&gt;&gt;</a>&nbsp;&nbsp;&nbsp;ESP8266_AT_Test
<LI><a href="#[65]">&gt;&gt;</a>&nbsp;&nbsp;&nbsp;__2printf
</UL>
<BR>[Called By]<UL><LI><a href="#[46]">&gt;&gt;</a>&nbsp;&nbsp;&nbsp;main
</UL>

<P><STRONG><a name="[6f]"></a>ESP8266_CheckRecv_SendDataTest</STRONG> (Thumb, 662 bytes, Stack size 32 bytes, bsp_esp8266_test.o(.text))
<BR><BR>[Stack]<UL><LI>Max Depth = 180<LI>Call Chain = ESP8266_CheckRecv_SendDataTest &rArr; ESP8266_SendString &rArr; ESP8266_Cmd &rArr; USART_printf &rArr; itoa
</UL>
<BR>[Calls]<UL><LI><a href="#[7d]">&gt;&gt;</a>&nbsp;&nbsp;&nbsp;USART_ITConfig
<LI><a href="#[80]">&gt;&gt;</a>&nbsp;&nbsp;&nbsp;GPIO_ResetBits
<LI><a href="#[7f]">&gt;&gt;</a>&nbsp;&nbsp;&nbsp;GPIO_SetBits
<LI><a href="#[9c]">&gt;&gt;</a>&nbsp;&nbsp;&nbsp;strlen
<LI><a href="#[85]">&gt;&gt;</a>&nbsp;&nbsp;&nbsp;strstr
<LI><a href="#[9a]">&gt;&gt;</a>&nbsp;&nbsp;&nbsp;__aeabi_memcpy
<LI><a href="#[9b]">&gt;&gt;</a>&nbsp;&nbsp;&nbsp;DHT11_Read_TempAndHumidity
<LI><a href="#[95]">&gt;&gt;</a>&nbsp;&nbsp;&nbsp;ESP8266_SendString
<LI><a href="#[89]">&gt;&gt;</a>&nbsp;&nbsp;&nbsp;__2sprintf
<LI><a href="#[65]">&gt;&gt;</a>&nbsp;&nbsp;&nbsp;__2printf
</UL>
<BR>[Called By]<UL><LI><a href="#[46]">&gt;&gt;</a>&nbsp;&nbsp;&nbsp;main
</UL>

<P><STRONG><a name="[84]"></a>USART_printf</STRONG> (Thumb, 262 bytes, Stack size 56 bytes, common.o(.text))
<BR><BR>[Stack]<UL><LI>Max Depth = 76<LI>Call Chain = USART_printf &rArr; itoa
</UL>
<BR>[Calls]<UL><LI><a href="#[9d]">&gt;&gt;</a>&nbsp;&nbsp;&nbsp;itoa
<LI><a href="#[76]">&gt;&gt;</a>&nbsp;&nbsp;&nbsp;USART_GetFlagStatus
<LI><a href="#[75]">&gt;&gt;</a>&nbsp;&nbsp;&nbsp;USART_SendData
</UL>
<BR>[Called By]<UL><LI><a href="#[95]">&gt;&gt;</a>&nbsp;&nbsp;&nbsp;ESP8266_SendString
<LI><a href="#[94]">&gt;&gt;</a>&nbsp;&nbsp;&nbsp;ESP8266_ExitUnvarnishSend
<LI><a href="#[83]">&gt;&gt;</a>&nbsp;&nbsp;&nbsp;ESP8266_Cmd
</UL>

<P><STRONG><a name="[5d]"></a>DHT11_Init</STRONG> (Thumb, 16 bytes, Stack size 8 bytes, bsp_dht11.o(.text))
<BR><BR>[Stack]<UL><LI>Max Depth = 40<LI>Call Chain = DHT11_Init &rArr; DHT11_GPIO_Config &rArr; GPIO_Init
</UL>
<BR>[Calls]<UL><LI><a href="#[7f]">&gt;&gt;</a>&nbsp;&nbsp;&nbsp;GPIO_SetBits
<LI><a href="#[9e]">&gt;&gt;</a>&nbsp;&nbsp;&nbsp;DHT11_GPIO_Config
</UL>
<BR>[Called By]<UL><LI><a href="#[46]">&gt;&gt;</a>&nbsp;&nbsp;&nbsp;main
</UL>

<P><STRONG><a name="[9b]"></a>DHT11_Read_TempAndHumidity</STRONG> (Thumb, 156 bytes, Stack size 8 bytes, bsp_dht11.o(.text))
<BR><BR>[Stack]<UL><LI>Max Depth = 40<LI>Call Chain = DHT11_Read_TempAndHumidity &rArr; DHT11_ReadByte &rArr; CPU_TS_Tmr_Delay_US
</UL>
<BR>[Calls]<UL><LI><a href="#[80]">&gt;&gt;</a>&nbsp;&nbsp;&nbsp;GPIO_ResetBits
<LI><a href="#[7f]">&gt;&gt;</a>&nbsp;&nbsp;&nbsp;GPIO_SetBits
<LI><a href="#[a2]">&gt;&gt;</a>&nbsp;&nbsp;&nbsp;GPIO_ReadInputDataBit
<LI><a href="#[a1]">&gt;&gt;</a>&nbsp;&nbsp;&nbsp;DHT11_ReadByte
<LI><a href="#[a0]">&gt;&gt;</a>&nbsp;&nbsp;&nbsp;DHT11_Mode_Out_PP
<LI><a href="#[9f]">&gt;&gt;</a>&nbsp;&nbsp;&nbsp;DHT11_Mode_IPU
<LI><a href="#[82]">&gt;&gt;</a>&nbsp;&nbsp;&nbsp;CPU_TS_Tmr_Delay_US
</UL>
<BR>[Called By]<UL><LI><a href="#[6f]">&gt;&gt;</a>&nbsp;&nbsp;&nbsp;ESP8266_CheckRecv_SendDataTest
</UL>

<P><STRONG><a name="[5e]"></a>LED_Init</STRONG> (Thumb, 32 bytes, Stack size 8 bytes, bsp_led.o(.text))
<BR><BR>[Stack]<UL><LI>Max Depth = 40<LI>Call Chain = LED_Init &rArr; LED_GPIO_Config &rArr; GPIO_Init
</UL>
<BR>[Calls]<UL><LI><a href="#[7f]">&gt;&gt;</a>&nbsp;&nbsp;&nbsp;GPIO_SetBits
<LI><a href="#[a3]">&gt;&gt;</a>&nbsp;&nbsp;&nbsp;LED_GPIO_Config
</UL>
<BR>[Called By]<UL><LI><a href="#[46]">&gt;&gt;</a>&nbsp;&nbsp;&nbsp;main
</UL>

<P><STRONG><a name="[5f]"></a>Beep_Init</STRONG> (Thumb, 16 bytes, Stack size 8 bytes, bsp_beep.o(.text))
<BR><BR>[Stack]<UL><LI>Max Depth = 40<LI>Call Chain = Beep_Init &rArr; Beep_GPIO_Config &rArr; GPIO_Init
</UL>
<BR>[Calls]<UL><LI><a href="#[80]">&gt;&gt;</a>&nbsp;&nbsp;&nbsp;GPIO_ResetBits
<LI><a href="#[a4]">&gt;&gt;</a>&nbsp;&nbsp;&nbsp;Beep_GPIO_Config
</UL>
<BR>[Called By]<UL><LI><a href="#[46]">&gt;&gt;</a>&nbsp;&nbsp;&nbsp;main
</UL>

<P><STRONG><a name="[5b]"></a>CPU_TS_TmrInit</STRONG> (Thumb, 30 bytes, Stack size 0 bytes, core_delay.o(.text))
<BR><BR>[Called By]<UL><LI><a href="#[46]">&gt;&gt;</a>&nbsp;&nbsp;&nbsp;main
</UL>

<P><STRONG><a name="[a5]"></a>CPU_TS_TmrRd</STRONG> (Thumb, 6 bytes, Stack size 0 bytes, core_delay.o(.text))
<BR><BR>[Called By]<UL><LI><a href="#[82]">&gt;&gt;</a>&nbsp;&nbsp;&nbsp;CPU_TS_Tmr_Delay_US
</UL>

<P><STRONG><a name="[82]"></a>CPU_TS_Tmr_Delay_US</STRONG> (Thumb, 72 bytes, Stack size 16 bytes, core_delay.o(.text))
<BR><BR>[Stack]<UL><LI>Max Depth = 16<LI>Call Chain = CPU_TS_Tmr_Delay_US
</UL>
<BR>[Calls]<UL><LI><a href="#[a5]">&gt;&gt;</a>&nbsp;&nbsp;&nbsp;CPU_TS_TmrRd
</UL>
<BR>[Called By]<UL><LI><a href="#[a1]">&gt;&gt;</a>&nbsp;&nbsp;&nbsp;DHT11_ReadByte
<LI><a href="#[9b]">&gt;&gt;</a>&nbsp;&nbsp;&nbsp;DHT11_Read_TempAndHumidity
<LI><a href="#[94]">&gt;&gt;</a>&nbsp;&nbsp;&nbsp;ESP8266_ExitUnvarnishSend
<LI><a href="#[86]">&gt;&gt;</a>&nbsp;&nbsp;&nbsp;ESP8266_AT_Test
<LI><a href="#[83]">&gt;&gt;</a>&nbsp;&nbsp;&nbsp;ESP8266_Cmd
<LI><a href="#[81]">&gt;&gt;</a>&nbsp;&nbsp;&nbsp;ESP8266_Rst
<LI><a href="#[6d]">&gt;&gt;</a>&nbsp;&nbsp;&nbsp;ORP_Value_get
<LI><a href="#[67]">&gt;&gt;</a>&nbsp;&nbsp;&nbsp;Get_Adc_Average
</UL>

<P><STRONG><a name="[61]"></a>ADC1_Init</STRONG> (Thumb, 12 bytes, Stack size 8 bytes, bsp_adc.o(.text))
<BR><BR>[Stack]<UL><LI>Max Depth = 100<LI>Call Chain = ADC1_Init &rArr; ADC1_Mode_Config &rArr; ADC_RegularChannelConfig
</UL>
<BR>[Calls]<UL><LI><a href="#[a7]">&gt;&gt;</a>&nbsp;&nbsp;&nbsp;ADC1_Mode_Config
<LI><a href="#[a6]">&gt;&gt;</a>&nbsp;&nbsp;&nbsp;ADC1_GPIO_Config
</UL>
<BR>[Called By]<UL><LI><a href="#[46]">&gt;&gt;</a>&nbsp;&nbsp;&nbsp;main
</UL>

<P><STRONG><a name="[63]"></a>ADC3_Init</STRONG> (Thumb, 12 bytes, Stack size 8 bytes, bsp_adc2.o(.text))
<BR><BR>[Stack]<UL><LI>Max Depth = 100<LI>Call Chain = ADC3_Init &rArr; ADC3_Mode_Config &rArr; ADC_RegularChannelConfig
</UL>
<BR>[Calls]<UL><LI><a href="#[b7]">&gt;&gt;</a>&nbsp;&nbsp;&nbsp;ADC3_Mode_Config
<LI><a href="#[b6]">&gt;&gt;</a>&nbsp;&nbsp;&nbsp;ADC3_GPIO_Config
</UL>
<BR>[Called By]<UL><LI><a href="#[46]">&gt;&gt;</a>&nbsp;&nbsp;&nbsp;main
</UL>

<P><STRONG><a name="[62]"></a>Adc2_Init</STRONG> (Thumb, 140 bytes, Stack size 32 bytes, bsp_adc3.o(.text))
<BR><BR>[Stack]<UL><LI>Max Depth = 56<LI>Call Chain = Adc2_Init &rArr; GPIO_Init
</UL>
<BR>[Calls]<UL><LI><a href="#[72]">&gt;&gt;</a>&nbsp;&nbsp;&nbsp;RCC_APB2PeriphClockCmd
<LI><a href="#[ad]">&gt;&gt;</a>&nbsp;&nbsp;&nbsp;RCC_ADCCLKConfig
<LI><a href="#[73]">&gt;&gt;</a>&nbsp;&nbsp;&nbsp;GPIO_Init
<LI><a href="#[b4]">&gt;&gt;</a>&nbsp;&nbsp;&nbsp;ADC_GetCalibrationStatus
<LI><a href="#[b3]">&gt;&gt;</a>&nbsp;&nbsp;&nbsp;ADC_StartCalibration
<LI><a href="#[b1]">&gt;&gt;</a>&nbsp;&nbsp;&nbsp;ADC_ResetCalibration
<LI><a href="#[b0]">&gt;&gt;</a>&nbsp;&nbsp;&nbsp;ADC_Cmd
<LI><a href="#[ac]">&gt;&gt;</a>&nbsp;&nbsp;&nbsp;ADC_Init
<LI><a href="#[4f]">&gt;&gt;</a>&nbsp;&nbsp;&nbsp;ADC_DeInit
</UL>
<BR>[Called By]<UL><LI><a href="#[46]">&gt;&gt;</a>&nbsp;&nbsp;&nbsp;main
</UL>

<P><STRONG><a name="[b8]"></a>Get_Adc</STRONG> (Thumb, 46 bytes, Stack size 8 bytes, bsp_adc3.o(.text))
<BR><BR>[Stack]<UL><LI>Max Depth = 28<LI>Call Chain = Get_Adc &rArr; ADC_RegularChannelConfig
</UL>
<BR>[Calls]<UL><LI><a href="#[b9]">&gt;&gt;</a>&nbsp;&nbsp;&nbsp;ADC_GetFlagStatus
<LI><a href="#[ba]">&gt;&gt;</a>&nbsp;&nbsp;&nbsp;ADC_GetConversionValue
<LI><a href="#[ae]">&gt;&gt;</a>&nbsp;&nbsp;&nbsp;ADC_RegularChannelConfig
<LI><a href="#[b5]">&gt;&gt;</a>&nbsp;&nbsp;&nbsp;ADC_SoftwareStartConvCmd
</UL>
<BR>[Called By]<UL><LI><a href="#[67]">&gt;&gt;</a>&nbsp;&nbsp;&nbsp;Get_Adc_Average
</UL>

<P><STRONG><a name="[67]"></a>Get_Adc_Average</STRONG> (Thumb, 48 bytes, Stack size 24 bytes, bsp_adc3.o(.text))
<BR><BR>[Stack]<UL><LI>Max Depth = 52<LI>Call Chain = Get_Adc_Average &rArr; Get_Adc &rArr; ADC_RegularChannelConfig
</UL>
<BR>[Calls]<UL><LI><a href="#[b8]">&gt;&gt;</a>&nbsp;&nbsp;&nbsp;Get_Adc
<LI><a href="#[82]">&gt;&gt;</a>&nbsp;&nbsp;&nbsp;CPU_TS_Tmr_Delay_US
</UL>
<BR>[Called By]<UL><LI><a href="#[46]">&gt;&gt;</a>&nbsp;&nbsp;&nbsp;main
</UL>

<P><STRONG><a name="[60]"></a>Dac1_Init</STRONG> (Thumb, 94 bytes, Stack size 24 bytes, dac.o(.text))
<BR><BR>[Stack]<UL><LI>Max Depth = 48<LI>Call Chain = Dac1_Init &rArr; GPIO_Init
</UL>
<BR>[Calls]<UL><LI><a href="#[7c]">&gt;&gt;</a>&nbsp;&nbsp;&nbsp;RCC_APB1PeriphClockCmd
<LI><a href="#[72]">&gt;&gt;</a>&nbsp;&nbsp;&nbsp;RCC_APB2PeriphClockCmd
<LI><a href="#[7f]">&gt;&gt;</a>&nbsp;&nbsp;&nbsp;GPIO_SetBits
<LI><a href="#[73]">&gt;&gt;</a>&nbsp;&nbsp;&nbsp;GPIO_Init
<LI><a href="#[bd]">&gt;&gt;</a>&nbsp;&nbsp;&nbsp;DAC_SetChannel1Data
<LI><a href="#[bc]">&gt;&gt;</a>&nbsp;&nbsp;&nbsp;DAC_Cmd
<LI><a href="#[bb]">&gt;&gt;</a>&nbsp;&nbsp;&nbsp;DAC_Init
</UL>
<BR>[Called By]<UL><LI><a href="#[46]">&gt;&gt;</a>&nbsp;&nbsp;&nbsp;main
</UL>

<P><STRONG><a name="[64]"></a>Dac1_Set_Vol</STRONG> (Thumb, 80 bytes, Stack size 32 bytes, dac.o(.text))
<BR><BR>[Stack]<UL><LI>Max Depth = 72<LI>Call Chain = Dac1_Set_Vol &rArr; __aeabi_ddiv &rArr; _double_round
</UL>
<BR>[Calls]<UL><LI><a href="#[bd]">&gt;&gt;</a>&nbsp;&nbsp;&nbsp;DAC_SetChannel1Data
<LI><a href="#[be]">&gt;&gt;</a>&nbsp;&nbsp;&nbsp;__aeabi_fmul
<LI><a href="#[c0]">&gt;&gt;</a>&nbsp;&nbsp;&nbsp;__aeabi_f2uiz
<LI><a href="#[bf]">&gt;&gt;</a>&nbsp;&nbsp;&nbsp;__aeabi_ddiv
<LI><a href="#[68]">&gt;&gt;</a>&nbsp;&nbsp;&nbsp;__aeabi_ui2f
<LI><a href="#[69]">&gt;&gt;</a>&nbsp;&nbsp;&nbsp;__aeabi_fdiv
<LI><a href="#[6a]">&gt;&gt;</a>&nbsp;&nbsp;&nbsp;__aeabi_f2d
<LI><a href="#[6c]">&gt;&gt;</a>&nbsp;&nbsp;&nbsp;__aeabi_d2f
</UL>
<BR>[Called By]<UL><LI><a href="#[46]">&gt;&gt;</a>&nbsp;&nbsp;&nbsp;main
</UL>

<P><STRONG><a name="[c1]"></a>avergearray</STRONG> (Thumb, 62 bytes, Stack size 32 bytes, water_ph.o(.text))
<BR><BR>[Stack]<UL><LI>Max Depth = 52<LI>Call Chain = avergearray &rArr; __aeabi_fadd &rArr; _float_epilogue
</UL>
<BR>[Calls]<UL><LI><a href="#[c3]">&gt;&gt;</a>&nbsp;&nbsp;&nbsp;__aeabi_i2f
<LI><a href="#[c2]">&gt;&gt;</a>&nbsp;&nbsp;&nbsp;__aeabi_fadd
<LI><a href="#[69]">&gt;&gt;</a>&nbsp;&nbsp;&nbsp;__aeabi_fdiv
<LI><a href="#[6a]">&gt;&gt;</a>&nbsp;&nbsp;&nbsp;__aeabi_f2d
</UL>
<BR>[Called By]<UL><LI><a href="#[6d]">&gt;&gt;</a>&nbsp;&nbsp;&nbsp;ORP_Value_get
</UL>

<P><STRONG><a name="[c4]"></a>ORP_Value_Conversion</STRONG> (Thumb, 66 bytes, Stack size 24 bytes, water_ph.o(.text))
<BR><BR>[Stack]<UL><LI>Max Depth = 64<LI>Call Chain = ORP_Value_Conversion &rArr; __aeabi_ddiv &rArr; _double_round
</UL>
<BR>[Calls]<UL><LI><a href="#[c5]">&gt;&gt;</a>&nbsp;&nbsp;&nbsp;__aeabi_fsub
<LI><a href="#[be]">&gt;&gt;</a>&nbsp;&nbsp;&nbsp;__aeabi_fmul
<LI><a href="#[bf]">&gt;&gt;</a>&nbsp;&nbsp;&nbsp;__aeabi_ddiv
<LI><a href="#[6a]">&gt;&gt;</a>&nbsp;&nbsp;&nbsp;__aeabi_f2d
<LI><a href="#[6c]">&gt;&gt;</a>&nbsp;&nbsp;&nbsp;__aeabi_d2f
</UL>
<BR>[Called By]<UL><LI><a href="#[6d]">&gt;&gt;</a>&nbsp;&nbsp;&nbsp;ORP_Value_get
</UL>

<P><STRONG><a name="[6d]"></a>ORP_Value_get</STRONG> (Thumb, 104 bytes, Stack size 24 bytes, water_ph.o(.text))
<BR><BR>[Stack]<UL><LI>Max Depth = 112<LI>Call Chain = ORP_Value_get &rArr; __aeabi_dmul &rArr; _double_epilogue &rArr; _double_round
</UL>
<BR>[Calls]<UL><LI><a href="#[c6]">&gt;&gt;</a>&nbsp;&nbsp;&nbsp;__aeabi_i2d
[...]

<P><STRONG><a name="[cb]"></a>__aeabi_cdcmple</STRONG> (Thumb, 48 bytes, Stack size 0 bytes, cdcmple.o(.text), UNUSED)
<BR><BR>[Called By]<UL><LI><a href="#[c8]">&gt;&gt;</a>&nbsp;&nbsp;&nbsp;PH_Value_Conversion
</UL>

<P><STRONG><a name="[cc]"></a>__aeabi_cdrcmple</STRONG> (Thumb, 48 bytes, Stack size 0 bytes, cdrcmple.o(.text), UNUSED)
<BR><BR>[Called By]<UL><LI><a href="#[c8]">&gt;&gt;</a>&nbsp;&nbsp;&nbsp;PH_Value_Conversion
<LI><a href="#[e0]">&gt;&gt;</a>&nbsp;&nbsp;&nbsp;_fp_digits
</UL>

<P><STRONG><a name="[6c]"></a>__aeabi_d2f</STRONG> (Thumb, 56 bytes, Stack size 8 bytes, d2f.o(.text))
<BR><BR>[Stack]<UL><LI>Max Depth = 8<LI>Call Chain = __aeabi_d2f
</UL>
<BR>[Calls]<UL><LI><a href="#[d1]">&gt;&gt;</a>&nbsp;&nbsp;&nbsp;_float_round
</UL>
<BR>[Called By]<UL><LI><a href="#[c8]">&gt;&gt;</a>&nbsp;&nbsp;&nbsp;PH_Value_Conversion
<LI><a href="#[c4]">&gt;&gt;</a>&nbsp;&nbsp;&nbsp;ORP_Value_Conversion
<LI><a href="#[6d]">&gt;&gt;</a>&nbsp;&nbsp;&nbsp;ORP_Value_get
<LI><a href="#[64]">&gt;&gt;</a>&nbsp;&nbsp;&nbsp;Dac1_Set_Vol
<LI><a href="#[46]">&gt;&gt;</a>&nbsp;&nbsp;&nbsp;main
</UL>

<P><STRONG><a name="[155]"></a>__aeabi_uidiv</STRONG> (Thumb, 0 bytes, Stack size 12 bytes, uidiv.o(.text), UNUSED)

<P><STRONG><a name="[e3]"></a>__aeabi_uidivmod</STRONG> (Thumb, 44 bytes, Stack size 12 bytes, uidiv.o(.text), UNUSED)
<BR><BR>[Called By]<UL><LI><a href="#[de]">&gt;&gt;</a>&nbsp;&nbsp;&nbsp;_printf_core
</UL>

<P><STRONG><a name="[d9]"></a>__aeabi_uldivmod</STRONG> (Thumb, 98 bytes, Stack size 40 bytes, uldiv.o(.text), UNUSED)
<BR><BR>[Calls]<UL><LI><a href="#[da]">&gt;&gt;</a>&nbsp;&nbsp;&nbsp;__aeabi_llsr
<LI><a href="#[d3]">&gt;&gt;</a>&nbsp;&nbsp;&nbsp;__aeabi_llsl
</UL>
<BR>[Called By]<UL><LI><a href="#[de]">&gt;&gt;</a>&nbsp;&nbsp;&nbsp;_printf_core
<LI><a href="#[e0]">&gt;&gt;</a>&nbsp;&nbsp;&nbsp;_fp_digits
</UL>

<P><STRONG><a name="[d3]"></a>__aeabi_llsl</STRONG> (Thumb, 30 bytes, Stack size 0 bytes, llshl.o(.text))
<BR><BR>[Called By]<UL><LI><a href="#[ca]">&gt;&gt;</a>&nbsp;&nbsp;&nbsp;__aeabi_dadd
<LI><a href="#[d9]">&gt;&gt;</a>&nbsp;&nbsp;&nbsp;__aeabi_uldivmod
<LI><a href="#[d5]">&gt;&gt;</a>&nbsp;&nbsp;&nbsp;_double_epilogue
<LI><a href="#[db]">&gt;&gt;</a>&nbsp;&nbsp;&nbsp;__aeabi_d2ulz
</UL>

<P><STRONG><a name="[156]"></a>_ll_shift_l</STRONG> (Thumb, 0 bytes, Stack size 0 bytes, llshl.o(.text), UNUSED)

<P><STRONG><a name="[d4]"></a>__aeabi_lasr</STRONG> (Thumb, 36 bytes, Stack size 0 bytes, llsshr.o(.text), UNUSED)
<BR><BR>[Called By]<UL><LI><a href="#[ca]">&gt;&gt;</a>&nbsp;&nbsp;&nbsp;__aeabi_dadd
</UL>

<P><STRONG><a name="[157]"></a>_ll_sshift_r</STRONG> (Thumb, 0 bytes, Stack size 0 bytes, llsshr.o(.text), UNUSED)

<P><STRONG><a name="[158]"></a>__I$use$fp</STRONG> (Thumb, 0 bytes, Stack size 0 bytes, iusefp.o(.text), UNUSED)

<P><STRONG><a name="[d1]"></a>_float_round</STRONG> (Thumb, 18 bytes, Stack size 0 bytes, fepilogue.o(.text))
<BR><BR>[Called By]<UL><LI><a href="#[c2]">&gt;&gt;</a>&nbsp;&nbsp;&nbsp;__aeabi_fadd
<LI><a href="#[69]">&gt;&gt;</a>&nbsp;&nbsp;&nbsp;__aeabi_fdiv
<LI><a href="#[6c]">&gt;&gt;</a>&nbsp;&nbsp;&nbsp;__aeabi_d2f
</UL>

<P><STRONG><a name="[d0]"></a>_float_epilogue</STRONG> (Thumb, 92 bytes, Stack size 4 bytes, fepilogue.o(.text))
<BR><BR>[Stack]<UL><LI>Max Depth = 4<LI>Call Chain = _float_epilogue
</UL>
<BR>[Called By]<UL><LI><a href="#[c3]">&gt;&gt;</a>&nbsp;&nbsp;&nbsp;__aeabi_i2f
<LI><a href="#[c2]">&gt;&gt;</a>&nbsp;&nbsp;&nbsp;__aeabi_fadd
<LI><a href="#[68]">&gt;&gt;</a>&nbsp;&nbsp;&nbsp;__aeabi_ui2f
</UL>

<P><STRONG><a name="[d6]"></a>_double_round</STRONG> (Thumb, 30 bytes, Stack size 8 bytes, depilogue.o(.text))
<BR><BR>[Stack]<UL><LI>Max Depth = 8<LI>Call Chain = _double_round
</UL>
<BR>[Called By]<UL><LI><a href="#[ca]">&gt;&gt;</a>&nbsp;&nbsp;&nbsp;__aeabi_dadd
<LI><a href="#[bf]">&gt;&gt;</a>&nbsp;&nbsp;&nbsp;__aeabi_ddiv
<LI><a href="#[d5]">&gt;&gt;</a>&nbsp;&nbsp;&nbsp;_double_epilogue
</UL>

<P><STRONG><a name="[d5]"></a>_double_epilogue</STRONG> (Thumb, 156 bytes, Stack size 32 bytes, depilogue.o(.text))
<BR><BR>[Stack]<UL><LI>Max Depth = 40<LI>Call Chain = _double_epilogue &rArr; _double_round
</UL>
<BR>[Calls]<UL><LI><a href="#[da]">&gt;&gt;</a>&nbsp;&nbsp;&nbsp;__aeabi_llsr
<LI><a href="#[d3]">&gt;&gt;</a>&nbsp;&nbsp;&nbsp;__aeabi_llsl
<LI><a href="#[d6]">&gt;&gt;</a>&nbsp;&nbsp;&nbsp;_double_round
</UL>
<BR>[Called By]<UL><LI><a href="#[c9]">&gt;&gt;</a>&nbsp;&nbsp;&nbsp;__aeabi_ui2d
<LI><a href="#[c6]">&gt;&gt;</a>&nbsp;&nbsp;&nbsp;__aeabi_i2d
<LI><a href="#[ca]">&gt;&gt;</a>&nbsp;&nbsp;&nbsp;__aeabi_dadd
<LI><a href="#[6b]">&gt;&gt;</a>&nbsp;&nbsp;&nbsp;__aeabi_dmul
</UL>

<P><STRONG><a name="[db]"></a>__aeabi_d2ulz</STRONG> (Thumb, 48 bytes, Stack size 0 bytes, dfixul.o(.text), UNUSED)
<BR><BR>[Calls]<UL><LI><a href="#[da]">&gt;&gt;</a>&nbsp;&nbsp;&nbsp;__aeabi_llsr
<LI><a href="#[d3]">&gt;&gt;</a>&nbsp;&nbsp;&nbsp;__aeabi_llsl
</UL>
<BR>[Called By]<UL><LI><a href="#[e0]">&gt;&gt;</a>&nbsp;&nbsp;&nbsp;_fp_digits
</UL>

<P><STRONG><a name="[4c]"></a>__scatterload</STRONG> (Thumb, 28 bytes, Stack size 0 bytes, init.o(.text))
<BR><BR>[Calls]<UL><LI><a href="#[dc]">&gt;&gt;</a>&nbsp;&nbsp;&nbsp;__main_after_scatterload
</UL>
<BR>[Called By]<UL><LI><a href="#[4b]">&gt;&gt;</a>&nbsp;&nbsp;&nbsp;_main_scatterload
</UL>

<P><STRONG><a name="[159]"></a>__scatterload_rt2</STRONG> (Thumb, 0 bytes, Stack size 0 bytes, init.o(.text), UNUSED)

<P><STRONG><a name="[da]"></a>__aeabi_llsr</STRONG> (Thumb, 32 bytes, Stack size 0 bytes, llushr.o(.text))
<BR><BR>[Called By]<UL><LI><a href="#[d9]">&gt;&gt;</a>&nbsp;&nbsp;&nbsp;__aeabi_uldivmod
<LI><a href="#[d5]">&gt;&gt;</a>&nbsp;&nbsp;&nbsp;_double_epilogue
<LI><a href="#[db]">&gt;&gt;</a>&nbsp;&nbsp;&nbsp;__aeabi_d2ulz
</UL>

<P><STRONG><a name="[15a]"></a>_ll_ushift_r</STRONG> (Thumb, 0 bytes, Stack size 0 bytes, llushr.o(.text), UNUSED)

<P><STRONG><a name="[dd]"></a>__0printf</STRONG> (Thumb, 22 bytes, Stack size 24 bytes, printfa.o(i.__0printf), UNUSED)
<BR><BR>[Calls]<UL><LI><a href="#[de]">&gt;&gt;</a>&nbsp;&nbsp;&nbsp;_printf_core
</UL>

<P><STRONG><a name="[15b]"></a>__1printf</STRONG> (Thumb, 0 bytes, Stack size 24 bytes, printfa.o(i.__0printf), UNUSED)

<P><STRONG><a name="[65]"></a>__2printf</STRONG> (Thumb, 0 bytes, Stack size 24 bytes, printfa.o(i.__0printf))
<BR><BR>[Stack]<UL><LI>Max Depth = 24<LI>Call Chain = __2printf
</UL>
<BR>[Called By]<UL><LI><a href="#[86]">&gt;&gt;</a>&nbsp;&nbsp;&nbsp;ESP8266_AT_Test
<LI><a href="#[83]">&gt;&gt;</a>&nbsp;&nbsp;&nbsp;ESP8266_Cmd
<LI><a href="#[6f]">&gt;&gt;</a>&nbsp;&nbsp;&nbsp;ESP8266_CheckRecv_SendDataTest
<LI><a href="#[66]">&gt;&gt;</a>&nbsp;&nbsp;&nbsp;ESP8266_ApTcpServer_ConfigTest
<LI><a href="#[46]">&gt;&gt;</a>&nbsp;&nbsp;&nbsp;main
</UL>

<P><STRONG><a name="[15c]"></a>__c89printf</STRONG> (Thumb, 0 bytes, Stack size 24 bytes, printfa.o(i.__0printf), UNUSED)

<P><STRONG><a name="[15d]"></a>printf</STRONG> (Thumb, 0 bytes, Stack size 24 bytes, printfa.o(i.__0printf), UNUSED)

<P><STRONG><a name="[df]"></a>__0sprintf</STRONG> (Thumb, 34 bytes, Stack size 24 bytes, printfa.o(i.__0sprintf), UNUSED)
<BR><BR>[Calls]<UL><LI><a href="#[4a]">&gt;&gt;</a>&nbsp;&nbsp;&nbsp;_sputc
<LI><a href="#[de]">&gt;&gt;</a>&nbsp;&nbsp;&nbsp;_printf_core
</UL>

<P><STRONG><a name="[15e]"></a>__1sprintf</STRONG> (Thumb, 0 bytes, Stack size 24 bytes, printfa.o(i.__0sprintf), UNUSED)

<P><STRONG><a name="[89]"></a>__2sprintf</STRONG> (Thumb, 0 bytes, Stack size 24 bytes, printfa.o(i.__0sprintf))
<BR><BR>[Stack]<UL><LI>Max Depth = 24<LI>Call Chain = __2sprintf
</UL>
<BR>[Called By]<UL><LI><a href="#[99]">&gt;&gt;</a>&nbsp;&nbsp;&nbsp;ESP8266_CIPSTA
<LI><a href="#[98]">&gt;&gt;</a>&nbsp;&nbsp;&nbsp;ESP8266_CIPAP
<LI><a href="#[95]">&gt;&gt;</a>&nbsp;&nbsp;&nbsp;ESP8266_SendString
<LI><a href="#[8e]">&gt;&gt;</a>&nbsp;&nbsp;&nbsp;ESP8266_StartOrShutServer
<LI><a href="#[8c]">&gt;&gt;</a>&nbsp;&nbsp;&nbsp;ESP8266_Link_Server
<LI><a href="#[8b]">&gt;&gt;</a>&nbsp;&nbsp;&nbsp;ESP8266_Enable_MultipleId
<LI><a href="#[8a]">&gt;&gt;</a>&nbsp;&nbsp;&nbsp;ESP8266_BuildAP
<LI><a href="#[88]">&gt;&gt;</a>&nbsp;&nbsp;&nbsp;ESP8266_JoinAP
<LI><a href="#[6f]">&gt;&gt;</a>&nbsp;&nbsp;&nbsp;ESP8266_CheckRecv_SendDataTest
</UL>

<P><STRONG><a name="[15f]"></a>__c89sprintf</STRONG> (Thumb, 0 bytes, Stack size 24 bytes, printfa.o(i.__0sprintf), UNUSED)

<P><STRONG><a name="[160]"></a>sprintf</STRONG> (Thumb, 0 bytes, Stack size 24 bytes, printfa.o(i.__0sprintf), UNUSED)

<P><STRONG><a name="[161]"></a>__scatterload_copy</STRONG> (Thumb, 14 bytes, Stack size unknown bytes, handlers.o(i.__scatterload_copy), UNUSED)

<P><STRONG><a name="[162]"></a>__scatterload_null</STRONG> (Thumb, 2 bytes, Stack size unknown bytes, handlers.o(i.__scatterload_null), UNUSED)

<P><STRONG><a name="[163]"></a>__scatterload_zeroinit</STRONG> (Thumb, 14 bytes, Stack size unknown bytes, handlers.o(i.__scatterload_zeroinit), UNUSED)
<P>
<H3>
Local Symbols
</H3>
<P><STRONG><a name="[4e]"></a>SetSysClockTo72</STRONG> (Thumb, 214 bytes, Stack size 12 bytes, system_stm32f10x.o(.text))
<BR><BR>[Stack]<UL><LI>Max Depth = 12<LI>Call Chain = SetSysClockTo72
</UL>
<BR>[Called By]<UL><LI><a href="#[4d]">&gt;&gt;</a>&nbsp;&nbsp;&nbsp;SetSysClock
</UL>

<P><STRONG><a name="[4d]"></a>SetSysClock</STRONG> (Thumb, 8 bytes, Stack size 8 bytes, system_stm32f10x.o(.text))
<BR><BR>[Stack]<UL><LI>Max Depth = 20<LI>Call Chain = SetSysClock &rArr; SetSysClockTo72
</UL>
<BR>[Calls]<UL><LI><a href="#[4e]">&gt;&gt;</a>&nbsp;&nbsp;&nbsp;SetSysClockTo72
</UL>
<BR>[Called By]<UL><LI><a href="#[47]">&gt;&gt;</a>&nbsp;&nbsp;&nbsp;SystemInit
</UL>

<P><STRONG><a name="[78]"></a>ESP8266_USART_NVIC_Configuration</STRONG> (Thumb, 40 bytes, Stack size 8 bytes, bsp_esp8266.o(.text))
<BR><BR>[Stack]<UL><LI>Max Depth = 24<LI>Call Chain = ESP8266_USART_NVIC_Configuration &rArr; NVIC_Init
</UL>
<BR>[Calls]<UL><LI><a href="#[7a]">&gt;&gt;</a>&nbsp;&nbsp;&nbsp;NVIC_Init
<LI><a href="#[79]">&gt;&gt;</a>&nbsp;&nbsp;&nbsp;NVIC_PriorityGroupConfig
</UL>
<BR>[Called By]<UL><LI><a href="#[7b]">&gt;&gt;</a>&nbsp;&nbsp;&nbsp;ESP8266_USART_Config
</UL>

<P><STRONG><a name="[7b]"></a>ESP8266_USART_Config</STRONG> (Thumb, 148 bytes, Stack size 24 bytes, bsp_esp8266.o(.text))
<BR><BR>[Stack]<UL><LI>Max Depth = 92<LI>Call Chain = ESP8266_USART_Config &rArr; USART_Init &rArr; RCC_GetClocksFreq
</UL>
<BR>[Calls]<UL><LI><a href="#[7d]">&gt;&gt;</a>&nbsp;&nbsp;&nbsp;USART_ITConfig
<LI><a href="#[74]">&gt;&gt;</a>&nbsp;&nbsp;&nbsp;USART_Cmd
<LI><a href="#[58]">&gt;&gt;</a>&nbsp;&nbsp;&nbsp;USART_Init
<LI><a href="#[7c]">&gt;&gt;</a>&nbsp;&nbsp;&nbsp;RCC_APB1PeriphClockCmd
<LI><a href="#[72]">&gt;&gt;</a>&nbsp;&nbsp;&nbsp;RCC_APB2PeriphClockCmd
<LI><a href="#[73]">&gt;&gt;</a>&nbsp;&nbsp;&nbsp;GPIO_Init
<LI><a href="#[78]">&gt;&gt;</a>&nbsp;&nbsp;&nbsp;ESP8266_USART_NVIC_Configuration
</UL>
<BR>[Called By]<UL><LI><a href="#[5c]">&gt;&gt;</a>&nbsp;&nbsp;&nbsp;ESP8266_Init
</UL>

<P><STRONG><a name="[7e]"></a>ESP8266_GPIO_Config</STRONG> (Thumb, 64 bytes, Stack size 8 bytes, bsp_esp8266.o(.text))
<BR><BR>[Stack]<UL><LI>Max Depth = 32<LI>Call Chain = ESP8266_GPIO_Config &rArr; GPIO_Init
</UL>
<BR>[Calls]<UL><LI><a href="#[72]">&gt;&gt;</a>&nbsp;&nbsp;&nbsp;RCC_APB2PeriphClockCmd
<LI><a href="#[73]">&gt;&gt;</a>&nbsp;&nbsp;&nbsp;GPIO_Init
</UL>
<BR>[Called By]<UL><LI><a href="#[5c]">&gt;&gt;</a>&nbsp;&nbsp;&nbsp;ESP8266_Init
</UL>

<P><STRONG><a name="[9d]"></a>itoa</STRONG> (Thumb, 98 bytes, Stack size 20 bytes, common.o(.text))
<BR><BR>[Stack]<UL><LI>Max Depth = 20<LI>Call Chain = itoa
</UL>
<BR>[Called By]<UL><LI><a href="#[84]">&gt;&gt;</a>&nbsp;&nbsp;&nbsp;USART_printf
</UL>

<P><STRONG><a name="[9e]"></a>DHT11_GPIO_Config</STRONG> (Thumb, 38 bytes, Stack size 8 bytes, bsp_dht11.o(.text))
<BR><BR>[Stack]<UL><LI>Max Depth = 32<LI>Call Chain = DHT11_GPIO_Config &rArr; GPIO_Init
</UL>
<BR>[Calls]<UL><LI><a href="#[72]">&gt;&gt;</a>&nbsp;&nbsp;&nbsp;RCC_APB2PeriphClockCmd
<LI><a href="#[73]">&gt;&gt;</a>&nbsp;&nbsp;&nbsp;GPIO_Init
</UL>
<BR>[Called By]<UL><LI><a href="#[5d]">&gt;&gt;</a>&nbsp;&nbsp;&nbsp;DHT11_Init
</UL>

<P><STRONG><a name="[9f]"></a>DHT11_Mode_IPU</STRONG> (Thumb, 24 bytes, Stack size 8 bytes, bsp_dht11.o(.text))
<BR><BR>[Stack]<UL><LI>Max Depth = 32<LI>Call Chain = DHT11_Mode_IPU &rArr; GPIO_Init
</UL>
<BR>[Calls]<UL><LI><a href="#[73]">&gt;&gt;</a>&nbsp;&nbsp;&nbsp;GPIO_Init
</UL>
<BR>[Called By]<UL><LI><a href="#[9b]">&gt;&gt;</a>&nbsp;&nbsp;&nbsp;DHT11_Read_TempAndHumidity
</UL>

<P><STRONG><a name="[a0]"></a>DHT11_Mode_Out_PP</STRONG> (Thumb, 30 bytes, Stack size 8 bytes, bsp_dht11.o(.text))
<BR><BR>[Stack]<UL><LI>Max Depth = 32<LI>Call Chain = DHT11_Mode_Out_PP &rArr; GPIO_Init
</UL>
<BR>[Calls]<UL><LI><a href="#[73]">&gt;&gt;</a>&nbsp;&nbsp;&nbsp;GPIO_Init
</UL>
<BR>[Called By]<UL><LI><a href="#[9b]">&gt;&gt;</a>&nbsp;&nbsp;&nbsp;DHT11_Read_TempAndHumidity
</UL>

<P><STRONG><a name="[a1]"></a>DHT11_ReadByte</STRONG> (Thumb, 90 bytes, Stack size 16 bytes, bsp_dht11.o(.text))
<BR><BR>[Stack]<UL><LI>Max Depth = 32<LI>Call Chain = DHT11_ReadByte &rArr; CPU_TS_Tmr_Delay_US
</UL>
<BR>[Calls]<UL><LI><a href="#[a2]">&gt;&gt;</a>&nbsp;&nbsp;&nbsp;GPIO_ReadInputDataBit
<LI><a href="#[82]">&gt;&gt;</a>&nbsp;&nbsp;&nbsp;CPU_TS_Tmr_Delay_US
</UL>
<BR>[Called By]<UL><LI><a href="#[9b]">&gt;&gt;</a>&nbsp;&nbsp;&nbsp;DHT11_Read_TempAndHumidity
</UL>

<P><STRONG><a name="[a3]"></a>LED_GPIO_Config</STRONG> (Thumb, 82 bytes, Stack size 8 bytes, bsp_led.o(.text))
<BR><BR>[Stack]<UL><LI>Max Depth = 32<LI>Call Chain = LED_GPIO_Config &rArr; GPIO_Init
</UL>
<BR>[Calls]<UL><LI><a href="#[72]">&gt;&gt;</a>&nbsp;&nbsp;&nbsp;RCC_APB2PeriphClockCmd
<LI><a href="#[73]">&gt;&gt;</a>&nbsp;&nbsp;&nbsp;GPIO_Init
</UL>
<BR>[Called By]<UL><LI><a href="#[5e]">&gt;&gt;</a>&nbsp;&nbsp;&nbsp;LED_Init
</UL>

<P><STRONG><a name="[a4]"></a>Beep_GPIO_Config</STRONG> (Thumb, 38 bytes, Stack size 8 bytes, bsp_beep.o(.text))
<BR><BR>[Stack]<UL><LI>Max Depth = 32<LI>Call Chain = Beep_GPIO_Config &rArr; GPIO_Init
</UL>
<BR>[Calls]<UL><LI><a href="#[72]">&gt;&gt;</a>&nbsp;&nbsp;&nbsp;RCC_APB2PeriphClockCmd
<LI><a href="#[73]">&gt;&gt;</a>&nbsp;&nbsp;&nbsp;GPIO_Init
</UL>
<BR>[Called By]<UL><LI><a href="#[5f]">&gt;&gt;</a>&nbsp;&nbsp;&nbsp;Beep_Init
</UL>

<P><STRONG><a name="[a6]"></a>ADC1_GPIO_Config</STRONG> (Thumb, 32 bytes, Stack size 8 bytes, bsp_adc.o(.text))
<BR><BR>[Stack]<UL><LI>Max Depth = 32<LI>Call Chain = ADC1_GPIO_Config &rArr; GPIO_Init
</UL>
<BR>[Calls]<UL><LI><a href="#[72]">&gt;&gt;</a>&nbsp;&nbsp;&nbsp;RCC_APB2PeriphClockCmd
<LI><a href="#[73]">&gt;&gt;</a>&nbsp;&nbsp;&nbsp;GPIO_Init
</UL>
<BR>[Called By]<UL><LI><a href="#[61]">&gt;&gt;</a>&nbsp;&nbsp;&nbsp;ADC1_Init
</UL>

<P><STRONG><a name="[a7]"></a>ADC1_Mode_Config</STRONG> (Thumb, 226 bytes, Stack size 72 bytes, bsp_adc.o(.text))
<BR><BR>[Stack]<UL><LI>Max Depth = 92<LI>Call Chain = ADC1_Mode_Config &rArr; ADC_RegularChannelConfig
</UL>
<BR>[Calls]<UL><LI><a href="#[72]">&gt;&gt;</a>&nbsp;&nbsp;&nbsp;RCC_APB2PeriphClockCmd
<LI><a href="#[a8]">&gt;&gt;</a>&nbsp;&nbsp;&nbsp;RCC_AHBPeriphClockCmd
<LI><a href="#[ad]">&gt;&gt;</a>&nbsp;&nbsp;&nbsp;RCC_ADCCLKConfig
<LI><a href="#[ab]">&gt;&gt;</a>&nbsp;&nbsp;&nbsp;DMA_Cmd
<LI><a href="#[aa]">&gt;&gt;</a>&nbsp;&nbsp;&nbsp;DMA_Init
<LI><a href="#[a9]">&gt;&gt;</a>&nbsp;&nbsp;&nbsp;DMA_DeInit
<LI><a href="#[ae]">&gt;&gt;</a>&nbsp;&nbsp;&nbsp;ADC_RegularChannelConfig
<LI><a href="#[b5]">&gt;&gt;</a>&nbsp;&nbsp;&nbsp;ADC_SoftwareStartConvCmd
<LI><a href="#[b4]">&gt;&gt;</a>&nbsp;&nbsp;&nbsp;ADC_GetCalibrationStatus
<LI><a href="#[b3]">&gt;&gt;</a>&nbsp;&nbsp;&nbsp;ADC_StartCalibration
<LI><a href="#[b2]">&gt;&gt;</a>&nbsp;&nbsp;&nbsp;ADC_GetResetCalibrationStatus
<LI><a href="#[b1]">&gt;&gt;</a>&nbsp;&nbsp;&nbsp;ADC_ResetCalibration
<LI><a href="#[af]">&gt;&gt;</a>&nbsp;&nbsp;&nbsp;ADC_DMACmd
<LI><a href="#[b0]">&gt;&gt;</a>&nbsp;&nbsp;&nbsp;ADC_Cmd
<LI><a href="#[ac]">&gt;&gt;</a>&nbsp;&nbsp;&nbsp;ADC_Init
</UL>
<BR>[Called By]<UL><LI><a href="#[61]">&gt;&gt;</a>&nbsp;&nbsp;&nbsp;ADC1_Init
</UL>

<P><STRONG><a name="[b6]"></a>ADC3_GPIO_Config</STRONG> (Thumb, 32 bytes, Stack size 8 bytes, bsp_adc2.o(.text))
<BR><BR>[Stack]<UL><LI>Max Depth = 32<LI>Call Chain = ADC3_GPIO_Config &rArr; GPIO_Init
</UL>
<BR>[Calls]<UL><LI><a href="#[72]">&gt;&gt;</a>&nbsp;&nbsp;&nbsp;RCC_APB2PeriphClockCmd
<LI><a href="#[73]">&gt;&gt;</a>&nbsp;&nbsp;&nbsp;GPIO_Init
</UL>
<BR>[Called By]<UL><LI><a href="#[63]">&gt;&gt;</a>&nbsp;&nbsp;&nbsp;ADC3_Init
</UL>

<P><STRONG><a name="[b7]"></a>ADC3_Mode_Config</STRONG> (Thumb, 226 bytes, Stack size 72 bytes, bsp_adc2.o(.text))
<BR><BR>[Stack]<UL><LI>Max Depth = 92<LI>Call Chain = ADC3_Mode_Config &rArr; ADC_RegularChannelConfig
</UL>
<BR>[Calls]<UL><LI><a href="#[72]">&gt;&gt;</a>&nbsp;&nbsp;&nbsp;RCC_APB2PeriphClockCmd
<LI><a href="#[a8]">&gt;&gt;</a>&nbsp;&nbsp;&nbsp;RCC_AHBPeriphClockCmd
<LI><a href="#[ad]">&gt;&gt;</a>&nbsp;&nbsp;&nbsp;RCC_ADCCLKConfig
<LI><a href="#[ab]">&gt;&gt;</a>&nbsp;&nbsp;&nbsp;DMA_Cmd
<LI><a href="#[aa]">&gt;&gt;</a>&nbsp;&nbsp;&nbsp;DMA_Init
<LI><a href="#[a9]">&gt;&gt;</a>&nbsp;&nbsp;&nbsp;DMA_DeInit
<LI><a href="#[ae]">&gt;&gt;</a>&nbsp;&nbsp;&nbsp;ADC_RegularChannelConfig
<LI><a href="#[b5]">&gt;&gt;</a>&nbsp;&nbsp;&nbsp;ADC_SoftwareStartConvCmd
<LI><a href="#[b4]">&gt;&gt;</a>&nbsp;&nbsp;&nbsp;ADC_GetCalibrationStatus
<LI><a href="#[b3]">&gt;&gt;</a>&nbsp;&nbsp;&nbsp;ADC_StartCalibration
<LI><a href="#[b2]">&gt;&gt;</a>&nbsp;&nbsp;&nbsp;ADC_GetResetCalibrationStatus
<LI><a href="#[b1]">&gt;&gt;</a>&nbsp;&nbsp;&nbsp;ADC_ResetCalibration
<LI><a href="#[af]">&gt;&gt;</a>&nbsp;&nbsp;&nbsp;ADC_DMACmd
<LI><a href="#[b0]">&gt;&gt;</a>&nbsp;&nbsp;&nbsp;ADC_Cmd
<LI><a href="#[ac]">&gt;&gt;</a>&nbsp;&nbsp;&nbsp;ADC_Init
</UL>
<BR>[Called By]<UL><LI><a href="#[63]">&gt;&gt;</a>&nbsp;&nbsp;&nbsp;ADC3_Init
</UL>

<P><STRONG><a name="[e0]"></a>_fp_digits</STRONG> (Thumb, 366 bytes, Stack size 64 bytes, printfa.o(i._fp_digits), UNUSED)
<BR><BR>[Calls]<UL><LI><a href="#[ca]">&gt;&gt;</a>&nbsp;&nbsp;&nbsp;__aeabi_dadd
<LI><a href="#[cc]">&gt;&gt;</a>&nbsp;&nbsp;&nbsp;__aeabi_cdrcmple
<LI><a href="#[bf]">&gt;&gt;</a>&nbsp;&nbsp;&nbsp;__aeabi_ddiv
<LI><a href="#[6b]">&gt;&gt;</a>&nbsp;&nbsp;&nbsp;__aeabi_dmul
<LI><a href="#[d9]">&gt;&gt;</a>&nbsp;&nbsp;&nbsp;__aeabi_uldivmod
<LI><a href="#[db]">&gt;&gt;</a>&nbsp;&nbsp;&nbsp;__aeabi_d2ulz
</UL>
<BR>[Called By]<UL><LI><a href="#[de]">&gt;&gt;</a>&nbsp;&nbsp;&nbsp;_printf_core
</UL>

<P><STRONG><a name="[de]"></a>_printf_core</STRONG> (Thumb, 1744 bytes, Stack size 136 bytes, printfa.o(i._printf_core), UNUSED)
<BR><BR>[Calls]<UL><LI><a href="#[d9]">&gt;&gt;</a>&nbsp;&nbsp;&nbsp;__aeabi_uldivmod
<LI><a href="#[e3]">&gt;&gt;</a>&nbsp;&nbsp;&nbsp;__aeabi_uidivmod
<LI><a href="#[e1]">&gt;&gt;</a>&nbsp;&nbsp;&nbsp;_printf_pre_padding
<LI><a href="#[e2]">&gt;&gt;</a>&nbsp;&nbsp;&nbsp;_printf_post_padding
<LI><a href="#[e0]">&gt;&gt;</a>&nbsp;&nbsp;&nbsp;_fp_digits
</UL>
<BR>[Called By]<UL><LI><a href="#[df]">&gt;&gt;</a>&nbsp;&nbsp;&nbsp;__0sprintf
<LI><a href="#[dd]">&gt;&gt;</a>&nbsp;&nbsp;&nbsp;__0printf
</UL>

<P><STRONG><a name="[e2]"></a>_printf_post_padding</STRONG> (Thumb, 36 bytes, Stack size 24 bytes, printfa.o(i._printf_post_padding), UNUSED)
<BR><BR>[Called By]<UL><LI><a href="#[de]">&gt;&gt;</a>&nbsp;&nbsp;&nbsp;_printf_core
</UL>

<P><STRONG><a name="[e1]"></a>_printf_pre_padding</STRONG> (Thumb, 46 bytes, Stack size 24 bytes, printfa.o(i._printf_pre_padding), UNUSED)
<BR><BR>[Called By]<UL><LI><a href="#[de]">&gt;&gt;</a>&nbsp;&nbsp;&nbsp;_printf_core
</UL>

<P><STRONG><a name="[4a]"></a>_sputc</STRONG> (Thumb, 10 bytes, Stack size 0 bytes, printfa.o(i._sputc))
<BR><BR>[Called By]<UL><LI><a href="#[df]">&gt;&gt;</a>&nbsp;&nbsp;&nbsp;__0sprintf
</UL>
<BR>[Address Reference Count : 1]<UL><LI> printfa.o(i.__0sprintf)
</UL><P>
<H3>
Undefined Global Symbols
</H3><HR></body></html>
