Component: ARM Compiler 5.06 update 6 (build 750) Tool: armlink [4d35ed]

==============================================================================

Section Cross References

    startup_stm32f10x_hd.o(RESET) refers to startup_stm32f10x_hd.o(STACK) for __initial_sp
    startup_stm32f10x_hd.o(RESET) refers to startup_stm32f10x_hd.o(.text) for Reset_Handler
    startup_stm32f10x_hd.o(RESET) refers to stm32f10x_it.o(.text) for NMI_Handler
    startup_stm32f10x_hd.o(.text) refers to system_stm32f10x.o(.text) for SystemInit
    startup_stm32f10x_hd.o(.text) refers to entry.o(.ARM.Collect$$$$00000000) for __main
    system_stm32f10x.o(.text) refers to system_stm32f10x.o(.data) for SystemCoreClock
    stm32f10x_adc.o(.text) refers to stm32f10x_rcc.o(.text) for RCC_APB2PeriphResetCmd
    stm32f10x_bkp.o(.text) refers to stm32f10x_rcc.o(.text) for RCC_BackupResetCmd
    stm32f10x_can.o(.text) refers to stm32f10x_rcc.o(.text) for RCC_APB1PeriphResetCmd
    stm32f10x_cec.o(.text) refers to stm32f10x_rcc.o(.text) for RCC_APB1PeriphResetCmd
    stm32f10x_dac.o(.text) refers to stm32f10x_rcc.o(.text) for RCC_APB1PeriphResetCmd
    stm32f10x_gpio.o(.text) refers to stm32f10x_rcc.o(.text) for RCC_APB2PeriphResetCmd
    stm32f10x_i2c.o(.text) refers to stm32f10x_rcc.o(.text) for RCC_APB1PeriphResetCmd
    stm32f10x_pwr.o(.text) refers to stm32f10x_rcc.o(.text) for RCC_APB1PeriphResetCmd
    stm32f10x_rcc.o(.text) refers to stm32f10x_rcc.o(.data) for APBAHBPrescTable
    stm32f10x_spi.o(.text) refers to stm32f10x_rcc.o(.text) for RCC_APB2PeriphResetCmd
    stm32f10x_tim.o(.text) refers to stm32f10x_rcc.o(.text) for RCC_APB2PeriphResetCmd
    stm32f10x_usart.o(.text) refers to stm32f10x_rcc.o(.text) for RCC_APB2PeriphResetCmd
    stm32f10x_wwdg.o(.text) refers to stm32f10x_rcc.o(.text) for RCC_APB1PeriphResetCmd
    main.o(.text) refers to bsp_usart1.o(.text) for USARTx_Config
    main.o(.text) refers to core_delay.o(.text) for CPU_TS_TmrInit
    main.o(.text) refers to bsp_esp8266.o(.text) for ESP8266_Init
    main.o(.text) refers to bsp_dht11.o(.text) for DHT11_Init
    main.o(.text) refers to bsp_led.o(.text) for LED_Init
    main.o(.text) refers to bsp_beep.o(.text) for Beep_Init
    main.o(.text) refers to dac.o(.text) for Dac1_Init
    main.o(.text) refers to bsp_adc.o(.text) for ADC1_Init
    main.o(.text) refers to bsp_adc3.o(.text) for Adc2_Init
    main.o(.text) refers to bsp_adc2.o(.text) for ADC3_Init
    main.o(.text) refers to printfa.o(i.__0printf) for __2printf
    main.o(.text) refers to bsp_esp8266_test.o(.text) for ESP8266_ApTcpServer_ConfigTest
    main.o(.text) refers to ffltui.o(.text) for __aeabi_ui2f
    main.o(.text) refers to fdiv.o(.text) for __aeabi_fdiv
    main.o(.text) refers to f2d.o(.text) for __aeabi_f2d
    main.o(.text) refers to dmul.o(.text) for __aeabi_dmul
    main.o(.text) refers to d2f.o(.text) for __aeabi_d2f
    main.o(.text) refers to water_ph.o(.text) for ORP_Value_get
    main.o(.text) refers to bsp_adc3.o(.data) for ADC_ConvertedValue2
    main.o(.text) refers to bsp_adc.o(.data) for ADC_ConvertedValue1
    main.o(.text) refers to main.o(.data) for ADC_ConvertedValueLocal1
    main.o(.text) refers to bsp_adc2.o(.data) for ADC_ConvertedValue3
    main.o(.text) refers to water_ph.o(.data) for ORP_value
    stm32f10x_it.o(.text) refers to stm32f10x_usart.o(.text) for USART_GetITStatus
    stm32f10x_it.o(.text) refers to bsp_esp8266.o(.bss) for strEsp8266_Fram_Record
    bsp_usart1.o(.text) refers to stm32f10x_rcc.o(.text) for RCC_APB2PeriphClockCmd
    bsp_usart1.o(.text) refers to stm32f10x_gpio.o(.text) for GPIO_Init
    bsp_usart1.o(.text) refers to stm32f10x_usart.o(.text) for USART_Init
    bsp_gpio.o(.text) refers to stm32f10x_rcc.o(.text) for RCC_APB2PeriphClockCmd
    bsp_gpio.o(.text) refers to stm32f10x_gpio.o(.text) for GPIO_Init
    bsp_systick.o(.text) refers to system_stm32f10x.o(.data) for SystemCoreClock
    bsp_esp8266.o(.text) refers to misc.o(.text) for NVIC_PriorityGroupConfig
    bsp_esp8266.o(.text) refers to stm32f10x_rcc.o(.text) for RCC_APB1PeriphClockCmd
    bsp_esp8266.o(.text) refers to stm32f10x_gpio.o(.text) for GPIO_Init
    bsp_esp8266.o(.text) refers to stm32f10x_usart.o(.text) for USART_Init
    bsp_esp8266.o(.text) refers to core_delay.o(.text) for CPU_TS_Tmr_Delay_US
    bsp_esp8266.o(.text) refers to common.o(.text) for USART_printf
    bsp_esp8266.o(.text) refers to printfa.o(i.__0printf) for __2printf
    bsp_esp8266.o(.text) refers to strstr.o(.text) for strstr
    bsp_esp8266.o(.text) refers to printfa.o(i.__0sprintf) for __2sprintf
    bsp_esp8266.o(.text) refers to memseta.o(.text) for __aeabi_memclr4
    bsp_esp8266.o(.text) refers to bsp_esp8266.o(.bss) for strEsp8266_Fram_Record
    bsp_esp8266_test.o(.text) refers to printfa.o(i.__0printf) for __2printf
    bsp_esp8266_test.o(.text) refers to stm32f10x_gpio.o(.text) for GPIO_SetBits
    bsp_esp8266_test.o(.text) refers to bsp_esp8266.o(.text) for ESP8266_AT_Test
[...]
    printf4.o(i.__0vfprintf$4) refers to bsp_usart1.o(.text) for fputc
    printf4.o(i.__0vprintf$4) refers to printf4.o(i._printf_core) for _printf_core
    printf4.o(i.__0vprintf$4) refers to bsp_usart1.o(.text) for fputc
    printf4.o(i.__0vprintf$4) refers to stdout.o(.data) for __stdout
    printf4.o(i.__0vsnprintf$4) refers to printf4.o(i._printf_core) for _printf_core
    printf4.o(i.__0vsnprintf$4) refers to printf4.o(i._snputc) for _snputc
    printf4.o(i.__0vsprintf$4) refers to printf4.o(i._printf_core) for _printf_core
    printf4.o(i.__0vsprintf$4) refers to printf4.o(i._sputc) for _sputc
    printf4.o(i._printf_core) refers to uldiv.o(.text) for __aeabi_uldivmod
    printf5.o(i.__0fprintf$5) refers to printf5.o(i._printf_core) for _printf_core
    printf5.o(i.__0fprintf$5) refers to bsp_usart1.o(.text) for fputc
    printf5.o(i.__0printf$5) refers to printf5.o(i._printf_core) for _printf_core
    printf5.o(i.__0printf$5) refers to bsp_usart1.o(.text) for fputc
    printf5.o(i.__0printf$5) refers to stdout.o(.data) for __stdout
    printf5.o(i.__0snprintf$5) refers to printf5.o(i._printf_core) for _printf_core
    printf5.o(i.__0snprintf$5) refers to printf5.o(i._snputc) for _snputc
    printf5.o(i.__0sprintf$5) refers to printf5.o(i._printf_core) for _printf_core
    printf5.o(i.__0sprintf$5) refers to printf5.o(i._sputc) for _sputc
    printf5.o(i.__0vfprintf$5) refers to printf5.o(i._printf_core) for _printf_core
    printf5.o(i.__0vfprintf$5) refers to bsp_usart1.o(.text) for fputc
    printf5.o(i.__0vprintf$5) refers to printf5.o(i._printf_core) for _printf_core
    printf5.o(i.__0vprintf$5) refers to bsp_usart1.o(.text) for fputc
    printf5.o(i.__0vprintf$5) refers to stdout.o(.data) for __stdout
    printf5.o(i.__0vsnprintf$5) refers to printf5.o(i._printf_core) for _printf_core
    printf5.o(i.__0vsnprintf$5) refers to printf5.o(i._snputc) for _snputc
    printf5.o(i.__0vsprintf$5) refers to printf5.o(i._printf_core) for _printf_core
    printf5.o(i.__0vsprintf$5) refers to printf5.o(i._sputc) for _sputc
    printf5.o(i._printf_core) refers to uldiv.o(.text) for __aeabi_uldivmod
    printf6.o(i.__0fprintf$6) refers to printf6.o(i._printf_core) for _printf_core
    printf6.o(i.__0fprintf$6) refers to bsp_usart1.o(.text) for fputc
    printf6.o(i.__0printf$6) refers to printf6.o(i._printf_core) for _printf_core
    printf6.o(i.__0printf$6) refers to bsp_usart1.o(.text) for fputc
    printf6.o(i.__0printf$6) refers to stdout.o(.data) for __stdout
    printf6.o(i.__0snprintf$6) refers to printf6.o(i._printf_core) for _printf_core
    printf6.o(i.__0snprintf$6) refers to printf6.o(i._snputc) for _snputc
    printf6.o(i.__0sprintf$6) refers to printf6.o(i._printf_core) for _printf_core
    printf6.o(i.__0sprintf$6) refers to printf6.o(i._sputc) for _sputc
    printf6.o(i.__0vfprintf$6) refers to printf6.o(i._printf_core) for _printf_core
    printf6.o(i.__0vfprintf$6) refers to bsp_usart1.o(.text) for fputc
    printf6.o(i.__0vprintf$6) refers to printf6.o(i._printf_core) for _printf_core
    printf6.o(i.__0vprintf$6) refers to bsp_usart1.o(.text) for fputc
    printf6.o(i.__0vprintf$6) refers to stdout.o(.data) for __stdout
    printf6.o(i.__0vsnprintf$6) refers to printf6.o(i._printf_core) for _printf_core
    printf6.o(i.__0vsnprintf$6) refers to printf6.o(i._snputc) for _snputc
    printf6.o(i.__0vsprintf$6) refers to printf6.o(i._printf_core) for _printf_core
    printf6.o(i.__0vsprintf$6) refers to printf6.o(i._sputc) for _sputc
    printf6.o(i._printf_core) refers to printf6.o(i._printf_pre_padding) for _printf_pre_padding
    printf6.o(i._printf_core) refers to uidiv.o(.text) for __aeabi_uidivmod
    printf6.o(i._printf_core) refers to printf6.o(i._printf_post_padding) for _printf_post_padding
    printf7.o(i.__0fprintf$7) refers to printf7.o(i._printf_core) for _printf_core
    printf7.o(i.__0fprintf$7) refers to bsp_usart1.o(.text) for fputc
    printf7.o(i.__0printf$7) refers to printf7.o(i._printf_core) for _printf_core
    printf7.o(i.__0printf$7) refers to bsp_usart1.o(.text) for fputc
    printf7.o(i.__0printf$7) refers to stdout.o(.data) for __stdout
    printf7.o(i.__0snprintf$7) refers to printf7.o(i._printf_core) for _printf_core
    printf7.o(i.__0snprintf$7) refers to printf7.o(i._snputc) for _snputc
    printf7.o(i.__0sprintf$7) refers to printf7.o(i._printf_core) for _printf_core
    printf7.o(i.__0sprintf$7) refers to printf7.o(i._sputc) for _sputc
    printf7.o(i.__0vfprintf$7) refers to printf7.o(i._printf_core) for _printf_core
    printf7.o(i.__0vfprintf$7) refers to bsp_usart1.o(.text) for fputc
    printf7.o(i.__0vprintf$7) refers to printf7.o(i._printf_core) for _printf_core
    printf7.o(i.__0vprintf$7) refers to bsp_usart1.o(.text) for fputc
    printf7.o(i.__0vprintf$7) refers to stdout.o(.data) for __stdout
    printf7.o(i.__0vsnprintf$7) refers to printf7.o(i._printf_core) for _printf_core
    printf7.o(i.__0vsnprintf$7) refers to printf7.o(i._snputc) for _snputc
    printf7.o(i.__0vsprintf$7) refers to printf7.o(i._printf_core) for _printf_core
    printf7.o(i.__0vsprintf$7) refers to printf7.o(i._sputc) for _sputc
    printf7.o(i._printf_core) refers to printf7.o(i._printf_pre_padding) for _printf_pre_padding
    printf7.o(i._printf_core) refers to uldiv.o(.text) for __aeabi_uldivmod
    printf7.o(i._printf_core) refers to printf7.o(i._printf_post_padding) for _printf_post_padding
    printf8.o(i.__0fprintf$8) refers to printf8.o(i._printf_core) for _printf_core
    printf8.o(i.__0fprintf$8) refers to bsp_usart1.o(.text) for fputc
    printf8.o(i.__0printf$8) refers to printf8.o(i._printf_core) for _printf_core
    printf8.o(i.__0printf$8) refers to bsp_usart1.o(.text) for fputc
    printf8.o(i.__0printf$8) refers to stdout.o(.data) for __stdout
    printf8.o(i.__0snprintf$8) refers to printf8.o(i._printf_core) for _printf_core
    printf8.o(i.__0snprintf$8) refers to printf8.o(i._snputc) for _snputc
    printf8.o(i.__0sprintf$8) refers to printf8.o(i._printf_core) for _printf_core
    printf8.o(i.__0sprintf$8) refers to printf8.o(i._sputc) for _sputc
    printf8.o(i.__0vfprintf$8) refers to printf8.o(i._printf_core) for _printf_core
    printf8.o(i.__0vfprintf$8) refers to bsp_usart1.o(.text) for fputc
    printf8.o(i.__0vprintf$8) refers to printf8.o(i._printf_core) for _printf_core
    printf8.o(i.__0vprintf$8) refers to bsp_usart1.o(.text) for fputc
    printf8.o(i.__0vprintf$8) refers to stdout.o(.data) for __stdout
    printf8.o(i.__0vsnprintf$8) refers to printf8.o(i._printf_core) for _printf_core
    printf8.o(i.__0vsnprintf$8) refers to printf8.o(i._snputc) for _snputc
    printf8.o(i.__0vsprintf$8) refers to printf8.o(i._printf_core) for _printf_core
    printf8.o(i.__0vsprintf$8) refers to printf8.o(i._sputc) for _sputc
    printf8.o(i._printf_core) refers to printf8.o(i._printf_pre_padding) for _printf_pre_padding
    printf8.o(i._printf_core) refers to uldiv.o(.text) for __aeabi_uldivmod
    printf8.o(i._printf_core) refers to printf8.o(i._printf_post_padding) for _printf_post_padding
    printfa.o(i.__0fprintf) refers (Special) to iusefp.o(.text) for __I$use$fp
    printfa.o(i.__0fprintf) refers to printfa.o(i._printf_core) for _printf_core
    printfa.o(i.__0fprintf) refers to bsp_usart1.o(.text) for fputc
    printfa.o(i.__0printf) refers (Special) to iusefp.o(.text) for __I$use$fp
    printfa.o(i.__0printf) refers to printfa.o(i._printf_core) for _printf_core
    printfa.o(i.__0printf) refers to bsp_usart1.o(.text) for fputc
    printfa.o(i.__0printf) refers to stdout.o(.data) for __stdout
    printfa.o(i.__0snprintf) refers (Special) to iusefp.o(.text) for __I$use$fp
    printfa.o(i.__0snprintf) refers to printfa.o(i._printf_core) for _printf_core
    printfa.o(i.__0snprintf) refers to printfa.o(i._snputc) for _snputc
    printfa.o(i.__0sprintf) refers (Special) to iusefp.o(.text) for __I$use$fp
    printfa.o(i.__0sprintf) refers to printfa.o(i._printf_core) for _printf_core
    printfa.o(i.__0sprintf) refers to printfa.o(i._sputc) for _sputc
    printfa.o(i.__0vfprintf) refers (Special) to iusefp.o(.text) for __I$use$fp
    printfa.o(i.__0vfprintf) refers to printfa.o(i._printf_core) for _printf_core
    printfa.o(i.__0vfprintf) refers to bsp_usart1.o(.text) for fputc
    printfa.o(i.__0vprintf) refers (Special) to iusefp.o(.text) for __I$use$fp
    printfa.o(i.__0vprintf) refers to printfa.o(i._printf_core) for _printf_core
    printfa.o(i.__0vprintf) refers to bsp_usart1.o(.text) for fputc
    printfa.o(i.__0vprintf) refers to stdout.o(.data) for __stdout
    printfa.o(i.__0vsnprintf) refers (Special) to iusefp.o(.text) for __I$use$fp
    printfa.o(i.__0vsnprintf) refers to printfa.o(i._printf_core) for _printf_core
    printfa.o(i.__0vsnprintf) refers to printfa.o(i._snputc) for _snputc
    printfa.o(i.__0vsprintf) refers (Special) to iusefp.o(.text) for __I$use$fp
    printfa.o(i.__0vsprintf) refers to printfa.o(i._printf_core) for _printf_core
    printfa.o(i.__0vsprintf) refers to printfa.o(i._sputc) for _sputc
    printfa.o(i._fp_digits) refers (Special) to iusefp.o(.text) for __I$use$fp
    printfa.o(i._fp_digits) refers to dmul.o(.text) for __aeabi_dmul
    printfa.o(i._fp_digits) refers to ddiv.o(.text) for __aeabi_ddiv
    printfa.o(i._fp_digits) refers to cdrcmple.o(.text) for __aeabi_cdrcmple
    printfa.o(i._fp_digits) refers to dadd.o(.text) for __aeabi_dadd
    printfa.o(i._fp_digits) refers to dfixul.o(.text) for __aeabi_d2ulz
    printfa.o(i._fp_digits) refers to uldiv.o(.text) for __aeabi_uldivmod
    printfa.o(i._printf_core) refers (Special) to iusefp.o(.text) for __I$use$fp
    printfa.o(i._printf_core) refers to printfa.o(i._printf_pre_padding) for _printf_pre_padding
    printfa.o(i._printf_core) refers to uldiv.o(.text) for __aeabi_uldivmod
    printfa.o(i._printf_core) refers to printfa.o(i._printf_post_padding) for _printf_post_padding
    printfa.o(i._printf_core) refers to printfa.o(i._fp_digits) for _fp_digits
    printfa.o(i._printf_core) refers to uidiv.o(.text) for __aeabi_uidivmod
    printfa.o(i._printf_post_padding) refers (Special) to iusefp.o(.text) for __I$use$fp
    printfa.o(i._printf_pre_padding) refers (Special) to iusefp.o(.text) for __I$use$fp
    printfa.o(i._snputc) refers (Special) to iusefp.o(.text) for __I$use$fp
    printfa.o(i._sputc) refers (Special) to iusefp.o(.text) for __I$use$fp
    fadd.o(.text) refers (Special) to iusefp.o(.text) for __I$use$fp
    fadd.o(.text) refers to fepilogue.o(.text) for _float_epilogue
    fmul.o(.text) refers (Special) to iusefp.o(.text) for __I$use$fp
    fdiv.o(.text) refers (Special) to iusefp.o(.text) for __I$use$fp
    fdiv.o(.text) refers to fepilogue.o(.text) for _float_round
    dadd.o(.text) refers (Special) to iusefp.o(.text) for __I$use$fp
    dadd.o(.text) refers to llshl.o(.text) for __aeabi_llsl
    dadd.o(.text) refers to llsshr.o(.text) for __aeabi_lasr
    dadd.o(.text) refers to depilogue.o(.text) for _double_epilogue
    dmul.o(.text) refers (Special) to iusefp.o(.text) for __I$use$fp
    dmul.o(.text) refers to depilogue.o(.text) for _double_epilogue
    ddiv.o(.text) refers (Special) to iusefp.o(.text) for __I$use$fp
    ddiv.o(.text) refers to depilogue.o(.text) for _double_round
    fflti.o(.text) refers (Special) to iusefp.o(.text) for __I$use$fp
    fflti.o(.text) refers to fepilogue.o(.text) for _float_epilogue
    ffltui.o(.text) refers (Special) to iusefp.o(.text) for __I$use$fp
    ffltui.o(.text) refers to fepilogue.o(.text) for _float_epilogue
    dflti.o(.text) refers (Special) to iusefp.o(.text) for __I$use$fp
    dflti.o(.text) refers to depilogue.o(.text) for _double_epilogue
    dfltui.o(.text) refers (Special) to iusefp.o(.text) for __I$use$fp
    dfltui.o(.text) refers to depilogue.o(.text) for _double_epilogue
    ffixi.o(.text) refers (Special) to iusefp.o(.text) for __I$use$fp
    ffixui.o(.text) refers (Special) to iusefp.o(.text) for __I$use$fp
    f2d.o(.text) refers (Special) to iusefp.o(.text) for __I$use$fp
    cdcmple.o(.text) refers (Special) to iusefp.o(.text) for __I$use$fp
    cdrcmple.o(.text) refers (Special) to iusefp.o(.text) for __I$use$fp
    d2f.o(.text) refers (Special) to iusefp.o(.text) for __I$use$fp
    d2f.o(.text) refers to fepilogue.o(.text) for _float_round
    entry2.o(.ARM.Collect$$$$00000001) refers to entry2.o(.ARM.Collect$$$$00002712) for __lit__00000000
    entry2.o(.ARM.Collect$$$$00002712) refers to startup_stm32f10x_hd.o(STACK) for __initial_sp
    entry2.o(__vectab_stack_and_reset_area) refers to startup_stm32f10x_hd.o(STACK) for __initial_sp
    entry2.o(__vectab_stack_and_reset_area) refers to entry.o(.ARM.Collect$$$$00000000) for __main
    entry5.o(.ARM.Collect$$$$00000004) refers to init.o(.text) for __scatterload
    entry9a.o(.ARM.Collect$$$$0000000B) refers to main.o(.text) for main
    entry9b.o(.ARM.Collect$$$$0000000C) refers to main.o(.text) for main
    uldiv.o(.text) refers to llushr.o(.text) for __aeabi_llsr
    uldiv.o(.text) refers to llshl.o(.text) for __aeabi_llsl
    depilogue.o(.text) refers to llshl.o(.text) for __aeabi_llsl
    depilogue.o(.text) refers to llushr.o(.text) for __aeabi_llsr
    dfixul.o(.text) refers to llushr.o(.text) for __aeabi_llsr
    dfixul.o(.text) refers to llshl.o(.text) for __aeabi_llsl
    init.o(.text) refers to entry5.o(.ARM.Collect$$$$00000004) for __main_after_scatterload


==============================================================================

Removing Unused input sections from the image.

    Removing startup_stm32f10x_hd.o(HEAP), (512 bytes).
    Removing core_cm3.o(.emb_text), (32 bytes).
    Removing stm32f10x_bkp.o(.text), (196 bytes).
    Removing stm32f10x_can.o(.text), (2544 bytes).
    Removing stm32f10x_cec.o(.text), (288 bytes).
    Removing stm32f10x_crc.o(.text), (72 bytes).
    Removing stm32f10x_dbgmcu.o(.text), (48 bytes).
    Removing stm32f10x_exti.o(.text), (284 bytes).
    Removing stm32f10x_flash.o(.text), (1468 bytes).
    Removing stm32f10x_fsmc.o(.text), (1548 bytes).
    Removing stm32f10x_i2c.o(.text), (1028 bytes).
    Removing stm32f10x_iwdg.o(.text), (64 bytes).
    Removing stm32f10x_pwr.o(.text), (204 bytes).
    Removing stm32f10x_rtc.o(.text), (328 bytes).
    Removing stm32f10x_sdio.o(.text), (468 bytes).
    Removing stm32f10x_spi.o(.text), (780 bytes).
    Removing stm32f10x_tim.o(.text), (3610 bytes).
    Removing stm32f10x_wwdg.o(.text), (136 bytes).
    Removing bsp_gpio.o(.text), (60 bytes).
    Removing bsp_systick.o(.text), (120 bytes).

20 unused section(s) (total 13790 bytes) removed from the image.

==============================================================================

Image Symbol Table

    Local Symbols

    Symbol Name                              Value     Ov Type        Size  Object(Section)

    ../clib/microlib/division.c              0x00000000   Number         0  uldiv.o ABSOLUTE
    ../clib/microlib/division.c              0x00000000   Number         0  uidiv.o ABSOLUTE
    ../clib/microlib/init/entry.s            0x00000000   Number         0  entry9b.o ABSOLUTE
    ../clib/microlib/init/entry.s            0x00000000   Number         0  entry11a.o ABSOLUTE
    ../clib/microlib/init/entry.s            0x00000000   Number         0  entry9a.o ABSOLUTE
    ../clib/microlib/init/entry.s            0x00000000   Number         0  entry11b.o ABSOLUTE
    ../clib/microlib/init/entry.s            0x00000000   Number         0  entry10b.o ABSOLUTE
    ../clib/microlib/init/entry.s            0x00000000   Number         0  entry10a.o ABSOLUTE
    ../clib/microlib/init/entry.s            0x00000000   Number         0  entry7a.o ABSOLUTE
    ../clib/microlib/init/entry.s            0x00000000   Number         0  entry7b.o ABSOLUTE
    ../clib/microlib/init/entry.s            0x00000000   Number         0  entry8a.o ABSOLUTE
    ../clib/microlib/init/entry.s            0x00000000   Number         0  entry2.o ABSOLUTE
    ../clib/microlib/init/entry.s            0x00000000   Number         0  entry8b.o ABSOLUTE
    ../clib/microlib/init/entry.s            0x00000000   Number         0  entry5.o ABSOLUTE
    ../clib/microlib/init/entry.s            0x00000000   Number         0  entry.o ABSOLUTE
    ../clib/microlib/longlong.c              0x00000000   Number         0  llshl.o ABSOLUTE
    ../clib/microlib/longlong.c              0x00000000   Number         0  llsshr.o ABSOLUTE
    ../clib/microlib/longlong.c              0x00000000   Number         0  llushr.o ABSOLUTE
    ../clib/microlib/printf/printf.c         0x00000000   Number         0  printf5.o ABSOLUTE
    ../clib/microlib/printf/printf.c         0x00000000   Number         0  printf4.o ABSOLUTE
    ../clib/microlib/printf/printf.c         0x00000000   Number         0  printf6.o ABSOLUTE
    ../clib/microlib/printf/printf.c         0x00000000   Number         0  printf2.o ABSOLUTE
    ../clib/microlib/printf/printf.c         0x00000000   Number         0  printf1.o ABSOLUTE
    ../clib/microlib/printf/printf.c         0x00000000   Number         0  printfa.o ABSOLUTE
    ../clib/microlib/printf/printf.c         0x00000000   Number         0  printf8.o ABSOLUTE
    ../clib/microlib/printf/printf.c         0x00000000   Number         0  printf7.o ABSOLUTE
    ../clib/microlib/printf/printf.c         0x00000000   Number         0  printf3.o ABSOLUTE
    ../clib/microlib/printf/printf.c         0x00000000   Number         0  printf0.o ABSOLUTE
    ../clib/microlib/printf/printf.c         0x00000000   Number         0  printfb.o ABSOLUTE
    ../clib/microlib/printf/stubs.s          0x00000000   Number         0  stubs.o ABSOLUTE
    ../clib/microlib/stdio/streams.c         0x00000000   Number         0  stdout.o ABSOLUTE
    ../clib/microlib/string/memcpy.c         0x00000000   Number         0  memcpya.o ABSOLUTE
    ../clib/microlib/string/memcpy.c         0x00000000   Number         0  memcpyb.o ABSOLUTE
    ../clib/microlib/string/memset.c         0x00000000   Number         0  memseta.o ABSOLUTE
    ../clib/microlib/string/strlen.c         0x00000000   Number         0  strlen.o ABSOLUTE
    ../clib/microlib/string/strstr.c         0x00000000   Number         0  strstr.o ABSOLUTE
    ../clib/microlib/stubs.s                 0x00000000   Number         0  iusefp.o ABSOLUTE
    ../fplib/microlib/d2f.c                  0x00000000   Number         0  d2f.o ABSOLUTE
    ../fplib/microlib/f2d.c                  0x00000000   Number         0  f2d.o ABSOLUTE
    ../fplib/microlib/fpadd.c                0x00000000   Number         0  fadd.o ABSOLUTE
    ../fplib/microlib/fpadd.c                0x00000000   Number         0  dadd.o ABSOLUTE
    ../fplib/microlib/fpdiv.c                0x00000000   Number         0  ddiv.o ABSOLUTE
    ../fplib/microlib/fpdiv.c                0x00000000   Number         0  fdiv.o ABSOLUTE
    ../fplib/microlib/fpepilogue.c           0x00000000   Number         0  depilogue.o ABSOLUTE
    ../fplib/microlib/fpepilogue.c           0x00000000   Number         0  fepilogue.o ABSOLUTE
    ../fplib/microlib/fpfix.c                0x00000000   Number         0  ffixi.o ABSOLUTE
    ../fplib/microlib/fpfix.c                0x00000000   Number         0  dfixul.o ABSOLUTE
    ../fplib/microlib/fpfix.c                0x00000000   Number         0  ffixui.o ABSOLUTE
    ../fplib/microlib/fpflt.c                0x00000000   Number         0  fflti.o ABSOLUTE
    ../fplib/microlib/fpflt.c                0x00000000   Number         0  ffltui.o ABSOLUTE
    ../fplib/microlib/fpflt.c                0x00000000   Number         0  dflti.o ABSOLUTE
    ../fplib/microlib/fpflt.c                0x00000000   Number         0  dfltui.o ABSOLUTE
    ../fplib/microlib/fpmul.c                0x00000000   Number         0  dmul.o ABSOLUTE
    ../fplib/microlib/fpmul.c                0x00000000   Number         0  fmul.o ABSOLUTE
    ..\..\Libraries\CMSIS\core_cm3.c         0x00000000   Number         0  core_cm3.o ABSOLUTE
    ..\..\Libraries\CMSIS\startup\startup_stm32f10x_hd.s 0x00000000   Number         0  startup_stm32f10x_hd.o ABSOLUTE
    ..\..\Libraries\CMSIS\system_stm32f10x.c 0x00000000   Number         0  system_stm32f10x.o ABSOLUTE
    ..\..\Libraries\FWlib\src\misc.c         0x00000000   Number         0  misc.o ABSOLUTE
    ..\..\Libraries\FWlib\src\stm32f10x_adc.c 0x00000000   Number         0  stm32f10x_adc.o ABSOLUTE
    ..\..\Libraries\FWlib\src\stm32f10x_bkp.c 0x00000000   Number         0  stm32f10x_bkp.o ABSOLUTE
    ..\..\Libraries\FWlib\src\stm32f10x_can.c 0x00000000   Number         0  stm32f10x_can.o ABSOLUTE
    ..\..\Libraries\FWlib\src\stm32f10x_cec.c 0x00000000   Number         0  stm32f10x_cec.o ABSOLUTE
    ..\..\Libraries\FWlib\src\stm32f10x_crc.c 0x00000000   Number         0  stm32f10x_crc.o ABSOLUTE
    ..\..\Libraries\FWlib\src\stm32f10x_dac.c 0x00000000   Number         0  stm32f10x_dac.o ABSOLUTE
    ..\..\Libraries\FWlib\src\stm32f10x_dbgmcu.c 0x00000000   Number         0  stm32f10x_dbgmcu.o ABSOLUTE
    ..\..\Libraries\FWlib\src\stm32f10x_dma.c 0x00000000   Number         0  stm32f10x_dma.o ABSOLUTE
    ..\..\Libraries\FWlib\src\stm32f10x_exti.c 0x00000000   Number         0  stm32f10x_exti.o ABSOLUTE
    ..\..\Libraries\FWlib\src\stm32f10x_flash.c 0x00000000   Number         0  stm32f10x_flash.o ABSOLUTE
    ..\..\Libraries\FWlib\src\stm32f10x_fsmc.c 0x00000000   Number         0  stm32f10x_fsmc.o ABSOLUTE
    ..\..\Libraries\FWlib\src\stm32f10x_gpio.c 0x00000000   Number         0  stm32f10x_gpio.o ABSOLUTE
    ..\..\Libraries\FWlib\src\stm32f10x_i2c.c 0x00000000   Number         0  stm32f10x_i2c.o ABSOLUTE
    ..\..\Libraries\FWlib\src\stm32f10x_iwdg.c 0x00000000   Number         0  stm32f10x_iwdg.o ABSOLUTE
    ..\..\Libraries\FWlib\src\stm32f10x_pwr.c 0x00000000   Number         0  stm32f10x_pwr.o ABSOLUTE
    ..\..\Libraries\FWlib\src\stm32f10x_rcc.c 0x00000000   Number         0  stm32f10x_rcc.o ABSOLUTE
    ..\..\Libraries\FWlib\src\stm32f10x_rtc.c 0x00000000   Number         0  stm32f10x_rtc.o ABSOLUTE
    ..\..\Libraries\FWlib\src\stm32f10x_sdio.c 0x00000000   Number         0  stm32f10x_sdio.o ABSOLUTE
    ..\..\Libraries\FWlib\src\stm32f10x_spi.c 0x00000000   Number         0  stm32f10x_spi.o ABSOLUTE
    ..\..\Libraries\FWlib\src\stm32f10x_tim.c 0x00000000   Number         0  stm32f10x_tim.o ABSOLUTE
    ..\..\Libraries\FWlib\src\stm32f10x_usart.c 0x00000000   Number         0  stm32f10x_usart.o ABSOLUTE
    ..\..\Libraries\FWlib\src\stm32f10x_wwdg.c 0x00000000   Number         0  stm32f10x_wwdg.o ABSOLUTE
    ..\..\User\Beep\bsp_beep.c               0x00000000   Number         0  bsp_beep.o ABSOLUTE
    ..\..\User\Common\Common.c               0x00000000   Number         0  common.o ABSOLUTE
    ..\..\User\ESP8266\bsp_esp8266.c         0x00000000   Number         0  bsp_esp8266.o ABSOLUTE
    ..\..\User\ESP8266\bsp_esp8266_test.c    0x00000000   Number         0  bsp_esp8266_test.o ABSOLUTE
    ..\..\User\SysTick\bsp_SysTick.c         0x00000000   Number         0  bsp_systick.o ABSOLUTE
    ..\..\User\adc2\bsp_adc2.c               0x00000000   Number         0  bsp_adc2.o ABSOLUTE
    ..\..\User\adc3\bsp_adc3.c               0x00000000   Number         0  bsp_adc3.o ABSOLUTE
    ..\..\User\adc\bsp_adc.c                 0x00000000   Number         0  bsp_adc.o ABSOLUTE
    ..\..\User\dac\dac.c                     0x00000000   Number         0  dac.o ABSOLUTE
    ..\..\User\dht11\bsp_dht11.c             0x00000000   Number         0  bsp_dht11.o ABSOLUTE
    ..\..\User\dwt_delay\core_delay.c        0x00000000   Number         0  core_delay.o ABSOLUTE
    ..\..\User\gpio\bsp_gpio.c               0x00000000   Number         0  bsp_gpio.o ABSOLUTE
    ..\..\User\led\bsp_led.c                 0x00000000   Number         0  bsp_led.o ABSOLUTE
    ..\..\User\main.c                        0x00000000   Number         0  main.o ABSOLUTE
    ..\..\User\stm32f10x_it.c                0x00000000   Number         0  stm32f10x_it.o ABSOLUTE
    ..\..\User\usart\bsp_usart1.c            0x00000000   Number         0  bsp_usart1.o ABSOLUTE
    ..\..\User\water_ph\water_ph.c           0x00000000   Number         0  water_ph.o ABSOLUTE
    ..\\..\\Libraries\\CMSIS\\core_cm3.c     0x00000000   Number         0  core_cm3.o ABSOLUTE
    cdcmple.s                                0x00000000   Number         0  cdcmple.o ABSOLUTE
    cdrcmple.s                               0x00000000   Number         0  cdrcmple.o ABSOLUTE
    dc.s                                     0x00000000   Number         0  dc.o ABSOLUTE
    handlers.s                               0x00000000   Number         0  handlers.o ABSOLUTE
    init.s                                   0x00000000   Number         0  init.o ABSOLUTE
    RESET                                    0x08000000   Section      304  startup_stm32f10x_hd.o(RESET)
    .ARM.Collect$$$$00000000                 0x08000130   Section        0  entry.o(.ARM.Collect$$$$00000000)
    .ARM.Collect$$$$00000001                 0x08000130   Section        4  entry2.o(.ARM.Collect$$$$00000001)
    .ARM.Collect$$$$00000004                 0x08000134   Section        4  entry5.o(.ARM.Collect$$$$00000004)
    .ARM.Collect$$$$00000008                 0x08000138   Section        0  entry7b.o(.ARM.Collect$$$$00000008)
    .ARM.Collect$$$$0000000A                 0x08000138   Section        0  entry8b.o(.ARM.Collect$$$$0000000A)
    .ARM.Collect$$$$0000000B                 0x08000138   Section        8  entry9a.o(.ARM.Collect$$$$0000000B)
    .ARM.Collect$$$$0000000D                 0x08000140   Section        0  entry10a.o(.ARM.Collect$$$$0000000D)
    .ARM.Collect$$$$0000000F                 0x08000140   Section        0  entry11a.o(.ARM.Collect$$$$0000000F)
    .ARM.Collect$$$$00002712                 0x08000140   Section        4  entry2.o(.ARM.Collect$$$$00002712)
    __lit__00000000                          0x08000140   Data           4  entry2.o(.ARM.Collect$$$$00002712)
    .text                                    0x08000144   Section       36  startup_stm32f10x_hd.o(.text)
    .text                                    0x08000168   Section        0  system_stm32f10x.o(.text)
    SetSysClockTo72                          0x08000169   Thumb Code   214  system_stm32f10x.o(.text)
    SetSysClock                              0x0800023f   Thumb Code     8  system_stm32f10x.o(.text)
    .text                                    0x08000348   Section        0  misc.o(.text)
    .text                                    0x08000424   Section        0  stm32f10x_adc.o(.text)
    .text                                    0x08000874   Section        0  stm32f10x_dac.o(.text)
    .text                                    0x08000a00   Section        0  stm32f10x_dma.o(.text)
    .text                                    0x08000c54   Section        0  stm32f10x_gpio.o(.text)
    .text                                    0x08000fb0   Section        0  stm32f10x_rcc.o(.text)
    .text                                    0x08001354   Section        0  stm32f10x_usart.o(.text)
    .text                                    0x0800175c   Section        0  main.o(.text)
    .text                                    0x080019dc   Section        0  stm32f10x_it.o(.text)
    .text                                    0x08001a70   Section        0  bsp_usart1.o(.text)
    .text                                    0x08001b2c   Section        0  bsp_esp8266.o(.text)
    ESP8266_USART_NVIC_Configuration         0x08001b2d   Thumb Code    40  bsp_esp8266.o(.text)
    ESP8266_USART_Config                     0x08001b55   Thumb Code   148  bsp_esp8266.o(.text)
    ESP8266_GPIO_Config                      0x08001be9   Thumb Code    64  bsp_esp8266.o(.text)
    .text                                    0x08002498   Section        0  bsp_esp8266_test.o(.text)
    .text                                    0x080029c8   Section        0  common.o(.text)
    itoa                                     0x080029c9   Thumb Code    98  common.o(.text)
    .text                                    0x08002b30   Section        0  bsp_dht11.o(.text)
    DHT11_GPIO_Config                        0x08002b31   Thumb Code    38  bsp_dht11.o(.text)
    DHT11_Mode_IPU                           0x08002b67   Thumb Code    24  bsp_dht11.o(.text)
    DHT11_Mode_Out_PP                        0x08002b7f   Thumb Code    30  bsp_dht11.o(.text)
    DHT11_ReadByte                           0x08002b9d   Thumb Code    90  bsp_dht11.o(.text)
    .text                                    0x08002c98   Section        0  bsp_led.o(.text)
    LED_GPIO_Config                          0x08002c99   Thumb Code    82  bsp_led.o(.text)
    .text                                    0x08002d10   Section        0  bsp_beep.o(.text)
    Beep_GPIO_Config                         0x08002d11   Thumb Code    38  bsp_beep.o(.text)
    .text                                    0x08002d4c   Section        0  core_delay.o(.text)
    .text                                    0x08002dc8   Section        0  bsp_adc.o(.text)
    ADC1_GPIO_Config                         0x08002dc9   Thumb Code    32  bsp_adc.o(.text)
    ADC1_Mode_Config                         0x08002de9   Thumb Code   226  bsp_adc.o(.text)
    .text                                    0x08002ee8   Section        0  bsp_adc2.o(.text)
    ADC3_GPIO_Config                         0x08002ee9   Thumb Code    32  bsp_adc2.o(.text)
    ADC3_Mode_Config                         0x08002f09   Thumb Code   226  bsp_adc2.o(.text)
    .text                                    0x08003008   Section        0  bsp_adc3.o(.text)
    .text                                    0x080030fc   Section        0  dac.o(.text)
    .text                                    0x080031b8   Section        0  water_ph.o(.text)
    .text                                    0x080034ac   Section        0  memcpya.o(.text)
    .text                                    0x080034d0   Section        0  memseta.o(.text)
    .text                                    0x080034f4   Section        0  strstr.o(.text)
    .text                                    0x08003518   Section        0  strlen.o(.text)
    .text                                    0x08003526   Section        0  fadd.o(.text)
    .text                                    0x080035d6   Section        0  fmul.o(.text)
    .text                                    0x0800363a   Section        0  fdiv.o(.text)
    .text                                    0x080036b6   Section        0  dadd.o(.text)
    .text                                    0x08003804   Section        0  dmul.o(.text)
    .text                                    0x080038e8   Section        0  ddiv.o(.text)
    .text                                    0x080039c6   Section        0  fflti.o(.text)
    .text                                    0x080039d8   Section        0  ffltui.o(.text)
    .text                                    0x080039e2   Section        0  dflti.o(.text)
    .text                                    0x08003a04   Section        0  dfltui.o(.text)
    .text                                    0x08003a1e   Section        0  ffixi.o(.text)
    .text                                    0x08003a50   Section        0  ffixui.o(.text)
    .text                                    0x08003a78   Section        0  f2d.o(.text)
    .text                                    0x08003aa0   Section       48  cdcmple.o(.text)
    .text                                    0x08003ad0   Section       48  cdrcmple.o(.text)
    .text                                    0x08003b00   Section        0  d2f.o(.text)
    .text                                    0x08003b38   Section        0  uidiv.o(.text)
    .text                                    0x08003b64   Section        0  uldiv.o(.text)
    .text                                    0x08003bc6   Section        0  llshl.o(.text)
    .text                                    0x08003be4   Section        0  llsshr.o(.text)
    .text                                    0x08003c08   Section        0  fepilogue.o(.text)
    .text                                    0x08003c08   Section        0  iusefp.o(.text)
    .text                                    0x08003c76   Section        0  depilogue.o(.text)
    .text                                    0x08003d30   Section        0  dfixul.o(.text)
    .text                                    0x08003d60   Section       36  init.o(.text)
    .text                                    0x08003d84   Section        0  llushr.o(.text)
    i.__0printf                              0x08003da4   Section        0  printfa.o(i.__0printf)
    i.__0sprintf                             0x08003dc4   Section        0  printfa.o(i.__0sprintf)
    i.__scatterload_copy                     0x08003dec   Section       14  handlers.o(i.__scatterload_copy)
    i.__scatterload_null                     0x08003dfa   Section        2  handlers.o(i.__scatterload_null)
    i.__scatterload_zeroinit                 0x08003dfc   Section       14  handlers.o(i.__scatterload_zeroinit)
    i._fp_digits                             0x08003e0c   Section        0  printfa.o(i._fp_digits)
    _fp_digits                               0x08003e0d   Thumb Code   366  printfa.o(i._fp_digits)
    i._printf_core                           0x08003f90   Section        0  printfa.o(i._printf_core)
    _printf_core                             0x08003f91   Thumb Code  1744  printfa.o(i._printf_core)
    i._printf_post_padding                   0x0800466c   Section        0  printfa.o(i._printf_post_padding)
    _printf_post_padding                     0x0800466d   Thumb Code    36  printfa.o(i._printf_post_padding)
    i._printf_pre_padding                    0x08004690   Section        0  printfa.o(i._printf_pre_padding)
    _printf_pre_padding                      0x08004691   Thumb Code    46  printfa.o(i._printf_pre_padding)
    i._sputc                                 0x080046be   Section        0  printfa.o(i._sputc)
    _sputc                                   0x080046bf   Thumb Code    10  printfa.o(i._sputc)
    .conststring                             0x080046c8   Section      187  bsp_esp8266_test.o(.conststring)
    .data                                    0x20000000   Section       20  system_stm32f10x.o(.data)
    .data                                    0x20000014   Section       20  stm32f10x_rcc.o(.data)
    APBAHBPrescTable                         0x20000014   Data          16  stm32f10x_rcc.o(.data)
    ADCPrescTable                            0x20000024   Data           4  stm32f10x_rcc.o(.data)
    .data                                    0x20000028   Section       12  main.o(.data)
    .data                                    0x20000034   Section       21  bsp_esp8266_test.o(.data)
    .data                                    0x2000004a   Section        2  bsp_adc.o(.data)
    .data                                    0x2000004c   Section        2  bsp_adc2.o(.data)
    .data                                    0x2000004e   Section        2  bsp_adc3.o(.data)
    .data                                    0x20000050   Section       37  water_ph.o(.data)
    .data                                    0x20000078   Section        4  stdout.o(.data)
    .bss                                     0x2000007c   Section     1026  bsp_esp8266.o(.bss)
    .bss                                     0x2000047e   Section      100  bsp_esp8266_test.o(.bss)
    .bss                                     0x200004e4   Section      200  water_ph.o(.bss)
    STACK                                    0x200005b0   Section     1024  startup_stm32f10x_hd.o(STACK)

    Global Symbols

    Symbol Name                              Value     Ov Type        Size  Object(Section)

    BuildAttributes$$THM_ISAv4$P$D$K$B$S$PE$A:L22UL41UL21$X:L11$S22US41US21$IEEE1$IW$USESV6$~STKCKD$USESV7$~SHL$OTIME$ROPI$EBA8$MICROLIB$REQ8$PRES8$EABIv2 0x00000000   Number         0  anon$$obj.o ABSOLUTE
    __ARM_use_no_argv                        0x00000000   Number         0  main.o ABSOLUTE
    _printf_a                                0x00000000   Number         0  stubs.o ABSOLUTE
    _printf_c                                0x00000000   Number         0  stubs.o ABSOLUTE
    _printf_charcount                        0x00000000   Number         0  stubs.o ABSOLUTE
    _printf_d                                0x00000000   Number         0  stubs.o ABSOLUTE
    _printf_e                                0x00000000   Number         0  stubs.o ABSOLUTE
    _printf_f                                0x00000000   Number         0  stubs.o ABSOLUTE
    _printf_flags                            0x00000000   Number         0  stubs.o ABSOLUTE
    _printf_fp_dec                           0x00000000   Number         0  stubs.o ABSOLUTE
    _printf_fp_hex                           0x00000000   Number         0  stubs.o ABSOLUTE
    _printf_g                                0x00000000   Number         0  stubs.o ABSOLUTE
    _printf_i                                0x00000000   Number         0  stubs.o ABSOLUTE
    _printf_int_dec                          0x00000000   Number         0  stubs.o ABSOLUTE
    _printf_l                                0x00000000   Number         0  stubs.o ABSOLUTE
    _printf_lc                               0x00000000   Number         0  stubs.o ABSOLUTE
    _printf_ll                               0x00000000   Number         0  stubs.o ABSOLUTE
    _printf_lld                              0x00000000   Number         0  stubs.o ABSOLUTE
    _printf_lli                              0x00000000   Number         0  stubs.o ABSOLUTE
    _printf_llo                              0x00000000   Number         0  stubs.o ABSOLUTE
    _printf_llu                              0x00000000   Number         0  stubs.o ABSOLUTE
    _printf_llx                              0x00000000   Number         0  stubs.o ABSOLUTE
    _printf_longlong_dec                     0x00000000   Number         0  stubs.o ABSOLUTE
    _printf_longlong_hex                     0x00000000   Number         0  stubs.o ABSOLUTE
    _printf_longlong_oct                     0x00000000   Number         0  stubs.o ABSOLUTE
    _printf_ls                               0x00000000   Number         0  stubs.o ABSOLUTE
    _printf_mbtowc                           0x00000000   Number         0  stubs.o ABSOLUTE
    _printf_n                                0x00000000   Number         0  stubs.o ABSOLUTE
    _printf_o                                0x00000000   Number         0  stubs.o ABSOLUTE
    _printf_p                                0x00000000   Number         0  stubs.o ABSOLUTE
    _printf_percent                          0x00000000   Number         0  stubs.o ABSOLUTE
    _printf_pre_padding                      0x00000000   Number         0  stubs.o ABSOLUTE
    _printf_return_value                     0x00000000   Number         0  stubs.o ABSOLUTE
    _printf_s                                0x00000000   Number         0  stubs.o ABSOLUTE
    _printf_sizespec                         0x00000000   Number         0  stubs.o ABSOLUTE
    _printf_str                              0x00000000   Number         0  stubs.o ABSOLUTE
    _printf_truncate_signed                  0x00000000   Number         0  stubs.o ABSOLUTE
    _printf_truncate_unsigned                0x00000000   Number         0  stubs.o ABSOLUTE
    _printf_u                                0x00000000   Number         0  stubs.o ABSOLUTE
    _printf_wc                               0x00000000   Number         0  stubs.o ABSOLUTE
    _printf_wctomb                           0x00000000   Number         0  stubs.o ABSOLUTE
    _printf_widthprec                        0x00000000   Number         0  stubs.o ABSOLUTE
    _printf_x                                0x00000000   Number         0  stubs.o ABSOLUTE
    __cpp_initialize__aeabi_                  - Undefined Weak Reference
    __cxa_finalize                            - Undefined Weak Reference
    __decompress                              - Undefined Weak Reference
    _clock_init                               - Undefined Weak Reference
    _microlib_exit                            - Undefined Weak Reference
    __Vectors_Size                           0x00000130   Number         0  startup_stm32f10x_hd.o ABSOLUTE
    __Vectors                                0x08000000   Data           4  startup_stm32f10x_hd.o(RESET)
    __Vectors_End                            0x08000130   Data           0  startup_stm32f10x_hd.o(RESET)
    __main                                   0x08000131   Thumb Code     0  entry.o(.ARM.Collect$$$$00000000)
    _main_stk                                0x08000131   Thumb Code     0  entry2.o(.ARM.Collect$$$$00000001)
    _main_scatterload                        0x08000135   Thumb Code     0  entry5.o(.ARM.Collect$$$$00000004)
    __main_after_scatterload                 0x08000139   Thumb Code     0  entry5.o(.ARM.Collect$$$$00000004)
    _main_clock                              0x08000139   Thumb Code     0  entry7b.o(.ARM.Collect$$$$00000008)
    _main_cpp_init                           0x08000139   Thumb Code     0  entry8b.o(.ARM.Collect$$$$0000000A)
    _main_init                               0x08000139   Thumb Code     0  entry9a.o(.ARM.Collect$$$$0000000B)
    __rt_final_cpp                           0x08000141   Thumb Code     0  entry10a.o(.ARM.Collect$$$$0000000D)
    __rt_final_exit                          0x08000141   Thumb Code     0  entry11a.o(.ARM.Collect$$$$0000000F)
    Reset_Handler                            0x08000145   Thumb Code     8  startup_stm32f10x_hd.o(.text)
    ADC1_2_IRQHandler                        0x0800015f   Thumb Code     0  startup_stm32f10x_hd.o(.text)
    ADC3_IRQHandler                          0x0800015f   Thumb Code     0  startup_stm32f10x_hd.o(.text)
    CAN1_RX1_IRQHandler                      0x0800015f   Thumb Code     0  startup_stm32f10x_hd.o(.text)
    CAN1_SCE_IRQHandler                      0x0800015f   Thumb Code     0  startup_stm32f10x_hd.o(.text)
    DMA1_Channel1_IRQHandler                 0x0800015f   Thumb Code     0  startup_stm32f10x_hd.o(.text)
    DMA1_Channel2_IRQHandler                 0x0800015f   Thumb Code     0  startup_stm32f10x_hd.o(.text)
    DMA1_Channel3_IRQHandler                 0x0800015f   Thumb Code     0  startup_stm32f10x_hd.o(.text)
    DMA1_Channel4_IRQHandler                 0x0800015f   Thumb Code     0  startup_stm32f10x_hd.o(.text)
    DMA1_Channel5_IRQHandler                 0x0800015f   Thumb Code     0  startup_stm32f10x_hd.o(.text)
    DMA1_Channel6_IRQHandler                 0x0800015f   Thumb Code     0  startup_stm32f10x_hd.o(.text)
    DMA1_Channel7_IRQHandler                 0x0800015f   Thumb Code     0  startup_stm32f10x_hd.o(.text)
    DMA2_Channel1_IRQHandler                 0x0800015f   Thumb Code     0  startup_stm32f10x_hd.o(.text)
    DMA2_Channel2_IRQHandler                 0x0800015f   Thumb Code     0  startup_stm32f10x_hd.o(.text)
    DMA2_Channel3_IRQHandler                 0x0800015f   Thumb Code     0  startup_stm32f10x_hd.o(.text)
    DMA2_Channel4_5_IRQHandler               0x0800015f   Thumb Code     0  startup_stm32f10x_hd.o(.text)
    EXTI0_IRQHandler                         0x0800015f   Thumb Code     0  startup_stm32f10x_hd.o(.text)
    EXTI15_10_IRQHandler                     0x0800015f   Thumb Code     0  startup_stm32f10x_hd.o(.text)
    EXTI1_IRQHandler                         0x0800015f   Thumb Code     0  startup_stm32f10x_hd.o(.text)
    EXTI2_IRQHandler                         0x0800015f   Thumb Code     0  startup_stm32f10x_hd.o(.text)
    EXTI3_IRQHandler                         0x0800015f   Thumb Code     0  startup_stm32f10x_hd.o(.text)
    EXTI4_IRQHandler                         0x0800015f   Thumb Code     0  startup_stm32f10x_hd.o(.text)
    EXTI9_5_IRQHandler                       0x0800015f   Thumb Code     0  startup_stm32f10x_hd.o(.text)
    FLASH_IRQHandler                         0x0800015f   Thumb Code     0  startup_stm32f10x_hd.o(.text)
    FSMC_IRQHandler                          0x0800015f   Thumb Code     0  startup_stm32f10x_hd.o(.text)
    I2C1_ER_IRQHandler                       0x0800015f   Thumb Code     0  startup_stm32f10x_hd.o(.text)
    I2C1_EV_IRQHandler                       0x0800015f   Thumb Code     0  startup_stm32f10x_hd.o(.text)
    I2C2_ER_IRQHandler                       0x0800015f   Thumb Code     0  startup_stm32f10x_hd.o(.text)
    I2C2_EV_IRQHandler                       0x0800015f   Thumb Code     0  startup_stm32f10x_hd.o(.text)
    PVD_IRQHandler                           0x0800015f   Thumb Code     0  startup_stm32f10x_hd.o(.text)
    RCC_IRQHandler                           0x0800015f   Thumb Code     0  startup_stm32f10x_hd.o(.text)
    RTCAlarm_IRQHandler                      0x0800015f   Thumb Code     0  startup_stm32f10x_hd.o(.text)
    RTC_IRQHandler                           0x0800015f   Thumb Code     0  startup_stm32f10x_hd.o(.text)
    SDIO_IRQHandler                          0x0800015f   Thumb Code     0  startup_stm32f10x_hd.o(.text)
    SPI1_IRQHandler                          0x0800015f   Thumb Code     0  startup_stm32f10x_hd.o(.text)
    SPI2_IRQHandler                          0x0800015f   Thumb Code     0  startup_stm32f10x_hd.o(.text)
    SPI3_IRQHandler                          0x0800015f   Thumb Code     0  startup_stm32f10x_hd.o(.text)
    TAMPER_IRQHandler                        0x0800015f   Thumb Code     0  startup_stm32f10x_hd.o(.text)
    TIM1_BRK_IRQHandler                      0x0800015f   Thumb Code     0  startup_stm32f10x_hd.o(.text)
    TIM1_CC_IRQHandler                       0x0800015f   Thumb Code     0  startup_stm32f10x_hd.o(.text)
    TIM1_TRG_COM_IRQHandler                  0x0800015f   Thumb Code     0  startup_stm32f10x_hd.o(.text)
    TIM1_UP_IRQHandler                       0x0800015f   Thumb Code     0  startup_stm32f10x_hd.o(.text)
    TIM2_IRQHandler                          0x0800015f   Thumb Code     0  startup_stm32f10x_hd.o(.text)
    TIM3_IRQHandler                          0x0800015f   Thumb Code     0  startup_stm32f10x_hd.o(.text)
    TIM4_IRQHandler                          0x0800015f   Thumb Code     0  startup_stm32f10x_hd.o(.text)
    TIM5_IRQHandler                          0x0800015f   Thumb Code     0  startup_stm32f10x_hd.o(.text)
    TIM6_IRQHandler                          0x0800015f   Thumb Code     0  startup_stm32f10x_hd.o(.text)
    TIM7_IRQHandler                          0x0800015f   Thumb Code     0  startup_stm32f10x_hd.o(.text)
    TIM8_BRK_IRQHandler                      0x0800015f   Thumb Code     0  startup_stm32f10x_hd.o(.text)
    TIM8_CC_IRQHandler                       0x0800015f   Thumb Code     0  startup_stm32f10x_hd.o(.text)
    TIM8_TRG_COM_IRQHandler                  0x0800015f   Thumb Code     0  startup_stm32f10x_hd.o(.text)
    TIM8_UP_IRQHandler                       0x0800015f   Thumb Code     0  startup_stm32f10x_hd.o(.text)
    UART4_IRQHandler                         0x0800015f   Thumb Code     0  startup_stm32f10x_hd.o(.text)
    UART5_IRQHandler                         0x0800015f   Thumb Code     0  startup_stm32f10x_hd.o(.text)
    USART1_IRQHandler                        0x0800015f   Thumb Code     0  startup_stm32f10x_hd.o(.text)
    USART2_IRQHandler                        0x0800015f   Thumb Code     0  startup_stm32f10x_hd.o(.text)
    USBWakeUp_IRQHandler                     0x0800015f   Thumb Code     0  startup_stm32f10x_hd.o(.text)
    USB_HP_CAN1_TX_IRQHandler                0x0800015f   Thumb Code     0  startup_stm32f10x_hd.o(.text)
    USB_LP_CAN1_RX0_IRQHandler               0x0800015f   Thumb Code     0  startup_stm32f10x_hd.o(.text)
    WWDG_IRQHandler                          0x0800015f   Thumb Code     0  startup_stm32f10x_hd.o(.text)
    SystemInit                               0x08000247   Thumb Code    78  system_stm32f10x.o(.text)
    SystemCoreClockUpdate                    0x08000295   Thumb Code   142  system_stm32f10x.o(.text)
    NVIC_PriorityGroupConfig                 0x08000349   Thumb Code    10  misc.o(.text)
    NVIC_Init                                0x08000353   Thumb Code   100  misc.o(.text)
    NVIC_SetVectorTable                      0x080003b7   Thumb Code    14  misc.o(.text)
    NVIC_SystemLPConfig                      0x080003c5   Thumb Code    34  misc.o(.text)
    SysTick_CLKSourceConfig                  0x080003e7   Thumb Code    40  misc.o(.text)
    ADC_DeInit                               0x08000425   Thumb Code    78  stm32f10x_adc.o(.text)
    ADC_Init                                 0x08000473   Thumb Code    70  stm32f10x_adc.o(.text)
    ADC_StructInit                           0x080004b9   Thumb Code    18  stm32f10x_adc.o(.text)
    ADC_Cmd                                  0x080004cb   Thumb Code    22  stm32f10x_adc.o(.text)
    ADC_DMACmd                               0x080004e1   Thumb Code    22  stm32f10x_adc.o(.text)
    ADC_ITConfig                             0x080004f7   Thumb Code    24  stm32f10x_adc.o(.text)
    ADC_ResetCalibration                     0x0800050f   Thumb Code    10  stm32f10x_adc.o(.text)
    ADC_GetResetCalibrationStatus            0x08000519   Thumb Code    20  stm32f10x_adc.o(.text)
    ADC_StartCalibration                     0x0800052d   Thumb Code    10  stm32f10x_adc.o(.text)
    ADC_GetCalibrationStatus                 0x08000537   Thumb Code    20  stm32f10x_adc.o(.text)
    ADC_SoftwareStartConvCmd                 0x0800054b   Thumb Code    22  stm32f10x_adc.o(.text)
    ADC_GetSoftwareStartConvStatus           0x08000561   Thumb Code    20  stm32f10x_adc.o(.text)
    ADC_DiscModeChannelCountConfig           0x08000575   Thumb Code    24  stm32f10x_adc.o(.text)
    ADC_DiscModeCmd                          0x0800058d   Thumb Code    22  stm32f10x_adc.o(.text)
    ADC_RegularChannelConfig                 0x080005a3   Thumb Code   184  stm32f10x_adc.o(.text)
    ADC_ExternalTrigConvCmd                  0x0800065b   Thumb Code    22  stm32f10x_adc.o(.text)
    ADC_GetConversionValue                   0x08000671   Thumb Code     8  stm32f10x_adc.o(.text)
    ADC_GetDualModeConversionValue           0x08000679   Thumb Code     8  stm32f10x_adc.o(.text)
    ADC_AutoInjectedConvCmd                  0x08000681   Thumb Code    22  stm32f10x_adc.o(.text)
    ADC_InjectedDiscModeCmd                  0x08000697   Thumb Code    22  stm32f10x_adc.o(.text)
    ADC_ExternalTrigInjectedConvConfig       0x080006ad   Thumb Code    16  stm32f10x_adc.o(.text)
    ADC_ExternalTrigInjectedConvCmd          0x080006bd   Thumb Code    22  stm32f10x_adc.o(.text)
    ADC_SoftwareStartInjectedConvCmd         0x080006d3   Thumb Code    22  stm32f10x_adc.o(.text)
    ADC_GetSoftwareStartInjectedConvCmdStatus 0x080006e9   Thumb Code    20  stm32f10x_adc.o(.text)
    ADC_InjectedChannelConfig                0x080006fd   Thumb Code   130  stm32f10x_adc.o(.text)
    ADC_InjectedSequencerLengthConfig        0x0800077f   Thumb Code    24  stm32f10x_adc.o(.text)
    ADC_SetInjectedOffset                    0x08000797   Thumb Code    20  stm32f10x_adc.o(.text)
    ADC_GetInjectedConversionValue           0x080007ab   Thumb Code    28  stm32f10x_adc.o(.text)
    ADC_AnalogWatchdogCmd                    0x080007c7   Thumb Code    16  stm32f10x_adc.o(.text)
    ADC_AnalogWatchdogThresholdsConfig       0x080007d7   Thumb Code     6  stm32f10x_adc.o(.text)
    ADC_AnalogWatchdogSingleChannelConfig    0x080007dd   Thumb Code    16  stm32f10x_adc.o(.text)
    ADC_TempSensorVrefintCmd                 0x080007ed   Thumb Code    64  stm32f10x_adc.o(.text)
    ADC_GetFlagStatus                        0x0800082d   Thumb Code    18  stm32f10x_adc.o(.text)
    ADC_ClearFlag                            0x0800083f   Thumb Code     6  stm32f10x_adc.o(.text)
    ADC_GetITStatus                          0x08000845   Thumb Code    36  stm32f10x_adc.o(.text)
    ADC_ClearITPendingBit                    0x08000869   Thumb Code    10  stm32f10x_adc.o(.text)
    DAC_DeInit                               0x08000875   Thumb Code    22  stm32f10x_dac.o(.text)
    DAC_Init                                 0x0800088b   Thumb Code    46  stm32f10x_dac.o(.text)
    DAC_StructInit                           0x080008b9   Thumb Code    12  stm32f10x_dac.o(.text)
    DAC_Cmd                                  0x080008c5   Thumb Code    34  stm32f10x_dac.o(.text)
    DAC_DMACmd                               0x080008e7   Thumb Code    38  stm32f10x_dac.o(.text)
    DAC_SoftwareTriggerCmd                   0x0800090d   Thumb Code    48  stm32f10x_dac.o(.text)
    DAC_DualSoftwareTriggerCmd               0x0800093d   Thumb Code    38  stm32f10x_dac.o(.text)
    DAC_WaveGenerationCmd                    0x08000963   Thumb Code    36  stm32f10x_dac.o(.text)
    DAC_SetChannel1Data                      0x08000987   Thumb Code    26  stm32f10x_dac.o(.text)
    DAC_SetChannel2Data                      0x080009a1   Thumb Code    26  stm32f10x_dac.o(.text)
    DAC_SetDualChannelData                   0x080009bb   Thumb Code    32  stm32f10x_dac.o(.text)
    DAC_GetDataOutputValue                   0x080009db   Thumb Code    32  stm32f10x_dac.o(.text)
    DMA_DeInit                               0x08000a01   Thumb Code   324  stm32f10x_dma.o(.text)
    DMA_Init                                 0x08000b45   Thumb Code    60  stm32f10x_dma.o(.text)
    DMA_StructInit                           0x08000b81   Thumb Code    26  stm32f10x_dma.o(.text)
    DMA_Cmd                                  0x08000b9b   Thumb Code    24  stm32f10x_dma.o(.text)
    DMA_ITConfig                             0x08000bb3   Thumb Code    18  stm32f10x_dma.o(.text)
    DMA_SetCurrDataCounter                   0x08000bc5   Thumb Code     4  stm32f10x_dma.o(.text)
    DMA_GetCurrDataCounter                   0x08000bc9   Thumb Code     8  stm32f10x_dma.o(.text)
    DMA_GetFlagStatus                        0x08000bd1   Thumb Code    40  stm32f10x_dma.o(.text)
    DMA_ClearFlag                            0x08000bf9   Thumb Code    22  stm32f10x_dma.o(.text)
    DMA_GetITStatus                          0x08000c0f   Thumb Code    40  stm32f10x_dma.o(.text)
    DMA_ClearITPendingBit                    0x08000c37   Thumb Code    22  stm32f10x_dma.o(.text)
    GPIO_DeInit                              0x08000c55   Thumb Code   172  stm32f10x_gpio.o(.text)
    GPIO_AFIODeInit                          0x08000d01   Thumb Code    20  stm32f10x_gpio.o(.text)
    GPIO_Init                                0x08000d15   Thumb Code   278  stm32f10x_gpio.o(.text)
    GPIO_StructInit                          0x08000e2b   Thumb Code    16  stm32f10x_gpio.o(.text)
    GPIO_ReadInputDataBit                    0x08000e3b   Thumb Code    18  stm32f10x_gpio.o(.text)
    GPIO_ReadInputData                       0x08000e4d   Thumb Code     8  stm32f10x_gpio.o(.text)
    GPIO_ReadOutputDataBit                   0x08000e55   Thumb Code    18  stm32f10x_gpio.o(.text)
    GPIO_ReadOutputData                      0x08000e67   Thumb Code     8  stm32f10x_gpio.o(.text)
    GPIO_SetBits                             0x08000e6f   Thumb Code     4  stm32f10x_gpio.o(.text)
    GPIO_ResetBits                           0x08000e73   Thumb Code     4  stm32f10x_gpio.o(.text)
    GPIO_WriteBit                            0x08000e77   Thumb Code    10  stm32f10x_gpio.o(.text)
    GPIO_Write                               0x08000e81   Thumb Code     4  stm32f10x_gpio.o(.text)
    GPIO_PinLockConfig                       0x08000e85   Thumb Code    18  stm32f10x_gpio.o(.text)
    GPIO_EventOutputConfig                   0x08000e97   Thumb Code    26  stm32f10x_gpio.o(.text)
    GPIO_EventOutputCmd                      0x08000eb1   Thumb Code     6  stm32f10x_gpio.o(.text)
    GPIO_PinRemapConfig                      0x08000eb7   Thumb Code   138  stm32f10x_gpio.o(.text)
    GPIO_EXTILineConfig                      0x08000f41   Thumb Code    66  stm32f10x_gpio.o(.text)
    GPIO_ETH_MediaInterfaceConfig            0x08000f83   Thumb Code     8  stm32f10x_gpio.o(.text)
    RCC_DeInit                               0x08000fb1   Thumb Code    64  stm32f10x_rcc.o(.text)
    RCC_HSEConfig                            0x08000ff1   Thumb Code    70  stm32f10x_rcc.o(.text)
    RCC_GetFlagStatus                        0x08001037   Thumb Code    56  stm32f10x_rcc.o(.text)
    RCC_WaitForHSEStartUp                    0x0800106f   Thumb Code    56  stm32f10x_rcc.o(.text)
    RCC_AdjustHSICalibrationValue            0x080010a7   Thumb Code    20  stm32f10x_rcc.o(.text)
    RCC_HSICmd                               0x080010bb   Thumb Code     6  stm32f10x_rcc.o(.text)
    RCC_PLLConfig                            0x080010c1   Thumb Code    24  stm32f10x_rcc.o(.text)
    RCC_PLLCmd                               0x080010d9   Thumb Code     6  stm32f10x_rcc.o(.text)
    RCC_SYSCLKConfig                         0x080010df   Thumb Code    18  stm32f10x_rcc.o(.text)
    RCC_GetSYSCLKSource                      0x080010f1   Thumb Code    10  stm32f10x_rcc.o(.text)
    RCC_HCLKConfig                           0x080010fb   Thumb Code    18  stm32f10x_rcc.o(.text)
    RCC_PCLK1Config                          0x0800110d   Thumb Code    18  stm32f10x_rcc.o(.text)
    RCC_PCLK2Config                          0x0800111f   Thumb Code    20  stm32f10x_rcc.o(.text)
    RCC_ITConfig                             0x08001133   Thumb Code    26  stm32f10x_rcc.o(.text)
    RCC_USBCLKConfig                         0x0800114d   Thumb Code     8  stm32f10x_rcc.o(.text)
    RCC_ADCCLKConfig                         0x08001155   Thumb Code    18  stm32f10x_rcc.o(.text)
    RCC_LSEConfig                            0x08001167   Thumb Code    50  stm32f10x_rcc.o(.text)
    RCC_LSICmd                               0x08001199   Thumb Code     6  stm32f10x_rcc.o(.text)
    RCC_RTCCLKConfig                         0x0800119f   Thumb Code    12  stm32f10x_rcc.o(.text)
    RCC_RTCCLKCmd                            0x080011ab   Thumb Code     8  stm32f10x_rcc.o(.text)
    RCC_GetClocksFreq                        0x080011b3   Thumb Code   192  stm32f10x_rcc.o(.text)
    RCC_AHBPeriphClockCmd                    0x08001273   Thumb Code    26  stm32f10x_rcc.o(.text)
    RCC_APB2PeriphClockCmd                   0x0800128d   Thumb Code    26  stm32f10x_rcc.o(.text)
    RCC_APB1PeriphClockCmd                   0x080012a7   Thumb Code    26  stm32f10x_rcc.o(.text)
    RCC_APB2PeriphResetCmd                   0x080012c1   Thumb Code    26  stm32f10x_rcc.o(.text)
    RCC_APB1PeriphResetCmd                   0x080012db   Thumb Code    26  stm32f10x_rcc.o(.text)
    RCC_BackupResetCmd                       0x080012f5   Thumb Code     8  stm32f10x_rcc.o(.text)
    RCC_ClockSecuritySystemCmd               0x080012fd   Thumb Code     6  stm32f10x_rcc.o(.text)
    RCC_MCOConfig                            0x08001303   Thumb Code     6  stm32f10x_rcc.o(.text)
    RCC_ClearFlag                            0x08001309   Thumb Code    14  stm32f10x_rcc.o(.text)
    RCC_GetITStatus                          0x08001317   Thumb Code    20  stm32f10x_rcc.o(.text)
    RCC_ClearITPendingBit                    0x0800132b   Thumb Code     6  stm32f10x_rcc.o(.text)
    USART_DeInit                             0x08001355   Thumb Code   134  stm32f10x_usart.o(.text)
    USART_Init                               0x080013db   Thumb Code   210  stm32f10x_usart.o(.text)
    USART_StructInit                         0x080014ad   Thumb Code    24  stm32f10x_usart.o(.text)
    USART_ClockInit                          0x080014c5   Thumb Code    34  stm32f10x_usart.o(.text)
    USART_ClockStructInit                    0x080014e7   Thumb Code    12  stm32f10x_usart.o(.text)
    USART_Cmd                                0x080014f3   Thumb Code    24  stm32f10x_usart.o(.text)
    USART_ITConfig                           0x0800150b   Thumb Code    74  stm32f10x_usart.o(.text)
    USART_DMACmd                             0x08001555   Thumb Code    18  stm32f10x_usart.o(.text)
    USART_SetAddress                         0x08001567   Thumb Code    18  stm32f10x_usart.o(.text)
    USART_WakeUpConfig                       0x08001579   Thumb Code    18  stm32f10x_usart.o(.text)
    USART_ReceiverWakeUpCmd                  0x0800158b   Thumb Code    24  stm32f10x_usart.o(.text)
    USART_LINBreakDetectLengthConfig         0x080015a3   Thumb Code    18  stm32f10x_usart.o(.text)
    USART_LINCmd                             0x080015b5   Thumb Code    24  stm32f10x_usart.o(.text)
    USART_SendData                           0x080015cd   Thumb Code     8  stm32f10x_usart.o(.text)
    USART_ReceiveData                        0x080015d5   Thumb Code    10  stm32f10x_usart.o(.text)
    USART_SendBreak                          0x080015df   Thumb Code    10  stm32f10x_usart.o(.text)
    USART_SetGuardTime                       0x080015e9   Thumb Code    16  stm32f10x_usart.o(.text)
    USART_SetPrescaler                       0x080015f9   Thumb Code    16  stm32f10x_usart.o(.text)
    USART_SmartCardCmd                       0x08001609   Thumb Code    24  stm32f10x_usart.o(.text)
    USART_SmartCardNACKCmd                   0x08001621   Thumb Code    24  stm32f10x_usart.o(.text)
    USART_HalfDuplexCmd                      0x08001639   Thumb Code    24  stm32f10x_usart.o(.text)
    USART_OverSampling8Cmd                   0x08001651   Thumb Code    22  stm32f10x_usart.o(.text)
    USART_OneBitMethodCmd                    0x08001667   Thumb Code    24  stm32f10x_usart.o(.text)
    USART_IrDAConfig                         0x0800167f   Thumb Code    18  stm32f10x_usart.o(.text)
    USART_IrDACmd                            0x08001691   Thumb Code    24  stm32f10x_usart.o(.text)
    USART_GetFlagStatus                      0x080016a9   Thumb Code    26  stm32f10x_usart.o(.text)
    USART_ClearFlag                          0x080016c3   Thumb Code    18  stm32f10x_usart.o(.text)
    USART_GetITStatus                        0x080016d5   Thumb Code    84  stm32f10x_usart.o(.text)
    USART_ClearITPendingBit                  0x08001729   Thumb Code    52  stm32f10x_usart.o(.text)
    Delay                                    0x0800175d   Thumb Code    18  main.o(.text)
    main                                     0x0800176f   Thumb Code   382  main.o(.text)
    NMI_Handler                              0x080019dd   Thumb Code     2  stm32f10x_it.o(.text)
    HardFault_Handler                        0x080019df   Thumb Code     4  stm32f10x_it.o(.text)
    MemManage_Handler                        0x080019e3   Thumb Code     4  stm32f10x_it.o(.text)
    BusFault_Handler                         0x080019e7   Thumb Code     4  stm32f10x_it.o(.text)
    UsageFault_Handler                       0x080019eb   Thumb Code     4  stm32f10x_it.o(.text)
    SVC_Handler                              0x080019ef   Thumb Code     2  stm32f10x_it.o(.text)
    DebugMon_Handler                         0x080019f1   Thumb Code     2  stm32f10x_it.o(.text)
    PendSV_Handler                           0x080019f3   Thumb Code     2  stm32f10x_it.o(.text)
    SysTick_Handler                          0x080019f5   Thumb Code     2  stm32f10x_it.o(.text)
    USART3_IRQHandler                        0x080019f7   Thumb Code   112  stm32f10x_it.o(.text)
    USARTx_Config                            0x08001a71   Thumb Code   120  bsp_usart1.o(.text)
    fputc                                    0x08001ae9   Thumb Code    32  bsp_usart1.o(.text)
    fgetc                                    0x08001b09   Thumb Code    26  bsp_usart1.o(.text)
    ESP8266_Init                             0x08001c29   Thumb Code    32  bsp_esp8266.o(.text)
    ESP8266_Rst                              0x08001c49   Thumb Code    30  bsp_esp8266.o(.text)
    ESP8266_Cmd                              0x08001c67   Thumb Code   170  bsp_esp8266.o(.text)
    ESP8266_AT_Test                          0x08001d11   Thumb Code    80  bsp_esp8266.o(.text)
    ESP8266_Net_Mode_Choose                  0x08001d61   Thumb Code    68  bsp_esp8266.o(.text)
    ESP8266_JoinAP                           0x08001da5   Thumb Code    38  bsp_esp8266.o(.text)
    ESP8266_BuildAP                          0x08001dcb   Thumb Code    42  bsp_esp8266.o(.text)
    ESP8266_Enable_MultipleId                0x08001df5   Thumb Code    42  bsp_esp8266.o(.text)
    ESP8266_Link_Server                      0x08001e1f   Thumb Code   110  bsp_esp8266.o(.text)
    ESP8266_StartOrShutServer                0x08001e8d   Thumb Code   104  bsp_esp8266.o(.text)
    ESP8266_Get_LinkStatus                   0x08001ef5   Thumb Code    64  bsp_esp8266.o(.text)
    ESP8266_Get_IdLinkStatus                 0x08001f35   Thumb Code   532  bsp_esp8266.o(.text)
    ESP8266_Inquire_ApIp                     0x08002149   Thumb Code    80  bsp_esp8266.o(.text)
    ESP8266_Inquire_StaIp                    0x08002199   Thumb Code    80  bsp_esp8266.o(.text)
    ESP8266_UnvarnishSend                    0x080021e9   Thumb Code    42  bsp_esp8266.o(.text)
    ESP8266_ExitUnvarnishSend                0x08002213   Thumb Code    24  bsp_esp8266.o(.text)
    ESP8266_SendString                       0x0800222b   Thumb Code   102  bsp_esp8266.o(.text)
    ESP8266_ReceiveString                    0x08002291   Thumb Code    88  bsp_esp8266.o(.text)
    ESP8266_CWLIF                            0x080022e9   Thumb Code    86  bsp_esp8266.o(.text)
    ESP8266_CIPAP                            0x0800233f   Thumb Code    44  bsp_esp8266.o(.text)
    ESP8266_CIPSTA                           0x0800236b   Thumb Code    44  bsp_esp8266.o(.text)
    ESP8266_ApTcpServer_ConfigTest           0x08002499   Thumb Code   184  bsp_esp8266_test.o(.text)
    ESP8266_CheckRecv_SendDataTest           0x08002551   Thumb Code   662  bsp_esp8266_test.o(.text)
    USART_printf                             0x08002a2b   Thumb Code   262  common.o(.text)
    DHT11_Init                               0x08002b57   Thumb Code    16  bsp_dht11.o(.text)
    DHT11_Read_TempAndHumidity               0x08002bf7   Thumb Code   156  bsp_dht11.o(.text)
    LED_Init                                 0x08002ceb   Thumb Code    32  bsp_led.o(.text)
    Beep_Init                                0x08002d37   Thumb Code    16  bsp_beep.o(.text)
    CPU_TS_TmrInit                           0x08002d4d   Thumb Code    30  core_delay.o(.text)
    CPU_TS_TmrRd                             0x08002d6b   Thumb Code     6  core_delay.o(.text)
    CPU_TS_Tmr_Delay_US                      0x08002d71   Thumb Code    72  core_delay.o(.text)
    ADC1_Init                                0x08002ecb   Thumb Code    12  bsp_adc.o(.text)
    ADC3_Init                                0x08002feb   Thumb Code    12  bsp_adc2.o(.text)
    Adc2_Init                                0x08003009   Thumb Code   140  bsp_adc3.o(.text)
    Get_Adc                                  0x08003095   Thumb Code    46  bsp_adc3.o(.text)
    Get_Adc_Average                          0x080030c3   Thumb Code    48  bsp_adc3.o(.text)
    Dac1_Init                                0x080030fd   Thumb Code    94  dac.o(.text)
    Dac1_Set_Vol                             0x0800315b   Thumb Code    80  dac.o(.text)
    avergearray                              0x080031b9   Thumb Code    62  water_ph.o(.text)
    ORP_Value_Conversion                     0x080031f7   Thumb Code    66  water_ph.o(.text)
    ORP_Value_get                            0x08003239   Thumb Code   104  water_ph.o(.text)
    Liquid_Value_Conversion                  0x080032a1   Thumb Code   152  water_ph.o(.text)
    PH_Value_Conversion                      0x08003339   Thumb Code   278  water_ph.o(.text)
    __aeabi_memcpy                           0x080034ad   Thumb Code    36  memcpya.o(.text)
    __aeabi_memcpy4                          0x080034ad   Thumb Code     0  memcpya.o(.text)
    __aeabi_memcpy8                          0x080034ad   Thumb Code     0  memcpya.o(.text)
    __aeabi_memset                           0x080034d1   Thumb Code    14  memseta.o(.text)
    __aeabi_memset4                          0x080034d1   Thumb Code     0  memseta.o(.text)
    __aeabi_memset8                          0x080034d1   Thumb Code     0  memseta.o(.text)
    __aeabi_memclr                           0x080034df   Thumb Code     4  memseta.o(.text)
    __aeabi_memclr4                          0x080034df   Thumb Code     0  memseta.o(.text)
    __aeabi_memclr8                          0x080034df   Thumb Code     0  memseta.o(.text)
    _memset$wrapper                          0x080034e3   Thumb Code    18  memseta.o(.text)
    strstr                                   0x080034f5   Thumb Code    36  strstr.o(.text)
    strlen                                   0x08003519   Thumb Code    14  strlen.o(.text)
    __aeabi_fadd                             0x08003527   Thumb Code   164  fadd.o(.text)
    __aeabi_fsub                             0x080035cb   Thumb Code     6  fadd.o(.text)
    __aeabi_frsub                            0x080035d1   Thumb Code     6  fadd.o(.text)
    __aeabi_fmul                             0x080035d7   Thumb Code   100  fmul.o(.text)
    __aeabi_fdiv                             0x0800363b   Thumb Code   124  fdiv.o(.text)
    __aeabi_dadd                             0x080036b7   Thumb Code   322  dadd.o(.text)
    __aeabi_dsub                             0x080037f9   Thumb Code     6  dadd.o(.text)
    __aeabi_drsub                            0x080037ff   Thumb Code     6  dadd.o(.text)
    __aeabi_dmul                             0x08003805   Thumb Code   228  dmul.o(.text)
    __aeabi_ddiv                             0x080038e9   Thumb Code   222  ddiv.o(.text)
    __aeabi_i2f                              0x080039c7   Thumb Code    18  fflti.o(.text)
    __aeabi_ui2f                             0x080039d9   Thumb Code    10  ffltui.o(.text)
    __aeabi_i2d                              0x080039e3   Thumb Code    34  dflti.o(.text)
    __aeabi_ui2d                             0x08003a05   Thumb Code    26  dfltui.o(.text)
    __aeabi_f2iz                             0x08003a1f   Thumb Code    50  ffixi.o(.text)
    __aeabi_f2uiz                            0x08003a51   Thumb Code    40  ffixui.o(.text)
    __aeabi_f2d                              0x08003a79   Thumb Code    38  f2d.o(.text)
    __aeabi_cdcmpeq                          0x08003aa1   Thumb Code     0  cdcmple.o(.text)
    __aeabi_cdcmple                          0x08003aa1   Thumb Code    48  cdcmple.o(.text)
    __aeabi_cdrcmple                         0x08003ad1   Thumb Code    48  cdrcmple.o(.text)
    __aeabi_d2f                              0x08003b01   Thumb Code    56  d2f.o(.text)
    __aeabi_uidiv                            0x08003b39   Thumb Code     0  uidiv.o(.text)
    __aeabi_uidivmod                         0x08003b39   Thumb Code    44  uidiv.o(.text)
    __aeabi_uldivmod                         0x08003b65   Thumb Code    98  uldiv.o(.text)
    __aeabi_llsl                             0x08003bc7   Thumb Code    30  llshl.o(.text)
    _ll_shift_l                              0x08003bc7   Thumb Code     0  llshl.o(.text)
    __aeabi_lasr                             0x08003be5   Thumb Code    36  llsshr.o(.text)
    _ll_sshift_r                             0x08003be5   Thumb Code     0  llsshr.o(.text)
    __I$use$fp                               0x08003c09   Thumb Code     0  iusefp.o(.text)
    _float_round                             0x08003c09   Thumb Code    18  fepilogue.o(.text)
    _float_epilogue                          0x08003c1b   Thumb Code    92  fepilogue.o(.text)
    _double_round                            0x08003c77   Thumb Code    30  depilogue.o(.text)
    _double_epilogue                         0x08003c95   Thumb Code   156  depilogue.o(.text)
    __aeabi_d2ulz                            0x08003d31   Thumb Code    48  dfixul.o(.text)
    __scatterload                            0x08003d61   Thumb Code    28  init.o(.text)
    __scatterload_rt2                        0x08003d61   Thumb Code     0  init.o(.text)
    __aeabi_llsr                             0x08003d85   Thumb Code    32  llushr.o(.text)
    _ll_ushift_r                             0x08003d85   Thumb Code     0  llushr.o(.text)
    __0printf                                0x08003da5   Thumb Code    22  printfa.o(i.__0printf)
    __1printf                                0x08003da5   Thumb Code     0  printfa.o(i.__0printf)
    __2printf                                0x08003da5   Thumb Code     0  printfa.o(i.__0printf)
    __c89printf                              0x08003da5   Thumb Code     0  printfa.o(i.__0printf)
    printf                                   0x08003da5   Thumb Code     0  printfa.o(i.__0printf)
    __0sprintf                               0x08003dc5   Thumb Code    34  printfa.o(i.__0sprintf)
    __1sprintf                               0x08003dc5   Thumb Code     0  printfa.o(i.__0sprintf)
    __2sprintf                               0x08003dc5   Thumb Code     0  printfa.o(i.__0sprintf)
    __c89sprintf                             0x08003dc5   Thumb Code     0  printfa.o(i.__0sprintf)
    sprintf                                  0x08003dc5   Thumb Code     0  printfa.o(i.__0sprintf)
    __scatterload_copy                       0x08003ded   Thumb Code    14  handlers.o(i.__scatterload_copy)
    __scatterload_null                       0x08003dfb   Thumb Code     2  handlers.o(i.__scatterload_null)
    __scatterload_zeroinit                   0x08003dfd   Thumb Code    14  handlers.o(i.__scatterload_zeroinit)
    Region$$Table$$Base                      0x08004784   Number         0  anon$$obj.o(Region$$Table)
    Region$$Table$$Limit                     0x080047a4   Number         0  anon$$obj.o(Region$$Table)
    SystemCoreClock                          0x20000000   Data           4  system_stm32f10x.o(.data)
    AHBPrescTable                            0x20000004   Data          16  system_stm32f10x.o(.data)
    ADC_ConvertedValueLocal1                 0x20000028   Data           4  main.o(.data)
    ADC_ConvertedValueLocal2                 0x2000002c   Data           4  main.o(.data)
    ADC_ConvertedValueLocal3                 0x20000030   Data           4  main.o(.data)
    ucId                                     0x20000034   Data           1  bsp_esp8266_test.o(.data)
    ucLen                                    0x20000035   Data           1  bsp_esp8266_test.o(.data)
    ucLed1Status                             0x20000036   Data           1  bsp_esp8266_test.o(.data)
    ucLed2Status                             0x20000037   Data           1  bsp_esp8266_test.o(.data)
    ucLed3Status                             0x20000038   Data           1  bsp_esp8266_test.o(.data)
    ucBuzzerStatus                           0x20000039   Data           1  bsp_esp8266_test.o(.data)
    cCh                                      0x2000003a   Data           1  bsp_esp8266_test.o(.data)
    pCh                                      0x2000003c   Data           4  bsp_esp8266_test.o(.data)
    pCh1                                     0x20000040   Data           4  bsp_esp8266_test.o(.data)
    DHT11_Data                               0x20000044   Data           5  bsp_esp8266_test.o(.data)
    ADC_ConvertedValue1                      0x2000004a   Data           2  bsp_adc.o(.data)
    ADC_ConvertedValue3                      0x2000004c   Data           2  bsp_adc2.o(.data)
    ADC_ConvertedValue2                      0x2000004e   Data           2  bsp_adc3.o(.data)
    orpArrayIndex                            0x20000050   Data           4  water_ph.o(.data)
    ORP                                      0x20000054   Data           4  water_ph.o(.data)
    ORP1                                     0x20000058   Data           4  water_ph.o(.data)
    ORP_value                                0x2000005c   Data           4  water_ph.o(.data)
    Liquid_TX                                0x20000060   Data           5  water_ph.o(.data)
    Liquid_Value                             0x20000068   Data           4  water_ph.o(.data)
    PH_Value                                 0x2000006c   Data           4  water_ph.o(.data)
    TX_PH                                    0x20000070   Data           5  water_ph.o(.data)
    __stdout                                 0x20000078   Data           4  stdout.o(.data)
    strEsp8266_Fram_Record                   0x2000007c   Data        1026  bsp_esp8266.o(.bss)
    cStr                                     0x2000047e   Data         100  bsp_esp8266_test.o(.bss)
    orpArray                                 0x200004e4   Data         200  water_ph.o(.bss)
    __initial_sp                             0x200009b0   Data           0  startup_stm32f10x_hd.o(STACK)



==============================================================================

Memory Map of the image

  Image Entry point : 0x08000131

  Load Region LR_IROM1 (Base: 0x08000000, Size: 0x00004820, Max: 0x00080000, ABSOLUTE)

    Execution Region ER_IROM1 (Exec base: 0x08000000, Load base: 0x08000000, Size: 0x000047a4, Max: 0x00080000, ABSOLUTE)

    Exec Addr    Load Addr    Size         Type   Attr      Idx    E Section Name        Object

    0x08000000   0x08000000   0x00000130   Data   RO            3    RESET               startup_stm32f10x_hd.o
    0x08000130   0x08000130   0x00000000   Code   RO          717  * .ARM.Collect$$$$00000000  mc_w.l(entry.o)
    0x08000130   0x08000130   0x00000004   Code   RO         1023    .ARM.Collect$$$$00000001  mc_w.l(entry2.o)
    0x08000134   0x08000134   0x00000004   Code   RO         1026    .ARM.Collect$$$$00000004  mc_w.l(entry5.o)
    0x08000138   0x08000138   0x00000000   Code   RO         1028    .ARM.Collect$$$$00000008  mc_w.l(entry7b.o)
    0x08000138   0x08000138   0x00000000   Code   RO         1030    .ARM.Collect$$$$0000000A  mc_w.l(entry8b.o)
    0x08000138   0x08000138   0x00000008   Code   RO         1031    .ARM.Collect$$$$0000000B  mc_w.l(entry9a.o)
    0x08000140   0x08000140   0x00000000   Code   RO         1033    .ARM.Collect$$$$0000000D  mc_w.l(entry10a.o)
    0x08000140   0x08000140   0x00000000   Code   RO         1035    .ARM.Collect$$$$0000000F  mc_w.l(entry11a.o)
    0x08000140   0x08000140   0x00000004   Code   RO         1024    .ARM.Collect$$$$00002712  mc_w.l(entry2.o)
    0x08000144   0x08000144   0x00000024   Code   RO            4    .text               startup_stm32f10x_hd.o
    0x08000168   0x08000168   0x000001e0   Code   RO           24    .text               system_stm32f10x.o
    0x08000348   0x08000348   0x000000dc   Code   RO           76    .text               misc.o
    0x08000424   0x08000424   0x0000044e   Code   RO           92    .text               stm32f10x_adc.o
    0x08000872   0x08000872   0x00000002   PAD
    0x08000874   0x08000874   0x0000018c   Code   RO          164    .text               stm32f10x_dac.o
    0x08000a00   0x08000a00   0x00000254   Code   RO          191    .text               stm32f10x_dma.o
    0x08000c54   0x08000c54   0x0000035c   Code   RO          248    .text               stm32f10x_gpio.o
    0x08000fb0   0x08000fb0   0x000003a4   Code   RO          305    .text               stm32f10x_rcc.o
    0x08001354   0x08001354   0x00000408   Code   RO          376    .text               stm32f10x_usart.o
    0x0800175c   0x0800175c   0x00000280   Code   RO          403    .text               main.o
    0x080019dc   0x080019dc   0x00000094   Code   RO          467    .text               stm32f10x_it.o
    0x08001a70   0x08001a70   0x000000bc   Code   RO          486    .text               bsp_usart1.o
    0x08001b2c   0x08001b2c   0x0000096c   Code   RO          529    .text               bsp_esp8266.o
    0x08002498   0x08002498   0x00000530   Code   RO          547    .text               bsp_esp8266_test.o
    0x080029c8   0x080029c8   0x00000168   Code   RO          568    .text               common.o
    0x08002b30   0x08002b30   0x00000168   Code   RO          583    .text               bsp_dht11.o
    0x08002c98   0x08002c98   0x00000078   Code   RO          598    .text               bsp_led.o
    0x08002d10   0x08002d10   0x0000003c   Code   RO          610    .text               bsp_beep.o
    0x08002d4c   0x08002d4c   0x0000007c   Code   RO          625    .text               core_delay.o
    0x08002dc8   0x08002dc8   0x00000120   Code   RO          637    .text               bsp_adc.o
    0x08002ee8   0x08002ee8   0x00000120   Code   RO          652    .text               bsp_adc2.o
    0x08003008   0x08003008   0x000000f4   Code   RO          670    .text               bsp_adc3.o
    0x080030fc   0x080030fc   0x000000bc   Code   RO          685    .text               dac.o
    0x080031b8   0x080031b8   0x000002f4   Code   RO          697    .text               water_ph.o
    0x080034ac   0x080034ac   0x00000024   Code   RO          720    .text               mc_w.l(memcpya.o)
    0x080034d0   0x080034d0   0x00000024   Code   RO          722    .text               mc_w.l(memseta.o)
    0x080034f4   0x080034f4   0x00000024   Code   RO          724    .text               mc_w.l(strstr.o)
    0x08003518   0x08003518   0x0000000e   Code   RO          726    .text               mc_w.l(strlen.o)
    0x08003526   0x08003526   0x000000b0   Code   RO          991    .text               mf_w.l(fadd.o)
    0x080035d6   0x080035d6   0x00000064   Code   RO          993    .text               mf_w.l(fmul.o)
    0x0800363a   0x0800363a   0x0000007c   Code   RO          995    .text               mf_w.l(fdiv.o)
    0x080036b6   0x080036b6   0x0000014e   Code   RO          997    .text               mf_w.l(dadd.o)
    0x08003804   0x08003804   0x000000e4   Code   RO          999    .text               mf_w.l(dmul.o)
    0x080038e8   0x080038e8   0x000000de   Code   RO         1001    .text               mf_w.l(ddiv.o)
    0x080039c6   0x080039c6   0x00000012   Code   RO         1003    .text               mf_w.l(fflti.o)
    0x080039d8   0x080039d8   0x0000000a   Code   RO         1005    .text               mf_w.l(ffltui.o)
    0x080039e2   0x080039e2   0x00000022   Code   RO         1007    .text               mf_w.l(dflti.o)
    0x08003a04   0x08003a04   0x0000001a   Code   RO         1009    .text               mf_w.l(dfltui.o)
    0x08003a1e   0x08003a1e   0x00000032   Code   RO         1011    .text               mf_w.l(ffixi.o)
    0x08003a50   0x08003a50   0x00000028   Code   RO         1013    .text               mf_w.l(ffixui.o)
    0x08003a78   0x08003a78   0x00000026   Code   RO         1015    .text               mf_w.l(f2d.o)
    0x08003a9e   0x08003a9e   0x00000002   PAD
    0x08003aa0   0x08003aa0   0x00000030   Code   RO         1017    .text               mf_w.l(cdcmple.o)
    0x08003ad0   0x08003ad0   0x00000030   Code   RO         1019    .text               mf_w.l(cdrcmple.o)
    0x08003b00   0x08003b00   0x00000038   Code   RO         1021    .text               mf_w.l(d2f.o)
    0x08003b38   0x08003b38   0x0000002c   Code   RO         1038    .text               mc_w.l(uidiv.o)
    0x08003b64   0x08003b64   0x00000062   Code   RO         1040    .text               mc_w.l(uldiv.o)
    0x08003bc6   0x08003bc6   0x0000001e   Code   RO         1042    .text               mc_w.l(llshl.o)
    0x08003be4   0x08003be4   0x00000024   Code   RO         1044    .text               mc_w.l(llsshr.o)
    0x08003c08   0x08003c08   0x00000000   Code   RO         1046    .text               mc_w.l(iusefp.o)
    0x08003c08   0x08003c08   0x0000006e   Code   RO         1047    .text               mf_w.l(fepilogue.o)
    0x08003c76   0x08003c76   0x000000ba   Code   RO         1049    .text               mf_w.l(depilogue.o)
    0x08003d30   0x08003d30   0x00000030   Code   RO         1051    .text               mf_w.l(dfixul.o)
    0x08003d60   0x08003d60   0x00000024   Code   RO         1053    .text               mc_w.l(init.o)
    0x08003d84   0x08003d84   0x00000020   Code   RO         1055    .text               mc_w.l(llushr.o)
    0x08003da4   0x08003da4   0x00000020   Code   RO          963    i.__0printf         mc_w.l(printfa.o)
    0x08003dc4   0x08003dc4   0x00000028   Code   RO          965    i.__0sprintf        mc_w.l(printfa.o)
    0x08003dec   0x08003dec   0x0000000e   Code   RO         1059    i.__scatterload_copy  mc_w.l(handlers.o)
    0x08003dfa   0x08003dfa   0x00000002   Code   RO         1060    i.__scatterload_null  mc_w.l(handlers.o)
    0x08003dfc   0x08003dfc   0x0000000e   Code   RO         1061    i.__scatterload_zeroinit  mc_w.l(handlers.o)
    0x08003e0a   0x08003e0a   0x00000002   PAD
    0x08003e0c   0x08003e0c   0x00000184   Code   RO          970    i._fp_digits        mc_w.l(printfa.o)
    0x08003f90   0x08003f90   0x000006dc   Code   RO          971    i._printf_core      mc_w.l(printfa.o)
    0x0800466c   0x0800466c   0x00000024   Code   RO          972    i._printf_post_padding  mc_w.l(printfa.o)
    0x08004690   0x08004690   0x0000002e   Code   RO          973    i._printf_pre_padding  mc_w.l(printfa.o)
    0x080046be   0x080046be   0x0000000a   Code   RO          975    i._sputc            mc_w.l(printfa.o)
    0x080046c8   0x080046c8   0x000000bb   Data   RO          549    .conststring        bsp_esp8266_test.o
    0x08004783   0x08004783   0x00000001   PAD
    0x08004784   0x08004784   0x00000020   Data   RO         1057    Region$$Table       anon$$obj.o


    Execution Region RW_IRAM1 (Exec base: 0x20000000, Load base: 0x080047a4, Size: 0x000009b0, Max: 0x00010000, ABSOLUTE)

    Exec Addr    Load Addr    Size         Type   Attr      Idx    E Section Name        Object

    0x20000000   0x080047a4   0x00000014   Data   RW           25    .data               system_stm32f10x.o
    0x20000014   0x080047b8   0x00000014   Data   RW          306    .data               stm32f10x_rcc.o
    0x20000028   0x080047cc   0x0000000c   Data   RW          404    .data               main.o
    0x20000034   0x080047d8   0x00000015   Data   RW          550    .data               bsp_esp8266_test.o
    0x20000049   0x080047ed   0x00000001   PAD
    0x2000004a   0x080047ee   0x00000002   Data   RW          638    .data               bsp_adc.o
    0x2000004c   0x080047f0   0x00000002   Data   RW          653    .data               bsp_adc2.o
    0x2000004e   0x080047f2   0x00000002   Data   RW          671    .data               bsp_adc3.o
    0x20000050   0x080047f4   0x00000025   Data   RW          699    .data               water_ph.o
    0x20000075   0x08004819   0x00000003   PAD
    0x20000078   0x0800481c   0x00000004   Data   RW         1037    .data               mc_w.l(stdout.o)
    0x2000007c        -       0x00000402   Zero   RW          530    .bss                bsp_esp8266.o
    0x2000047e        -       0x00000064   Zero   RW          548    .bss                bsp_esp8266_test.o
    0x200004e2   0x08004820   0x00000002   PAD
    0x200004e4        -       0x000000c8   Zero   RW          698    .bss                water_ph.o
    0x200005ac   0x08004820   0x00000004   PAD
    0x200005b0        -       0x00000400   Zero   RW            1    STACK               startup_stm32f10x_hd.o


==============================================================================

Image component sizes


      Code (inc. data)   RO Data    RW Data    ZI Data      Debug   Object Name

       288         18          0          2          0       1446   bsp_adc.o
       288         18          0          2          0       1466   bsp_adc2.o
       244         10          0          2          0       1742   bsp_adc3.o
        60          6          0          0          0        596   bsp_beep.o
       360          6          0          0          0       2736   bsp_dht11.o
      2412        660          0          0       1026      10054   bsp_esp8266.o
      1328        482        187         21        100       2272   bsp_esp8266_test.o
       120          6          0          0          0        623   bsp_led.o
       188         10          0          0          0       1012   bsp_usart1.o
       360          0          0          0          0       2323   common.o
         0          0          0          0          0       4508   core_cm3.o
       124         16          0          0          0        934   core_delay.o
       188         14          0          0          0        785   dac.o
       640        240          0         12          0       4176   main.o
       220         22          0          0          0       1809   misc.o
        36          8        304          0       1024        860   startup_stm32f10x_hd.o
      1102         26          0          0          0      11049   stm32f10x_adc.o
       396          6          0          0          0       3670   stm32f10x_dac.o
       596          8          0          0          0       4374   stm32f10x_dma.o
       860         38          0          0          0       5737   stm32f10x_gpio.o
       148         10          0          0          0       1460   stm32f10x_it.o
       932         36          0         20          0       8916   stm32f10x_rcc.o
      1032         22          0          0          0       8468   stm32f10x_usart.o
       480         38          0         20          0     253487   system_stm32f10x.o
       756         94          0         37        200       2601   water_ph.o

    ----------------------------------------------------------------------
     13160       1794        524        120       2356     337104   Object Totals
         0          0         32          0          0          0   (incl. Generated)
         2          0          1          4          6          0   (incl. Padding)

    ----------------------------------------------------------------------

      Code (inc. data)   RO Data    RW Data    ZI Data      Debug   Library Member Name

         0          0          0          0          0          0   entry.o
         0          0          0          0          0          0   entry10a.o
         0          0          0          0          0          0   entry11a.o
         8          4          0          0          0          0   entry2.o
         4          0          0          0          0          0   entry5.o
         0          0          0          0          0          0   entry7b.o
         0          0          0          0          0          0   entry8b.o
         8          4          0          0          0          0   entry9a.o
        30          0          0          0          0          0   handlers.o
        36          8          0          0          0         68   init.o
         0          0          0          0          0          0   iusefp.o
        30          0          0          0          0         68   llshl.o
        36          0          0          0          0         68   llsshr.o
        32          0          0          0          0         68   llushr.o
        36          0          0          0          0         68   memcpya.o
        36          0          0          0          0        108   memseta.o
      2308         96          0          0          0        604   printfa.o
         0          0          0          4          0          0   stdout.o
        14          0          0          0          0         68   strlen.o
        36          0          0          0          0         80   strstr.o
        44          0          0          0          0         80   uidiv.o
        98          0          0          0          0         92   uldiv.o
        48          0          0          0          0         68   cdcmple.o
        48          0          0          0          0         68   cdrcmple.o
        56          0          0          0          0         88   d2f.o
       334          0          0          0          0        148   dadd.o
       222          0          0          0          0        100   ddiv.o
       186          0          0          0          0        176   depilogue.o
        48          0          0          0          0         68   dfixul.o
        34          0          0          0          0         76   dflti.o
        26          0          0          0          0         76   dfltui.o
       228          0          0          0          0         96   dmul.o
        38          0          0          0          0         68   f2d.o
       176          0          0          0          0        140   fadd.o
       124          0          0          0          0         88   fdiv.o
       110          0          0          0          0        168   fepilogue.o
        50          0          0          0          0         68   ffixi.o
        40          0          0          0          0         68   ffixui.o
        18          0          0          0          0         68   fflti.o
        10          0          0          0          0         68   ffltui.o
       100          0          0          0          0         76   fmul.o

    ----------------------------------------------------------------------
      4656        112          0          4          0       3148   Library Totals
         4          0          0          0          0          0   (incl. Padding)

    ----------------------------------------------------------------------

      Code (inc. data)   RO Data    RW Data    ZI Data      Debug   Library Name

      2756        112          0          4          0       1372   mc_w.l
      1896          0          0          0          0       1776   mf_w.l

    ----------------------------------------------------------------------
      4656        112          0          4          0       3148   Library Totals

    ----------------------------------------------------------------------

==============================================================================


      Code (inc. data)   RO Data    RW Data    ZI Data      Debug   

     17816       1906        524        124       2356     336764   Grand Totals
     17816       1906        524        124       2356     336764   ELF Image Totals
     17816       1906        524        124          0          0   ROM Totals

==============================================================================

    Total RO  Size (Code + RO Data)                18340 (  17.91kB)
    Total RW  Size (RW Data + ZI Data)              2480 (   2.42kB)
    Total ROM Size (Code + RO Data + RW Data)      18464 (  18.03kB)

==============================================================================

